Archive member included because of file (symbol)

/OPT/altera/12.1/nios2eds/bin/gnu/H-i686-pc-linux-gnu/bin/../lib/gcc/nios2-elf/4.1.2/../../../../nios2-elf/lib/libc.a(lib_a-malloc.o)
                              obj/default/main.o (free)
/OPT/altera/12.1/nios2eds/bin/gnu/H-i686-pc-linux-gnu/bin/../lib/gcc/nios2-elf/4.1.2/../../../../nios2-elf/lib/libc.a(lib_a-mallocr.o)
                              /OPT/altera/12.1/nios2eds/bin/gnu/H-i686-pc-linux-gnu/bin/../lib/gcc/nios2-elf/4.1.2/../../../../nios2-elf/lib/libc.a(lib_a-malloc.o) (_malloc_r)
/OPT/altera/12.1/nios2eds/bin/gnu/H-i686-pc-linux-gnu/bin/../lib/gcc/nios2-elf/4.1.2/../../../../nios2-elf/lib/libc.a(lib_a-printf.o)
                              obj/default/main.o (printf)
/OPT/altera/12.1/nios2eds/bin/gnu/H-i686-pc-linux-gnu/bin/../lib/gcc/nios2-elf/4.1.2/../../../../nios2-elf/lib/libc.a(lib_a-putchar.o)
                              obj/default/uart.o (putchar)
/OPT/altera/12.1/nios2eds/bin/gnu/H-i686-pc-linux-gnu/bin/../lib/gcc/nios2-elf/4.1.2/../../../../nios2-elf/lib/libc.a(lib_a-puts.o)
                              obj/default/main.o (puts)
/OPT/altera/12.1/nios2eds/bin/gnu/H-i686-pc-linux-gnu/bin/../lib/gcc/nios2-elf/4.1.2/../../../../nios2-elf/lib/libc.a(lib_a-sbrkr.o)
                              /OPT/altera/12.1/nios2eds/bin/gnu/H-i686-pc-linux-gnu/bin/../lib/gcc/nios2-elf/4.1.2/../../../../nios2-elf/lib/libc.a(lib_a-mallocr.o) (_sbrk_r)
/OPT/altera/12.1/nios2eds/bin/gnu/H-i686-pc-linux-gnu/bin/../lib/gcc/nios2-elf/4.1.2/../../../../nios2-elf/lib/libc.a(lib_a-sprintf.o)
                              obj/default/main.o (sprintf)
/OPT/altera/12.1/nios2eds/bin/gnu/H-i686-pc-linux-gnu/bin/../lib/gcc/nios2-elf/4.1.2/../../../../nios2-elf/lib/libc.a(lib_a-sscanf.o)
                              obj/default/command.o (sscanf)
/OPT/altera/12.1/nios2eds/bin/gnu/H-i686-pc-linux-gnu/bin/../lib/gcc/nios2-elf/4.1.2/../../../../nios2-elf/lib/libc.a(lib_a-strlen.o)
                              /OPT/altera/12.1/nios2eds/bin/gnu/H-i686-pc-linux-gnu/bin/../lib/gcc/nios2-elf/4.1.2/../../../../nios2-elf/lib/libc.a(lib_a-puts.o) (strlen)
/OPT/altera/12.1/nios2eds/bin/gnu/H-i686-pc-linux-gnu/bin/../lib/gcc/nios2-elf/4.1.2/../../../../nios2-elf/lib/libc.a(lib_a-strncmp.o)
                              obj/default/command.o (strncmp)
/OPT/altera/12.1/nios2eds/bin/gnu/H-i686-pc-linux-gnu/bin/../lib/gcc/nios2-elf/4.1.2/../../../../nios2-elf/lib/libc.a(lib_a-vfprintf.o)
                              /OPT/altera/12.1/nios2eds/bin/gnu/H-i686-pc-linux-gnu/bin/../lib/gcc/nios2-elf/4.1.2/../../../../nios2-elf/lib/libc.a(lib_a-printf.o) (___vfprintf_internal_r)
/OPT/altera/12.1/nios2eds/bin/gnu/H-i686-pc-linux-gnu/bin/../lib/gcc/nios2-elf/4.1.2/../../../../nios2-elf/lib/libc.a(lib_a-vfscanf.o)
                              /OPT/altera/12.1/nios2eds/bin/gnu/H-i686-pc-linux-gnu/bin/../lib/gcc/nios2-elf/4.1.2/../../../../nios2-elf/lib/libc.a(lib_a-sscanf.o) (__svfscanf_r)
/OPT/altera/12.1/nios2eds/bin/gnu/H-i686-pc-linux-gnu/bin/../lib/gcc/nios2-elf/4.1.2/../../../../nios2-elf/lib/libc.a(lib_a-wsetup.o)
                              /OPT/altera/12.1/nios2eds/bin/gnu/H-i686-pc-linux-gnu/bin/../lib/gcc/nios2-elf/4.1.2/../../../../nios2-elf/lib/libc.a(lib_a-vfprintf.o) (__swsetup_r)
/OPT/altera/12.1/nios2eds/bin/gnu/H-i686-pc-linux-gnu/bin/../lib/gcc/nios2-elf/4.1.2/../../../../nios2-elf/lib/libc.a(lib_a-ctype_.o)
                              /OPT/altera/12.1/nios2eds/bin/gnu/H-i686-pc-linux-gnu/bin/../lib/gcc/nios2-elf/4.1.2/../../../../nios2-elf/lib/libc.a(lib_a-vfscanf.o) (__ctype_ptr)
/OPT/altera/12.1/nios2eds/bin/gnu/H-i686-pc-linux-gnu/bin/../lib/gcc/nios2-elf/4.1.2/../../../../nios2-elf/lib/libc.a(lib_a-dtoa.o)
                              /OPT/altera/12.1/nios2eds/bin/gnu/H-i686-pc-linux-gnu/bin/../lib/gcc/nios2-elf/4.1.2/../../../../nios2-elf/lib/libc.a(lib_a-vfprintf.o) (_dtoa_r)
/OPT/altera/12.1/nios2eds/bin/gnu/H-i686-pc-linux-gnu/bin/../lib/gcc/nios2-elf/4.1.2/../../../../nios2-elf/lib/libc.a(lib_a-fflush.o)
                              /OPT/altera/12.1/nios2eds/bin/gnu/H-i686-pc-linux-gnu/bin/../lib/gcc/nios2-elf/4.1.2/../../../../nios2-elf/lib/libc.a(lib_a-vfprintf.o) (_fflush_r)
/OPT/altera/12.1/nios2eds/bin/gnu/H-i686-pc-linux-gnu/bin/../lib/gcc/nios2-elf/4.1.2/../../../../nios2-elf/lib/libc.a(lib_a-findfp.o)
                              /OPT/altera/12.1/nios2eds/bin/gnu/H-i686-pc-linux-gnu/bin/../lib/gcc/nios2-elf/4.1.2/../../../../nios2-elf/lib/libc.a(lib_a-vfprintf.o) (__sinit)
/OPT/altera/12.1/nios2eds/bin/gnu/H-i686-pc-linux-gnu/bin/../lib/gcc/nios2-elf/4.1.2/../../../../nios2-elf/lib/libc.a(lib_a-fread.o)
                              /OPT/altera/12.1/nios2eds/bin/gnu/H-i686-pc-linux-gnu/bin/../lib/gcc/nios2-elf/4.1.2/../../../../nios2-elf/lib/libc.a(lib_a-vfscanf.o) (fread)
/OPT/altera/12.1/nios2eds/bin/gnu/H-i686-pc-linux-gnu/bin/../lib/gcc/nios2-elf/4.1.2/../../../../nios2-elf/lib/libc.a(lib_a-freer.o)
[...]
Memory Configuration

Name             Origin             Length             Attributes
sdram_0          0x00800000         0x00800000
sram_0           0x01080000         0x00080000
reset            0x01104000         0x00000020
onchip_memory2_0 0x01104020         0x00003fe0
descriptor_memory 0x01108000         0x00001000
*default*        0x00000000         0xffffffff

Linker script and memory map

LOAD ../TiltMazeController_bsp//obj/HAL/src/crt0.o
LOAD obj/default/command.o
LOAD obj/default/main.o
LOAD obj/default/uart.o
LOAD /OPT/altera/12.1/nios2eds/bin/gnu/H-i686-pc-linux-gnu/bin/../lib/gcc/nios2-elf/4.1.2/../../../../nios2-elf/lib/libstdc++.a
LOAD /OPT/altera/12.1/nios2eds/bin/gnu/H-i686-pc-linux-gnu/bin/../lib/gcc/nios2-elf/4.1.2/../../../../nios2-elf/lib/libm.a
LOAD /OPT/altera/12.1/nios2eds/bin/gnu/H-i686-pc-linux-gnu/bin/../lib/gcc/nios2-elf/4.1.2/libgcc.a
START GROUP
LOAD /OPT/altera/12.1/nios2eds/bin/gnu/H-i686-pc-linux-gnu/bin/../lib/gcc/nios2-elf/4.1.2/../../../../nios2-elf/lib/libc.a
LOAD /OPT/altera/12.1/nios2eds/bin/gnu/H-i686-pc-linux-gnu/bin/../lib/gcc/nios2-elf/4.1.2/libgcc.a
LOAD ../TiltMazeController_bsp//libucosii_bsp.a
END GROUP
LOAD /OPT/altera/12.1/nios2eds/bin/gnu/H-i686-pc-linux-gnu/bin/../lib/gcc/nios2-elf/4.1.2/libgcc.a
                0x00800000                __alt_mem_sdram_0 = 0x800000
                0x01080000                __alt_mem_sram_0 = 0x1080000
                0x01104000                __alt_mem_onchip_memory2_0 = 0x1104000
                0x01108000                __alt_mem_descriptor_memory = 0x1108000

.entry          0x01104000       0x20
 *(.entry)
 .entry         0x01104000       0x20 ../TiltMazeController_bsp//obj/HAL/src/crt0.o
                0x01104000                __reset

.exceptions     0x01104020      0x1a0 load address 0x00800000
                0x01104020                PROVIDE (__ram_exceptions_start, ABSOLUTE (.))
                0x01104020                . = ALIGN (0x20)
 *(.irq)
 *(.exceptions.entry.label)
 .exceptions.entry.label
                0x01104020        0x0 ../TiltMazeController_bsp//libucosii_bsp.a(alt_irq_entry.o)
                0x01104020                alt_irq_entry
 .exceptions.entry.label
                0x01104020        0x0 ../TiltMazeController_bsp//libucosii_bsp.a(alt_exception_entry.o)
                0x01104020                alt_exception
 *(.exceptions.entry.user)
 *(.exceptions.entry)
 .exceptions.entry
                0x01104020       0x54 ../TiltMazeController_bsp//libucosii_bsp.a(alt_exception_entry.o)
 *(.exceptions.irqtest.user)
 *(.exceptions.irqtest)
 .exceptions.irqtest
                0x01104074       0x10 ../TiltMazeController_bsp//libucosii_bsp.a(alt_irq_entry.o)
 *(.exceptions.irqhandler.user)
 *(.exceptions.irqhandler)
 .exceptions.irqhandler
                0x01104084        0x4 ../TiltMazeController_bsp//libucosii_bsp.a(alt_irq_entry.o)
 *(.exceptions.irqreturn.user)
 *(.exceptions.irqreturn)
 .exceptions.irqreturn
                0x01104088        0x4 ../TiltMazeController_bsp//libucosii_bsp.a(alt_irq_entry.o)
 *(.exceptions.notirq.label)
 .exceptions.notirq.label
                0x0110408c        0x0 ../TiltMazeController_bsp//libucosii_bsp.a(alt_irq_entry.o)
 *(.exceptions.notirq.user)
 *(.exceptions.notirq)
 .exceptions.notirq
                0x0110408c        0x8 ../TiltMazeController_bsp//libucosii_bsp.a(alt_exception_entry.o)
 *(.exceptions.soft.user)
 *(.exceptions.soft)
 *(.exceptions.unknown.user)
 *(.exceptions.unknown)
 .exceptions.unknown
                0x01104094        0x4 ../TiltMazeController_bsp//libucosii_bsp.a(alt_exception_entry.o)
 *(.exceptions.exit.label)
 .exceptions.exit.label
                0x01104098        0x0 ../TiltMazeController_bsp//libucosii_bsp.a(alt_irq_entry.o)
 .exceptions.exit.label
                0x01104098        0x0 ../TiltMazeController_bsp//libucosii_bsp.a(alt_exception_entry.o)
 *(.exceptions.exit.user)
 *(.exceptions.exit)
 .exceptions.exit
                0x01104098       0x54 ../TiltMazeController_bsp//libucosii_bsp.a(alt_exception_entry.o)
 *(.exceptions)
 .exceptions    0x011040ec       0xd4 ../TiltMazeController_bsp//libucosii_bsp.a(alt_irq_handler.o)
                0x011040ec                alt_irq_handler
                0x011041c0                PROVIDE (__ram_exceptions_end, ABSOLUTE (.))
                0x00800000                PROVIDE (__flash_exceptions_start, LOADADDR (.exceptions))

.text           0x008001a0    0x1b924
                0x008001a0                PROVIDE (stext, ABSOLUTE (.))
 *(.interp)
 *(.hash)
 *(.dynsym)
 *(.dynstr)
 *(.gnu.version)
 *(.gnu.version_d)
 *(.gnu.version_r)
 *(.rel.init)
 *(.rela.init)
 *(.rel.text .rel.text.* .rel.gnu.linkonce.t.*)
 *(.rela.text .rela.text.* .rela.gnu.linkonce.t.*)
 *(.rel.fini)
 *(.rela.fini)
 *(.rel.rodata .rel.rodata.* .rel.gnu.linkonce.r.*)
 *(.rela.rodata .rela.rodata.* .rela.gnu.linkonce.r.*)
 *(.rel.data .rel.data.* .rel.gnu.linkonce.d.*)
 *(.rela.data .rela.data.* .rela.gnu.linkonce.d.*)
 *(.rel.tdata .rel.tdata.* .rel.gnu.linkonce.td.*)
 *(.rela.tdata .rela.tdata.* .rela.gnu.linkonce.td.*)
 *(.rel.tbss .rel.tbss.* .rel.gnu.linkonce.tb.*)
 *(.rela.tbss .rela.tbss.* .rela.gnu.linkonce.tb.*)
 *(.rel.ctors)
 *(.rela.ctors)
 *(.rel.dtors)
 *(.rela.dtors)
 *(.rel.got)
 *(.rela.got)
 *(.rel.sdata .rel.sdata.* .rel.gnu.linkonce.s.*)
 *(.rela.sdata .rela.sdata.* .rela.gnu.linkonce.s.*)
 *(.rel.sbss .rel.sbss.* .rel.gnu.linkonce.sb.*)
 *(.rela.sbss .rela.sbss.* .rela.gnu.linkonce.sb.*)
 *(.rel.sdata2 .rel.sdata2.* .rel.gnu.linkonce.s2.*)
 *(.rela.sdata2 .rela.sdata2.* .rela.gnu.linkonce.s2.*)
 *(.rel.sbss2 .rel.sbss2.* .rel.gnu.linkonce.sb2.*)
 *(.rela.sbss2 .rela.sbss2.* .rela.gnu.linkonce.sb2.*)
 *(.rel.bss .rel.bss.* .rel.gnu.linkonce.b.*)
 *(.rela.bss .rela.bss.* .rela.gnu.linkonce.b.*)
 *(.rel.plt)
 *(.rela.plt)
 *(.rel.dyn)
 *(.init)
 *(.plt)
 *(.text .stub .text.* .gnu.linkonce.t.*)
 .text          0x008001a0       0x4c ../TiltMazeController_bsp//obj/HAL/src/crt0.o
                0x008001a0                _start
 .text          0x008001ec      0x18c obj/default/command.o
                0x008001ec                process_cmd_buf
                0x00800330                get_arg
 .text          0x00800378      0x284 obj/default/main.o
                0x00800378                maintask
                0x00800528                main
 .text          0x008005fc      0x434 obj/default/uart.o
                0x008005fc                uart_init
                0x00800644                uarttask
                0x00800924                uart_write
 .text          0x00800a30       0x28 /OPT/altera/12.1/nios2eds/bin/gnu/H-i686-pc-linux-gnu/bin/../lib/gcc/nios2-elf/4.1.2/../../../../nios2-elf/lib/libc.a(lib_a-malloc.o)
                0x00800a30                free
                0x00800a44                malloc
 .text          0x00800a58      0x740 /OPT/altera/12.1/nios2eds/bin/gnu/H-i686-pc-linux-gnu/bin/../lib/gcc/nios2-elf/4.1.2/../../../../nios2-elf/lib/libc.a(lib_a-mallocr.o)
                0x00800a58                _malloc_r
 .text          0x00801198       0x78 /OPT/altera/12.1/nios2eds/bin/gnu/H-i686-pc-linux-gnu/bin/../lib/gcc/nios2-elf/4.1.2/../../../../nios2-elf/lib/libc.a(lib_a-printf.o)
                0x00801198                printf
                0x008011dc                _printf_r
 .text          0x00801210       0x24 /OPT/altera/12.1/nios2eds/bin/gnu/H-i686-pc-linux-gnu/bin/../lib/gcc/nios2-elf/4.1.2/../../../../nios2-elf/lib/libc.a(lib_a-putchar.o)
                0x00801210                putchar
                0x0080122c                _putchar_r
 .text          0x00801234       0xb4 /OPT/altera/12.1/nios2eds/bin/gnu/H-i686-pc-linux-gnu/bin/../lib/gcc/nios2-elf/4.1.2/../../../../nios2-elf/lib/libc.a(lib_a-puts.o)
                0x00801234                _puts_r
                0x008012d4                puts
 .text          0x008012e8       0x70 /OPT/altera/12.1/nios2eds/bin/gnu/H-i686-pc-linux-gnu/bin/../lib/gcc/nios2-elf/4.1.2/../../../../nios2-elf/lib/libc.a(lib_a-sbrkr.o)
                0x008012e8                _sbrk_r
 .text          0x00801358       0xd4 /OPT/altera/12.1/nios2eds/bin/gnu/H-i686-pc-linux-gnu/bin/../lib/gcc/nios2-elf/4.1.2/../../../../nios2-elf/lib/libc.a(lib_a-sprintf.o)
                0x00801358                sprintf
                0x008013cc                _sprintf_r
 .text          0x0080142c      0x114 /OPT/altera/12.1/nios2eds/bin/gnu/H-i686-pc-linux-gnu/bin/../lib/gcc/nios2-elf/4.1.2/../../../../nios2-elf/lib/libc.a(lib_a-sscanf.o)
                0x00801434                _sscanf_r
                0x008014bc                sscanf
 .text          0x00801540       0x74 /OPT/altera/12.1/nios2eds/bin/gnu/H-i686-pc-linux-gnu/bin/../lib/gcc/nios2-elf/4.1.2/../../../../nios2-elf/lib/libc.a(lib_a-strlen.o)
                0x00801540                strlen
 .text          0x008015b4       0xf0 /OPT/altera/12.1/nios2eds/bin/gnu/H-i686-pc-linux-gnu/bin/../lib/gcc/nios2-elf/4.1.2/../../../../nios2-elf/lib/libc.a(lib_a-strncmp.o)
                0x008015b4                strncmp
 .text          0x008016a4     0x1f28 /OPT/altera/12.1/nios2eds/bin/gnu/H-i686-pc-linux-gnu/bin/../lib/gcc/nios2-elf/4.1.2/../../../../nios2-elf/lib/libc.a(lib_a-vfprintf.o)
                0x008016fc                ___vfprintf_internal_r
                0x008035a8                __vfprintf_internal
 .text          0x008035cc     0x1780 /OPT/altera/12.1/nios2eds/bin/gnu/H-i686-pc-linux-gnu/bin/../lib/gcc/nios2-elf/4.1.2/../../../../nios2-elf/lib/libc.a(lib_a-vfscanf.o)
                0x008035cc                __svfscanf_r
                0x00804c4c                __svfscanf
                0x00804c70                _vfscanf_r
                0x00804cd8                vfscanf
 .text          0x00804d4c      0x13c /OPT/altera/12.1/nios2eds/bin/gnu/H-i686-pc-linux-gnu/bin/../lib/gcc/nios2-elf/4.1.2/../../../../nios2-elf/lib/libc.a(lib_a-wsetup.o)
                0x00804d4c                __swsetup_r
 .text          0x00804e88        0x0 /OPT/altera/12.1/nios2eds/bin/gnu/H-i686-pc-linux-gnu/bin/../lib/gcc/nios2-elf/4.1.2/../../../../nios2-elf/lib/libc.a(lib_a-ctype_.o)
 .text          0x00804e88     0x17cc /OPT/altera/12.1/nios2eds/bin/gnu/H-i686-pc-linux-gnu/bin/../lib/gcc/nios2-elf/4.1.2/../../../../nios2-elf/lib/libc.a(lib_a-dtoa.o)
                0x008050a0                _dtoa_r
 .text          0x00806654      0x230 /OPT/altera/12.1/nios2eds/bin/gnu/H-i686-pc-linux-gnu/bin/../lib/gcc/nios2-elf/4.1.2/../../../../nios2-elf/lib/libc.a(lib_a-fflush.o)
                0x00806654                _fflush_r
                0x00806850                fflush
 .text          0x00806884      0x2c0 /OPT/altera/12.1/nios2eds/bin/gnu/H-i686-pc-linux-gnu/bin/../lib/gcc/nios2-elf/4.1.2/../../../../nios2-elf/lib/libc.a(lib_a-findfp.o)
                0x008068dc                __sfp_lock_acquire
                0x008068e0                __sfp_lock_release
                0x008068e4                __sinit_lock_acquire
                0x008068e8                __sinit_lock_release
                0x008068ec                __sinit
                0x008069a0                __fp_unlock_all
                0x008069b8                __fp_lock_all
                0x008069d0                _cleanup_r
                0x008069dc                _cleanup
                0x008069ec                __sfmoreglue
                0x00806a54                __sfp
 .text          0x00806b44      0x23c /OPT/altera/12.1/nios2eds/bin/gnu/H-i686-pc-linux-gnu/bin/../lib/gcc/nios2-elf/4.1.2/../../../../nios2-elf/lib/libc.a(lib_a-fread.o)
                0x00806b44                _fread_r
                0x00806d40                fread
 .text          0x00806d80      0x440 /OPT/altera/12.1/nios2eds/bin/gnu/H-i686-pc-linux-gnu/bin/../lib/gcc/nios2-elf/4.1.2/../../../../nios2-elf/lib/libc.a(lib_a-freer.o)
                0x00806d80                _malloc_trim_r
                0x00806eac                _free_r
 .text          0x008071c0      0x49c /OPT/altera/12.1/nios2eds/bin/gnu/H-i686-pc-linux-gnu/bin/../lib/gcc/nios2-elf/4.1.2/../../../../nios2-elf/lib/libc.a(lib_a-fvwrite.o)
                0x008071c0                __sfvwrite_r
 .text          0x0080765c      0x180 /OPT/altera/12.1/nios2eds/bin/gnu/H-i686-pc-linux-gnu/bin/../lib/gcc/nios2-elf/4.1.2/../../../../nios2-elf/lib/libc.a(lib_a-fwalk.o)
                0x0080765c                _fwalk_reent
                0x00807724                _fwalk
 .text          0x008077dc        0x0 /OPT/altera/12.1/nios2eds/bin/gnu/H-i686-pc-linux-gnu/bin/../lib/gcc/nios2-elf/4.1.2/../../../../nios2-elf/lib/libc.a(lib_a-impure.o)
 .text          0x008077dc        0x0 /OPT/altera/12.1/nios2eds/bin/gnu/H-i686-pc-linux-gnu/bin/../lib/gcc/nios2-elf/4.1.2/../../../../nios2-elf/lib/libc.a(lib_a-int_errno.o)
 .text          0x008077dc       0x2c /OPT/altera/12.1/nios2eds/bin/gnu/H-i686-pc-linux-gnu/bin/../lib/gcc/nios2-elf/4.1.2/../../../../nios2-elf/lib/libc.a(lib_a-iswspace.o)
                0x008077dc                iswspace
 .text          0x00807808       0xc4 /OPT/altera/12.1/nios2eds/bin/gnu/H-i686-pc-linux-gnu/bin/../lib/gcc/nios2-elf/4.1.2/../../../../nios2-elf/lib/libc.a(lib_a-locale.o)
                0x00807808                __locale_charset
                0x00807810                _localeconv_r
                0x0080781c                localeconv
                0x0080782c                _setlocale_r
                0x008078b0                setlocale
 .text          0x008078cc      0x194 /OPT/altera/12.1/nios2eds/bin/gnu/H-i686-pc-linux-gnu/bin/../lib/gcc/nios2-elf/4.1.2/../../../../nios2-elf/lib/libc.a(lib_a-makebuf.o)
                0x008078cc                __smakebuf_r
 .text          0x00807a60       0xc0 /OPT/altera/12.1/nios2eds/bin/gnu/H-i686-pc-linux-gnu/bin/../lib/gcc/nios2-elf/4.1.2/../../../../nios2-elf/lib/libc.a(lib_a-mbrtowc.o)
                0x00807a60                _mbrtowc_r
                0x00807ae0                mbrtowc
 .text          0x00807b20       0x40 /OPT/altera/12.1/nios2eds/bin/gnu/H-i686-pc-linux-gnu/bin/../lib/gcc/nios2-elf/4.1.2/../../../../nios2-elf/lib/libc.a(lib_a-mbtowc_r.o)
                0x00807b20                _mbtowc_r
 .text          0x00807b60       0xe4 /OPT/altera/12.1/nios2eds/bin/gnu/H-i686-pc-linux-gnu/bin/../lib/gcc/nios2-elf/4.1.2/../../../../nios2-elf/lib/libc.a(lib_a-memchr.o)
                0x00807b60                memchr
 .text          0x00807c44       0xa0 /OPT/altera/12.1/nios2eds/bin/gnu/H-i686-pc-linux-gnu/bin/../lib/gcc/nios2-elf/4.1.2/../../../../nios2-elf/lib/libc.a(lib_a-memcpy.o)
                0x00807c44                memcpy
 .text          0x00807ce4       0xe0 /OPT/altera/12.1/nios2eds/bin/gnu/H-i686-pc-linux-gnu/bin/../lib/gcc/nios2-elf/4.1.2/../../../../nios2-elf/lib/libc.a(lib_a-memmove.o)
                0x00807ce4                memmove
 .text          0x00807dc4       0x98 /OPT/altera/12.1/nios2eds/bin/gnu/H-i686-pc-linux-gnu/bin/../lib/gcc/nios2-elf/4.1.2/../../../../nios2-elf/lib/libc.a(lib_a-memset.o)
                0x00807dc4                memset
 .text          0x00807e5c      0xff4 /OPT/altera/12.1/nios2eds/bin/gnu/H-i686-pc-linux-gnu/bin/../lib/gcc/nios2-elf/4.1.2/../../../../nios2-elf/lib/libc.a(lib_a-mprec.o)
                0x00807e5c                _Bfree
                0x00807e84                __hi0bits
                0x00807ef4                __lo0bits
                0x00807fb8                __mcmp
                0x00808018                __ulp
                0x00808098                __b2d
                0x008081b8                __ratio
                0x00808268                _mprec_log10
                0x008082fc                __copybits
                0x00808354                __any_on
                0x008083dc                _Balloc
                0x00808498                __d2b
                0x00808614                __mdiff
                0x008087a0                __lshift
                0x008088ec                __multiply
                0x00808ad4                __i2b
                0x00808b10                __multadd
                0x00808c10                __pow5mult
                0x00808d30                __s2b
 .text          0x00808e50      0x1ec /OPT/altera/12.1/nios2eds/bin/gnu/H-i686-pc-linux-gnu/bin/../lib/gcc/nios2-elf/4.1.2/../../../../nios2-elf/lib/libc.a(lib_a-putc.o)
                0x00808e50                putc
                0x00808f54                _putc_r
 .text          0x0080903c      0x5f4 /OPT/altera/12.1/nios2eds/bin/gnu/H-i686-pc-linux-gnu/bin/../lib/gcc/nios2-elf/4.1.2/../../../../nios2-elf/lib/libc.a(lib_a-reallocr.o)
                0x0080903c                _realloc_r
 .text          0x00809630      0x1e0 /OPT/altera/12.1/nios2eds/bin/gnu/H-i686-pc-linux-gnu/bin/../lib/gcc/nios2-elf/4.1.2/../../../../nios2-elf/lib/libc.a(lib_a-refill.o)
                0x00809630                __srefill_r
 .text          0x00809810       0x40 /OPT/altera/12.1/nios2eds/bin/gnu/H-i686-pc-linux-gnu/bin/../lib/gcc/nios2-elf/4.1.2/../../../../nios2-elf/lib/libc.a(lib_a-s_isinfd.o)
                0x00809810                __isinfd
 .text          0x00809850       0x30 /OPT/altera/12.1/nios2eds/bin/gnu/H-i686-pc-linux-gnu/bin/../lib/gcc/nios2-elf/4.1.2/../../../../nios2-elf/lib/libc.a(lib_a-s_isnand.o)
                0x00809850                __isnand
 .text          0x00809880       0xc0 /OPT/altera/12.1/nios2eds/bin/gnu/H-i686-pc-linux-gnu/bin/../lib/gcc/nios2-elf/4.1.2/../../../../nios2-elf/lib/libc.a(lib_a-sccl.o)
                0x00809880                __sccl
 .text          0x00809940        0x8 /OPT/altera/12.1/nios2eds/bin/gnu/H-i686-pc-linux-gnu/bin/../lib/gcc/nios2-elf/4.1.2/../../../../nios2-elf/lib/libc.a(lib_a-sf_nan.o)
                0x00809940                nanf
 .text          0x00809948      0x14c /OPT/altera/12.1/nios2eds/bin/gnu/H-i686-pc-linux-gnu/bin/../lib/gcc/nios2-elf/4.1.2/../../../../nios2-elf/lib/libc.a(lib_a-stdio.o)
                0x00809948                __sclose
                0x00809950                __sseek
                0x008099b8                __swrite
                0x00809a34                __sread
 .text          0x00809a94       0xbc /OPT/altera/12.1/nios2eds/bin/gnu/H-i686-pc-linux-gnu/bin/../lib/gcc/nios2-elf/4.1.2/../../../../nios2-elf/lib/libc.a(lib_a-strcmp.o)
                0x00809a94                strcmp
 .text          0x00809b50     0x166c /OPT/altera/12.1/nios2eds/bin/gnu/H-i686-pc-linux-gnu/bin/../lib/gcc/nios2-elf/4.1.2/../../../../nios2-elf/lib/libc.a(lib_a-strtod.o)
                0x00809b98                _strtod_r
                0x0080b07c                strtof
                0x0080b1a0                strtod
 .text          0x0080b1bc      0x268 /OPT/altera/12.1/nios2eds/bin/gnu/H-i686-pc-linux-gnu/bin/../lib/gcc/nios2-elf/4.1.2/../../../../nios2-elf/lib/libc.a(lib_a-strtol.o)
                0x0080b1bc                _strtol_r
                0x0080b400                strtol
 .text          0x0080b424      0x318 /OPT/altera/12.1/nios2eds/bin/gnu/H-i686-pc-linux-gnu/bin/../lib/gcc/nios2-elf/4.1.2/../../../../nios2-elf/lib/libc.a(lib_a-strtoll_r.o)
                0x0080b424                _strtoll_r
 .text          0x0080b73c      0x254 /OPT/altera/12.1/nios2eds/bin/gnu/H-i686-pc-linux-gnu/bin/../lib/gcc/nios2-elf/4.1.2/../../../../nios2-elf/lib/libc.a(lib_a-strtoul.o)
                0x0080b73c                _strtoul_r
                0x0080b96c                strtoul
 .text          0x0080b990      0x2f0 /OPT/altera/12.1/nios2eds/bin/gnu/H-i686-pc-linux-gnu/bin/../lib/gcc/nios2-elf/4.1.2/../../../../nios2-elf/lib/libc.a(lib_a-strtoull_r.o)
                0x0080b990                _strtoull_r
 .text          0x0080bc80      0x294 /OPT/altera/12.1/nios2eds/bin/gnu/H-i686-pc-linux-gnu/bin/../lib/gcc/nios2-elf/4.1.2/../../../../nios2-elf/lib/libc.a(lib_a-ungetc.o)
                0x0080bc80                __submore
                0x0080bd5c                _ungetc_r
                0x0080bef8                ungetc
 .text          0x0080bf14      0x14c /OPT/altera/12.1/nios2eds/bin/gnu/H-i686-pc-linux-gnu/bin/../lib/gcc/nios2-elf/4.1.2/../../../../nios2-elf/lib/libc.a(lib_a-wbuf.o)
                0x0080bf14                __swbuf_r
                0x0080c044                __swbuf
 .text          0x0080c060       0x78 /OPT/altera/12.1/nios2eds/bin/gnu/H-i686-pc-linux-gnu/bin/../lib/gcc/nios2-elf/4.1.2/../../../../nios2-elf/lib/libc.a(lib_a-writer.o)
                0x0080c060                _write_r
 .text          0x0080c0d8       0xb4 /OPT/altera/12.1/nios2eds/bin/gnu/H-i686-pc-linux-gnu/bin/../lib/gcc/nios2-elf/4.1.2/../../../../nios2-elf/lib/libc.a(lib_a-callocr.o)
                0x0080c0d8                _calloc_r
 .text          0x0080c18c       0x70 /OPT/altera/12.1/nios2eds/bin/gnu/H-i686-pc-linux-gnu/bin/../lib/gcc/nios2-elf/4.1.2/../../../../nios2-elf/lib/libc.a(lib_a-closer.o)
                0x0080c18c                _close_r
 .text          0x0080c1fc      0x124 /OPT/altera/12.1/nios2eds/bin/gnu/H-i686-pc-linux-gnu/bin/../lib/gcc/nios2-elf/4.1.2/../../../../nios2-elf/lib/libc.a(lib_a-fclose.o)
                0x0080c1fc                _fclose_r
                0x0080c30c                fclose
 .text          0x0080c320       0x74 /OPT/altera/12.1/nios2eds/bin/gnu/H-i686-pc-linux-gnu/bin/../lib/gcc/nios2-elf/4.1.2/../../../../nios2-elf/lib/libc.a(lib_a-fstatr.o)
                0x0080c320                _fstat_r
 .text          0x0080c394      0x8f4 /OPT/altera/12.1/nios2eds/bin/gnu/H-i686-pc-linux-gnu/bin/../lib/gcc/nios2-elf/4.1.2/../../../../nios2-elf/lib/libc.a(lib_a-gdtoa-gethex.o)
                0x0080c3b8                __hexdig_init
                0x0080c4d0                __gethex
 .text          0x0080cc88      0x294 /OPT/altera/12.1/nios2eds/bin/gnu/H-i686-pc-linux-gnu/bin/../lib/gcc/nios2-elf/4.1.2/../../../../nios2-elf/lib/libc.a(lib_a-gdtoa-hexnan.o)
                0x0080ccd4                __hexnan
 .text          0x0080cf1c       0x70 /OPT/altera/12.1/nios2eds/bin/gnu/H-i686-pc-linux-gnu/bin/../lib/gcc/nios2-elf/4.1.2/../../../../nios2-elf/lib/libc.a(lib_a-isattyr.o)
                0x0080cf1c                _isatty_r
 .text          0x0080cf8c       0x78 /OPT/altera/12.1/nios2eds/bin/gnu/H-i686-pc-linux-gnu/bin/../lib/gcc/nios2-elf/4.1.2/../../../../nios2-elf/lib/libc.a(lib_a-lseekr.o)
                0x0080cf8c                _lseek_r
 .text          0x0080d004       0x78 /OPT/altera/12.1/nios2eds/bin/gnu/H-i686-pc-linux-gnu/bin/../lib/gcc/nios2-elf/4.1.2/../../../../nios2-elf/lib/libc.a(lib_a-readr.o)
                0x0080d004                _read_r
 .text          0x0080d07c       0x98 /OPT/altera/12.1/nios2eds/bin/gnu/H-i686-pc-linux-gnu/bin/../lib/gcc/nios2-elf/4.1.2/libgcc.a(_muldi3.o)
                0x0080d07c                __muldi3
 .text          0x0080d114       0xa4 /OPT/altera/12.1/nios2eds/bin/gnu/H-i686-pc-linux-gnu/bin/../lib/gcc/nios2-elf/4.1.2/libgcc.a(_fixunsdfsi.o)
                0x0080d114                __fixunsdfsi
 .text          0x0080d1b8      0x5dc /OPT/altera/12.1/nios2eds/bin/gnu/H-i686-pc-linux-gnu/bin/../lib/gcc/nios2-elf/4.1.2/libgcc.a(_udivdi3.o)
                0x0080d1b8                __udivdi3
 .text          0x0080d794      0x5b0 /OPT/altera/12.1/nios2eds/bin/gnu/H-i686-pc-linux-gnu/bin/../lib/gcc/nios2-elf/4.1.2/libgcc.a(_umoddi3.o)
                0x0080d794                __umoddi3
 .text          0x0080dd44       0x78 /OPT/altera/12.1/nios2eds/bin/gnu/H-i686-pc-linux-gnu/bin/../lib/gcc/nios2-elf/4.1.2/libgcc.a(_ne_sf.o)
                0x0080dd44                __nesf2
 .text          0x0080ddbc       0x78 /OPT/altera/12.1/nios2eds/bin/gnu/H-i686-pc-linux-gnu/bin/../lib/gcc/nios2-elf/4.1.2/libgcc.a(_gt_sf.o)
                0x0080ddbc                __gtsf2
 .text          0x0080de34       0x78 /OPT/altera/12.1/nios2eds/bin/gnu/H-i686-pc-linux-gnu/bin/../lib/gcc/nios2-elf/4.1.2/libgcc.a(_lt_sf.o)
                0x0080de34                __ltsf2
 .text          0x0080deac      0x504 /OPT/altera/12.1/nios2eds/bin/gnu/H-i686-pc-linux-gnu/bin/../lib/gcc/nios2-elf/4.1.2/libgcc.a(_addsub_df.o)
                0x0080e2bc                __subdf3
                0x0080e33c                __adddf3
 .text          0x0080e3b0      0x3c4 /OPT/altera/12.1/nios2eds/bin/gnu/H-i686-pc-linux-gnu/bin/../lib/gcc/nios2-elf/4.1.2/libgcc.a(_mul_df.o)
                0x0080e3b0                __muldf3
 .text          0x0080e774      0x258 /OPT/altera/12.1/nios2eds/bin/gnu/H-i686-pc-linux-gnu/bin/../lib/gcc/nios2-elf/4.1.2/libgcc.a(_div_df.o)
                0x0080e774                __divdf3
 .text          0x0080e9cc       0x88 /OPT/altera/12.1/nios2eds/bin/gnu/H-i686-pc-linux-gnu/bin/../lib/gcc/nios2-elf/4.1.2/libgcc.a(_eq_df.o)
                0x0080e9cc                __eqdf2
 .text          0x0080ea54       0x88 /OPT/altera/12.1/nios2eds/bin/gnu/H-i686-pc-linux-gnu/bin/../lib/gcc/nios2-elf/4.1.2/libgcc.a(_ne_df.o)
                0x0080ea54                __nedf2
 .text          0x0080eadc       0x88 /OPT/altera/12.1/nios2eds/bin/gnu/H-i686-pc-linux-gnu/bin/../lib/gcc/nios2-elf/4.1.2/libgcc.a(_gt_df.o)
                0x0080eadc                __gtdf2
 .text          0x0080eb64       0x88 /OPT/altera/12.1/nios2eds/bin/gnu/H-i686-pc-linux-gnu/bin/../lib/gcc/nios2-elf/4.1.2/libgcc.a(_ge_df.o)
                0x0080eb64                __gedf2
 .text          0x0080ebec       0x88 /OPT/altera/12.1/nios2eds/bin/gnu/H-i686-pc-linux-gnu/bin/../lib/gcc/nios2-elf/4.1.2/libgcc.a(_lt_df.o)
                0x0080ebec                __ltdf2
 .text          0x0080ec74       0x88 /OPT/altera/12.1/nios2eds/bin/gnu/H-i686-pc-linux-gnu/bin/../lib/gcc/nios2-elf/4.1.2/libgcc.a(_le_df.o)
                0x0080ec74                __ledf2
 .text          0x0080ecfc       0xf8 /OPT/altera/12.1/nios2eds/bin/gnu/H-i686-pc-linux-gnu/bin/../lib/gcc/nios2-elf/4.1.2/libgcc.a(_si_to_df.o)
                0x0080ecfc                __floatsidf
 .text          0x0080edf4       0xd8 /OPT/altera/12.1/nios2eds/bin/gnu/H-i686-pc-linux-gnu/bin/../lib/gcc/nios2-elf/4.1.2/libgcc.a(_df_to_si.o)
                0x0080edf4                __fixdfsi
 .text          0x0080eecc       0x74 /OPT/altera/12.1/nios2eds/bin/gnu/H-i686-pc-linux-gnu/bin/../lib/gcc/nios2-elf/4.1.2/libgcc.a(_df_to_sf.o)
                0x0080eecc                __truncdfsf2
 .text          0x0080ef40        0x0 /OPT/altera/12.1/nios2eds/bin/gnu/H-i686-pc-linux-gnu/bin/../lib/gcc/nios2-elf/4.1.2/libgcc.a(_thenan_df.o)
 .text          0x0080ef40      0x194 /OPT/altera/12.1/nios2eds/bin/gnu/H-i686-pc-linux-gnu/bin/../lib/gcc/nios2-elf/4.1.2/libgcc.a(_usi_to_df.o)
                0x0080ef40                __floatunsidf
 .text          0x0080f0d4      0x14c /OPT/altera/12.1/nios2eds/bin/gnu/H-i686-pc-linux-gnu/bin/../lib/gcc/nios2-elf/4.1.2/libgcc.a(lib2-divmod.o)
                0x0080f150                __divsi3
                0x0080f1b0                __modsi3
                0x0080f210                __udivsi3
                0x0080f218                __umodsi3
 .text          0x0080f220        0x0 /OPT/altera/12.1/nios2eds/bin/gnu/H-i686-pc-linux-gnu/bin/../lib/gcc/nios2-elf/4.1.2/libgcc.a(_clz.o)
 .text          0x0080f220       0x80 /OPT/altera/12.1/nios2eds/bin/gnu/H-i686-pc-linux-gnu/bin/../lib/gcc/nios2-elf/4.1.2/libgcc.a(_clzsi2.o)
                0x0080f220                __clzsi2
 .text          0x0080f2a0       0xc8 /OPT/altera/12.1/nios2eds/bin/gnu/H-i686-pc-linux-gnu/bin/../lib/gcc/nios2-elf/4.1.2/libgcc.a(_unpack_sf.o)
                0x0080f2a0                __unpack_f
 .text          0x0080f368       0xa8 /OPT/altera/12.1/nios2eds/bin/gnu/H-i686-pc-linux-gnu/bin/../lib/gcc/nios2-elf/4.1.2/libgcc.a(_fpcmp_parts_sf.o)
                0x0080f368                __fpcmp_parts_f
 .text          0x0080f410       0x2c /OPT/altera/12.1/nios2eds/bin/gnu/H-i686-pc-linux-gnu/bin/../lib/gcc/nios2-elf/4.1.2/libgcc.a(_make_sf.o)
                0x0080f410                __make_fp
 .text          0x0080f43c      0x314 /OPT/altera/12.1/nios2eds/bin/gnu/H-i686-pc-linux-gnu/bin/../lib/gcc/nios2-elf/4.1.2/libgcc.a(_pack_df.o)
                0x0080f43c                __pack_d
 .text          0x0080f750      0x138 /OPT/altera/12.1/nios2eds/bin/gnu/H-i686-pc-linux-gnu/bin/../lib/gcc/nios2-elf/4.1.2/libgcc.a(_unpack_df.o)
                0x0080f750                __unpack_d
 .text          0x0080f888       0xc8 /OPT/altera/12.1/nios2eds/bin/gnu/H-i686-pc-linux-gnu/bin/../lib/gcc/nios2-elf/4.1.2/libgcc.a(_fpcmp_parts_df.o)
                0x0080f888                __fpcmp_parts_d
 .text          0x0080f950      0x160 /OPT/altera/12.1/nios2eds/bin/gnu/H-i686-pc-linux-gnu/bin/../lib/gcc/nios2-elf/4.1.2/libgcc.a(_pack_sf.o)
                0x0080f950                __pack_f
 .text          0x0080fab0      0x15c ../TiltMazeController_bsp//libucosii_bsp.a(alt_close.o)
                0x0080fab0                close
 .text          0x0080fc0c       0x2c ../TiltMazeController_bsp//libucosii_bsp.a(alt_dev.o)
 .text          0x0080fc38        0x0 ../TiltMazeController_bsp//libucosii_bsp.a(alt_errno.o)
 .text          0x0080fc38      0x134 ../TiltMazeController_bsp//libucosii_bsp.a(alt_fstat.o)
                0x0080fc38                fstat
 .text          0x0080fd6c      0x120 ../TiltMazeController_bsp//libucosii_bsp.a(alt_isatty.o)
                0x0080fd6c                isatty
 .text          0x0080fe8c       0xec ../TiltMazeController_bsp//libucosii_bsp.a(alt_load.o)
                0x0080fe8c                alt_load
 .text          0x0080ff78      0x150 ../TiltMazeController_bsp//libucosii_bsp.a(alt_lseek.o)
                0x0080ff78                lseek
 .text          0x008100c8       0xc8 ../TiltMazeController_bsp//libucosii_bsp.a(alt_main.o)
                0x008100c8                alt_main
 .text          0x00810190      0x180 ../TiltMazeController_bsp//libucosii_bsp.a(alt_read.o)
                0x00810190                read
 .text          0x00810310       0x60 ../TiltMazeController_bsp//libucosii_bsp.a(alt_release_fd.o)
                0x00810310                alt_release_fd
 .text          0x00810370       0xbc ../TiltMazeController_bsp//libucosii_bsp.a(alt_sbrk.o)
                0x00810370                sbrk
 .text          0x0081042c      0x180 ../TiltMazeController_bsp//libucosii_bsp.a(alt_write.o)
                0x0081042c                write
 .text          0x008105ac      0x108 ../TiltMazeController_bsp//libucosii_bsp.a(alt_env_lock.o)
                0x008105ac                __env_lock
                0x00810658                __env_unlock
 .text          0x008106b4      0x1d8 ../TiltMazeController_bsp//libucosii_bsp.a(alt_malloc_lock.o)
                0x008106b4                __malloc_lock
                0x008107bc                __malloc_unlock
 .text          0x0081088c     0x2128 ../TiltMazeController_bsp//libucosii_bsp.a(os_core.o)
                0x0081088c                OSEventNameGet
                0x008109bc                OSEventNameSet
                0x00810b00                OSEventPendMulti
                0x008111b4                OSInit
                0x00811208                OSIntEnter
                0x00811284                OSIntExit
                0x00811384                OSSchedLock
                0x00811410                OSSchedUnlock
                0x008114f4                OSStart
                0x00811564                OSStatInit
                0x00811610                OSTimeTick
                0x00811850                OSVersion
                0x00811870                OS_Dummy
                0x0081188c                OS_EventTaskRdy
                0x00811a20                OS_EventTaskWait
                0x00811b30                OS_EventTaskWaitMulti
                0x00811c84                OS_EventTaskRemove
                0x00811d3c                OS_EventTaskRemoveMulti
                0x00811e40                OS_EventWaitListInit
                0x0081220c                OS_MemClr
                0x00812260                OS_MemCopy
                0x008122cc                OS_Sched
                0x00812410                OS_StrCopy
                0x00812490                OS_StrLen
                0x008124e8                OS_TaskIdle
                0x00812544                OS_TaskStat
                0x0081260c                OS_TaskStatStkChk
                0x008126d4                OS_TCBInit
 .text          0x008129b4      0x18c ../TiltMazeController_bsp//libucosii_bsp.a(os_dbg.o)
                0x008129b4                OSDebugInit
 .text          0x00812b40     0x193c ../TiltMazeController_bsp//libucosii_bsp.a(os_flag.o)
                0x00812b40                OSFlagAccept
                0x00812e74                OSFlagCreate
                0x00812fb0                OSFlagDel
                0x00813258                OSFlagNameGet
                0x0081339c                OSFlagNameSet
                0x008134f0                OSFlagPend
                0x00813b34                OSFlagPendGetFlagsRdy
                0x00813b9c                OSFlagPost
                0x00813f44                OSFlagQuery
                0x008141dc                OS_FlagInit
                0x008143d0                OS_FlagUnlink
 .text          0x0081447c      0x808 ../TiltMazeController_bsp//libucosii_bsp.a(os_mem.o)
                0x0081447c                OSMemCreate
                0x00814698                OSMemGet
                0x0081479c                OSMemNameGet
                0x008148a8                OSMemNameSet
                0x008149c8                OSMemPut
                0x00814ab8                OSMemQuery
                0x00814bb4                OS_MemInit
 .text          0x00814c84     0x1334 ../TiltMazeController_bsp//libucosii_bsp.a(os_q.o)
                0x00814c84                OSQAccept
                0x00814dd8                OSQCreate
                0x00814fec                OSQDel
                0x008152ec                OSQFlush
                0x008153b4                OSQPend
                0x008156d4                OSQPendAbort
                0x00815850                OSQPost
                0x008159d0                OSQPostFront
                0x00815b58                OSQPostOpt
                0x00815d8c                OSQQuery
                0x00815f0c                OS_QInit
 .text          0x00815fb8      0xbc8 ../TiltMazeController_bsp//libucosii_bsp.a(os_sem.o)
                0x00815fb8                OSSemAccept
                0x00816078                OSSemCreate
                0x0081618c                OSSemDel
                0x0081642c                OSSemPend
                0x008166a8                OSSemPendAbort
                0x00816824                OSSemPost
                0x0081694c                OSSemQuery
                0x00816a7c                OSSemSet
 .text          0x00816b80     0x1a40 ../TiltMazeController_bsp//libucosii_bsp.a(os_task.o)
                0x00816b80                OSTaskChangePrio
                0x008170f4                OSTaskCreate
                0x008172c8                OSTaskCreateExt
                0x008174c8                OSTaskDel
                0x008178d4                OSTaskDelReq
                0x00817a44                OSTaskNameGet
                0x00817bfc                OSTaskNameSet
                0x00817dc0                OSTaskResume
                0x00817fd8                OSTaskStkChk
                0x008181d4                OSTaskSuspend
                0x00818400                OSTaskQuery
                0x00818544                OS_TaskStkClr
 .text          0x008185c0      0x598 ../TiltMazeController_bsp//libucosii_bsp.a(os_time.o)
                0x008185c0                OSTimeDly
                0x0081870c                OSTimeDlyHMSM
                0x00818880                OSTimeDlyResume
                0x00818a90                OSTimeGet
                0x00818af4                OSTimeSet
 .text          0x00818b58       0xec ../TiltMazeController_bsp//libucosii_bsp.a(alt_sys_init.o)
                0x00818b58                alt_irq_init
                0x00818b8c                alt_sys_init
 .text          0x00818c44      0x148 ../TiltMazeController_bsp//libucosii_bsp.a(altera_avalon_jtag_uart_fd.o)
                0x00818c44                altera_avalon_jtag_uart_read_fd
                0x00818c9c                altera_avalon_jtag_uart_write_fd
                0x00818cf4                altera_avalon_jtag_uart_close_fd
                0x00818d3c                altera_avalon_jtag_uart_ioctl_fd
 .text          0x00818d8c      0x580 ../TiltMazeController_bsp//libucosii_bsp.a(altera_avalon_jtag_uart_init.o)
                0x00818d8c                altera_avalon_jtag_uart_init
                0x00819298                altera_avalon_jtag_uart_close
 .text          0x0081930c       0xf4 ../TiltMazeController_bsp//libucosii_bsp.a(altera_avalon_jtag_uart_ioctl.o)
                0x0081930c                altera_avalon_jtag_uart_ioctl
 .text          0x00819400      0x2c0 ../TiltMazeController_bsp//libucosii_bsp.a(altera_avalon_jtag_uart_read.o)
                0x00819400                altera_avalon_jtag_uart_read
 .text          0x008196c0      0x2dc ../TiltMazeController_bsp//libucosii_bsp.a(altera_avalon_jtag_uart_write.o)
                0x008196c0                altera_avalon_jtag_uart_write
 .text          0x0081999c       0xfc ../TiltMazeController_bsp//libucosii_bsp.a(altera_avalon_timer_sc.o)
                0x00819a10                alt_avalon_timer_sc_init
 .text          0x00819a98      0x530 ../TiltMazeController_bsp//libucosii_bsp.a(altera_up_avalon_character_lcd.o)
                0x00819a98                get_DDRAM_addr
                0x00819b14                alt_up_character_lcd_send_cmd
                0x00819b48                alt_up_character_lcd_init
                0x00819b7c                alt_up_character_lcd_open_dev
                0x00819bbc                alt_up_character_lcd_write
                0x00819c34                alt_up_character_lcd_string
                0x00819cac                alt_up_character_lcd_write_fd
                0x00819cf8                alt_up_character_lcd_set_cursor_pos
                0x00819d70                alt_up_character_lcd_shift_cursor
                0x00819e20                alt_up_character_lcd_shift_display
                0x00819ed0                alt_up_character_lcd_erase_pos
                0x00819f60                alt_up_character_lcd_cursor_off
                0x00819f94                alt_up_character_lcd_cursor_blink_on
 .text          0x00819fc8      0x398 ../TiltMazeController_bsp//libucosii_bsp.a(altera_up_avalon_rs232.o)
                0x00819fc8                alt_up_rs232_enable_read_interrupt
                0x0081a01c                alt_up_rs232_disable_read_interrupt
                0x0081a074                alt_up_rs232_get_used_space_in_read_FIFO
                0x0081a0b0                alt_up_rs232_get_available_space_in_write_FIFO
                0x0081a0f0                alt_up_rs232_check_parity
                0x0081a140                alt_up_rs232_write_data
                0x0081a188                alt_up_rs232_read_data
                0x0081a1fc                alt_up_rs232_read_fd
                0x0081a28c                alt_up_rs232_write_fd
                0x0081a320                alt_up_rs232_open_dev
 .text          0x0081a360      0x154 ../TiltMazeController_bsp//libucosii_bsp.a(alt_alarm_start.o)
                0x0081a360                alt_alarm_start
 .text          0x0081a4b4       0x44 ../TiltMazeController_bsp//libucosii_bsp.a(alt_dcache_flush_all.o)
                0x0081a4b4                alt_dcache_flush_all
 .text          0x0081a4f8      0x114 ../TiltMazeController_bsp//libucosii_bsp.a(alt_dev_llist_insert.o)
                0x0081a4f8                alt_dev_llist_insert
 .text          0x0081a60c       0x64 ../TiltMazeController_bsp//libucosii_bsp.a(alt_do_ctors.o)
                0x0081a60c                _do_ctors
 .text          0x0081a670       0x64 ../TiltMazeController_bsp//libucosii_bsp.a(alt_do_dtors.o)
                0x0081a670                _do_dtors
 .text          0x0081a6d4       0x94 ../TiltMazeController_bsp//libucosii_bsp.a(alt_find_dev.o)
                0x0081a6d4                alt_find_dev
 .text          0x0081a768       0x30 ../TiltMazeController_bsp//libucosii_bsp.a(alt_icache_flush_all.o)
                0x0081a768                alt_icache_flush_all
 .text          0x0081a798      0x13c ../TiltMazeController_bsp//libucosii_bsp.a(alt_io_redirect.o)
                0x0081a85c                alt_io_redirect
 .text          0x0081a8d4      0x1c0 ../TiltMazeController_bsp//libucosii_bsp.a(alt_irq_register.o)
                0x0081a8d4                alt_irq_register
 .text          0x0081aa94        0x0 ../TiltMazeController_bsp//libucosii_bsp.a(alt_irq_vars.o)
 .text          0x0081aa94      0x2c4 ../TiltMazeController_bsp//libucosii_bsp.a(alt_open.o)
                0x0081ab70                open
 .text          0x0081ad58      0x1a8 ../TiltMazeController_bsp//libucosii_bsp.a(alt_tick.o)
                0x0081ad58                alt_alarm_stop
                0x0081adf0                alt_tick
 .text          0x0081af00       0x20 ../TiltMazeController_bsp//libucosii_bsp.a(altera_nios2_qsys_irq.o)
                0x0081af00                altera_nios2_qsys_irq_init
 .text          0x0081af20       0xd0 ../TiltMazeController_bsp//libucosii_bsp.a(os_cpu_a.o)
                0x0081af20                OSCtxSw
                0x0081af20                OSIntCtxSw
                0x0081afac                OSStartHighRdy
                0x0081afcc                OSStartTsk
 .text          0x0081aff0      0x418 ../TiltMazeController_bsp//libucosii_bsp.a(os_cpu_c.o)
                0x0081aff0                OSTaskStkInit
                0x0081b300                OSTaskCreateHook
                0x0081b320                OSTaskDelHook
                0x0081b340                OSTaskSwHook
                0x0081b35c                OSTaskStatHook
                0x0081b378                OSTimeTickHook
                0x0081b394                OSInitHookBegin
                0x0081b3b0                OSInitHookEnd
                0x0081b3cc                OSTaskIdleHook
                0x0081b3e8                OSTCBInitHook
 .text          0x0081b408      0x120 ../TiltMazeController_bsp//libucosii_bsp.a(alt_find_file.o)
                0x0081b408                alt_find_file
 .text          0x0081b528       0xf4 ../TiltMazeController_bsp//libucosii_bsp.a(alt_get_fd.o)
                0x0081b528                alt_get_fd
 .text          0x0081b61c       0x90 ../TiltMazeController_bsp//libucosii_bsp.a(alt_icache_flush.o)
                0x0081b61c                alt_icache_flush
 .text          0x0081b6ac        0x0 ../TiltMazeController_bsp//libucosii_bsp.a(alt_irq_entry.o)
 .text          0x0081b6ac        0x0 ../TiltMazeController_bsp//libucosii_bsp.a(alt_irq_handler.o)
 .text          0x0081b6ac        0x0 ../TiltMazeController_bsp//libucosii_bsp.a(alt_exception_entry.o)
 .text          0x0081b6ac       0x14 /OPT/altera/12.1/nios2eds/bin/gnu/H-i686-pc-linux-gnu/bin/../lib/gcc/nios2-elf/4.1.2/../../../../nios2-elf/lib/libc.a(lib_a-atexit.o)
                0x0081b6ac                atexit
 .text          0x0081b6c0       0x38 /OPT/altera/12.1/nios2eds/bin/gnu/H-i686-pc-linux-gnu/bin/../lib/gcc/nios2-elf/4.1.2/../../../../nios2-elf/lib/libc.a(lib_a-exit.o)
                0x0081b6c0                exit
 .text          0x0081b6f8       0x74 /OPT/altera/12.1/nios2eds/bin/gnu/H-i686-pc-linux-gnu/bin/../lib/gcc/nios2-elf/4.1.2/../../../../nios2-elf/lib/libc.a(lib_a-memcmp.o)
                0x0081b6f8                memcmp
 .text          0x0081b76c      0x134 /OPT/altera/12.1/nios2eds/bin/gnu/H-i686-pc-linux-gnu/bin/../lib/gcc/nios2-elf/4.1.2/../../../../nios2-elf/lib/libc.a(lib_a-__atexit.o)
                0x0081b76c                __register_exitproc
 .text          0x0081b8a0      0x1b4 /OPT/altera/12.1/nios2eds/bin/gnu/H-i686-pc-linux-gnu/bin/../lib/gcc/nios2-elf/4.1.2/../../../../nios2-elf/lib/libc.a(lib_a-__call_atexit.o)
                0x0081b8a4                __call_exitprocs
 .text          0x0081ba54       0x6c ../TiltMazeController_bsp//libucosii_bsp.a(alt_exit.o)
                0x0081ba94                _exit
 *(.gnu.warning.*)
 *(.fini)
                0x0081bac0                PROVIDE (__etext, ABSOLUTE (.))
                0x0081bac0                PROVIDE (_etext, ABSOLUTE (.))
                0x0081bac0                PROVIDE (etext, ABSOLUTE (.))
 *(.eh_frame_hdr)
                0x0081bac0                . = ALIGN (0x4)
                0x0081bac0                PROVIDE (__preinit_array_start, ABSOLUTE (.))
 *(.preinit_array)
                0x0081bac0                PROVIDE (__preinit_array_end, ABSOLUTE (.))
                0x0081bac0                PROVIDE (__init_array_start, ABSOLUTE (.))
 *(.init_array)
                0x0081bac0                PROVIDE (__init_array_end, ABSOLUTE (.))
                0x0081bac0                PROVIDE (__fini_array_start, ABSOLUTE (.))
 *(.fini_array)
                0x0081bac0                PROVIDE (__fini_array_end, ABSOLUTE (.))
 *(.eh_frame)
 *(.gcc_except_table)
 *(.dynamic)
                0x0081bac0                PROVIDE (__CTOR_LIST__, ABSOLUTE (.))
 *(.ctors)
 *(SORT(.ctors.*))
 .ctors.65535   0x0081bac0        0x4 /OPT/altera/12.1/nios2eds/bin/gnu/H-i686-pc-linux-gnu/bin/../lib/gcc/nios2-elf/4.1.2/../../../../nios2-elf/lib/libc.a(lib_a-__call_atexit.o)
                0x0081bac4                PROVIDE (__CTOR_END__, ABSOLUTE (.))
                0x0081bac4                PROVIDE (__DTOR_LIST__, ABSOLUTE (.))
 *(.dtors)
 *(SORT(.dtors.*))
                0x0081bac4                PROVIDE (__DTOR_END__, ABSOLUTE (.))
 *(.jcr)
                0x0081bac4                . = ALIGN (0x4)

.rodata         0x0081bac4      0x8d4
                0x0081bac4                PROVIDE (__ram_rodata_start, ABSOLUTE (.))
                0x0081bac4                . = ALIGN (0x4)
 *(.rodata .rodata.* .gnu.linkonce.r.*)
 .rodata        0x0081bac4       0x18 obj/default/command.o
 .rodata        0x0081badc       0xd0 obj/default/main.o
 .rodata        0x0081bbac       0x5c obj/default/uart.o
 .rodata.str1.4
                0x0081bc08        0x2 /OPT/altera/12.1/nios2eds/bin/gnu/H-i686-pc-linux-gnu/bin/../lib/gcc/nios2-elf/4.1.2/../../../../nios2-elf/lib/libc.a(lib_a-puts.o)
                                  0x4 (size before relaxing)
 *fill*         0x0081bc0a        0x2 00
 .rodata.str1.4
                0x0081bc0c       0x5e /OPT/altera/12.1/nios2eds/bin/gnu/H-i686-pc-linux-gnu/bin/../lib/gcc/nios2-elf/4.1.2/../../../../nios2-elf/lib/libc.a(lib_a-vfprintf.o)
                                 0x60 (size before relaxing)
 .rodata        0x0081bc6a       0x20 /OPT/altera/12.1/nios2eds/bin/gnu/H-i686-pc-linux-gnu/bin/../lib/gcc/nios2-elf/4.1.2/../../../../nios2-elf/lib/libc.a(lib_a-vfprintf.o)
 *fill*         0x0081bc8a        0x2 00
 .rodata.str1.4
                0x0081bc8c        0x5 /OPT/altera/12.1/nios2eds/bin/gnu/H-i686-pc-linux-gnu/bin/../lib/gcc/nios2-elf/4.1.2/../../../../nios2-elf/lib/libc.a(lib_a-vfscanf.o)
                                  0x8 (size before relaxing)
 *fill*         0x0081bc91        0x1 00
 .rodata        0x0081bc92       0x22 /OPT/altera/12.1/nios2eds/bin/gnu/H-i686-pc-linux-gnu/bin/../lib/gcc/nios2-elf/4.1.2/../../../../nios2-elf/lib/libc.a(lib_a-vfscanf.o)
 .rodata        0x0081bcb4      0x281 /OPT/altera/12.1/nios2eds/bin/gnu/H-i686-pc-linux-gnu/bin/../lib/gcc/nios2-elf/4.1.2/../../../../nios2-elf/lib/libc.a(lib_a-ctype_.o)
                0x0081bcb4                _ctype_
 *fill*         0x0081bf35        0x3 00
 .rodata.str1.4
                0x0081bf38       0x10 /OPT/altera/12.1/nios2eds/bin/gnu/H-i686-pc-linux-gnu/bin/../lib/gcc/nios2-elf/4.1.2/../../../../nios2-elf/lib/libc.a(lib_a-dtoa.o)
                                 0x14 (size before relaxing)
 .rodata.str1.4
                0x0081bf48        0x2 /OPT/altera/12.1/nios2eds/bin/gnu/H-i686-pc-linux-gnu/bin/../lib/gcc/nios2-elf/4.1.2/../../../../nios2-elf/lib/libc.a(lib_a-impure.o)
                                  0x4 (size before relaxing)
 *fill*         0x0081bf4a        0x2 00
 .rodata.str1.4
                0x0081bf4c        0xf /OPT/altera/12.1/nios2eds/bin/gnu/H-i686-pc-linux-gnu/bin/../lib/gcc/nios2-elf/4.1.2/../../../../nios2-elf/lib/libc.a(lib_a-locale.o)
                                 0x18 (size before relaxing)
 *fill*         0x0081bf5b        0x1 00
 .rodata        0x0081bf5c       0x30 /OPT/altera/12.1/nios2eds/bin/gnu/H-i686-pc-linux-gnu/bin/../lib/gcc/nios2-elf/4.1.2/../../../../nios2-elf/lib/libc.a(lib_a-locale.o)
 .rodata.str1.4
                0x00000000        0x4 /OPT/altera/12.1/nios2eds/bin/gnu/H-i686-pc-linux-gnu/bin/../lib/gcc/nios2-elf/4.1.2/../../../../nios2-elf/lib/libc.a(lib_a-mbrtowc.o)
 .rodata        0x0081bf8c      0x124 /OPT/altera/12.1/nios2eds/bin/gnu/H-i686-pc-linux-gnu/bin/../lib/gcc/nios2-elf/4.1.2/../../../../nios2-elf/lib/libc.a(lib_a-mprec.o)
                0x0081bf8c                __mprec_tens
                0x0081c054                __mprec_bigtens
                0x0081c07c                __mprec_tinytens
 .rodata.str1.4
                0x0081c0b0        0xf /OPT/altera/12.1/nios2eds/bin/gnu/H-i686-pc-linux-gnu/bin/../lib/gcc/nios2-elf/4.1.2/../../../../nios2-elf/lib/libc.a(lib_a-strtod.o)
                                 0x10 (size before relaxing)
 *fill*         0x0081c0bf        0x1 00
 .rodata        0x0081c0c0       0x28 /OPT/altera/12.1/nios2eds/bin/gnu/H-i686-pc-linux-gnu/bin/../lib/gcc/nios2-elf/4.1.2/../../../../nios2-elf/lib/libc.a(lib_a-strtod.o)
 .rodata.str1.4
                0x0081c0e8       0x1c /OPT/altera/12.1/nios2eds/bin/gnu/H-i686-pc-linux-gnu/bin/../lib/gcc/nios2-elf/4.1.2/../../../../nios2-elf/lib/libc.a(lib_a-gdtoa-gethex.o)
 .rodata        0x0081c104       0x14 /OPT/altera/12.1/nios2eds/bin/gnu/H-i686-pc-linux-gnu/bin/../lib/gcc/nios2-elf/4.1.2/libgcc.a(_thenan_df.o)
                0x0081c104                __thenan_df
 .rodata        0x0081c118      0x100 /OPT/altera/12.1/nios2eds/bin/gnu/H-i686-pc-linux-gnu/bin/../lib/gcc/nios2-elf/4.1.2/libgcc.a(_clz.o)
                0x0081c118                __clz_tab
 .rodata        0x0081c218        0xc ../TiltMazeController_bsp//libucosii_bsp.a(alt_dev.o)
 .rodata        0x0081c224       0x14 ../TiltMazeController_bsp//libucosii_bsp.a(alt_main.o)
 .rodata        0x0081c238      0x120 ../TiltMazeController_bsp//libucosii_bsp.a(os_core.o)
                0x0081c238                OSUnMapTbl
 .rodata        0x0081c358       0x3c ../TiltMazeController_bsp//libucosii_bsp.a(alt_sys_init.o)
 .rodata        0x0081c394        0x4 ../TiltMazeController_bsp//libucosii_bsp.a(os_cpu_c.o)
 *(.rodata1)
                0x0081c398                . = ALIGN (0x4)
                0x0081c398                PROVIDE (__ram_rodata_end, ABSOLUTE (.))
                0x0081bac4                PROVIDE (__flash_rodata_start, LOADADDR (.rodata))

.rwdata         0x0081c398     0x1b68 load address 0x0081df00
                0x0081c398                PROVIDE (__ram_rwdata_start, ABSOLUTE (.))
                0x0081c398                . = ALIGN (0x4)
 *(.got.plt)
 *(.got)
 *(.data1)
 *(.data .data.* .gnu.linkonce.d.*)
 .data          0x0081c398        0x0 ../TiltMazeController_bsp//obj/HAL/src/crt0.o
 .data          0x0081c398        0x0 obj/default/command.o
 .data          0x0081c398        0x0 obj/default/main.o
 .data          0x0081c398        0x0 obj/default/uart.o
 .data          0x0081c398        0x0 /OPT/altera/12.1/nios2eds/bin/gnu/H-i686-pc-linux-gnu/bin/../lib/gcc/nios2-elf/4.1.2/../../../../nios2-elf/lib/libc.a(lib_a-malloc.o)
 .data          0x0081c398      0x408 /OPT/altera/12.1/nios2eds/bin/gnu/H-i686-pc-linux-gnu/bin/../lib/gcc/nios2-elf/4.1.2/../../../../nios2-elf/lib/libc.a(lib_a-mallocr.o)
                0x0081c398                __malloc_av_
 .data          0x0081c7a0        0x0 /OPT/altera/12.1/nios2eds/bin/gnu/H-i686-pc-linux-gnu/bin/../lib/gcc/nios2-elf/4.1.2/../../../../nios2-elf/lib/libc.a(lib_a-printf.o)
 .data          0x0081c7a0        0x0 /OPT/altera/12.1/nios2eds/bin/gnu/H-i686-pc-linux-gnu/bin/../lib/gcc/nios2-elf/4.1.2/../../../../nios2-elf/lib/libc.a(lib_a-putchar.o)
 .data          0x0081c7a0        0x0 /OPT/altera/12.1/nios2eds/bin/gnu/H-i686-pc-linux-gnu/bin/../lib/gcc/nios2-elf/4.1.2/../../../../nios2-elf/lib/libc.a(lib_a-puts.o)
 .data          0x0081c7a0        0x0 /OPT/altera/12.1/nios2eds/bin/gnu/H-i686-pc-linux-gnu/bin/../lib/gcc/nios2-elf/4.1.2/../../../../nios2-elf/lib/libc.a(lib_a-sbrkr.o)
 .data          0x0081c7a0        0x0 /OPT/altera/12.1/nios2eds/bin/gnu/H-i686-pc-linux-gnu/bin/../lib/gcc/nios2-elf/4.1.2/../../../../nios2-elf/lib/libc.a(lib_a-sprintf.o)
 .data          0x0081c7a0        0x0 /OPT/altera/12.1/nios2eds/bin/gnu/H-i686-pc-linux-gnu/bin/../lib/gcc/nios2-elf/4.1.2/../../../../nios2-elf/lib/libc.a(lib_a-sscanf.o)
 .data          0x0081c7a0        0x0 /OPT/altera/12.1/nios2eds/bin/gnu/H-i686-pc-linux-gnu/bin/../lib/gcc/nios2-elf/4.1.2/../../../../nios2-elf/lib/libc.a(lib_a-strlen.o)
 .data          0x0081c7a0        0x0 /OPT/altera/12.1/nios2eds/bin/gnu/H-i686-pc-linux-gnu/bin/../lib/gcc/nios2-elf/4.1.2/../../../../nios2-elf/lib/libc.a(lib_a-strncmp.o)
 .data          0x0081c7a0        0x0 /OPT/altera/12.1/nios2eds/bin/gnu/H-i686-pc-linux-gnu/bin/../lib/gcc/nios2-elf/4.1.2/../../../../nios2-elf/lib/libc.a(lib_a-vfprintf.o)
 .data          0x0081c7a0        0x0 /OPT/altera/12.1/nios2eds/bin/gnu/H-i686-pc-linux-gnu/bin/../lib/gcc/nios2-elf/4.1.2/../../../../nios2-elf/lib/libc.a(lib_a-vfscanf.o)
 .data          0x0081c7a0        0x0 /OPT/altera/12.1/nios2eds/bin/gnu/H-i686-pc-linux-gnu/bin/../lib/gcc/nios2-elf/4.1.2/../../../../nios2-elf/lib/libc.a(lib_a-wsetup.o)
 .data          0x0081c7a0        0x0 /OPT/altera/12.1/nios2eds/bin/gnu/H-i686-pc-linux-gnu/bin/../lib/gcc/nios2-elf/4.1.2/../../../../nios2-elf/lib/libc.a(lib_a-ctype_.o)
 .data          0x0081c7a0        0x0 /OPT/altera/12.1/nios2eds/bin/gnu/H-i686-pc-linux-gnu/bin/../lib/gcc/nios2-elf/4.1.2/../../../../nios2-elf/lib/libc.a(lib_a-dtoa.o)
 .data          0x0081c7a0        0x0 /OPT/altera/12.1/nios2eds/bin/gnu/H-i686-pc-linux-gnu/bin/../lib/gcc/nios2-elf/4.1.2/../../../../nios2-elf/lib/libc.a(lib_a-fflush.o)
 .data          0x0081c7a0        0x0 /OPT/altera/12.1/nios2eds/bin/gnu/H-i686-pc-linux-gnu/bin/../lib/gcc/nios2-elf/4.1.2/../../../../nios2-elf/lib/libc.a(lib_a-findfp.o)
 .data          0x0081c7a0        0x0 /OPT/altera/12.1/nios2eds/bin/gnu/H-i686-pc-linux-gnu/bin/../lib/gcc/nios2-elf/4.1.2/../../../../nios2-elf/lib/libc.a(lib_a-fread.o)
 .data          0x0081c7a0        0x0 /OPT/altera/12.1/nios2eds/bin/gnu/H-i686-pc-linux-gnu/bin/../lib/gcc/nios2-elf/4.1.2/../../../../nios2-elf/lib/libc.a(lib_a-freer.o)
 .data          0x0081c7a0        0x0 /OPT/altera/12.1/nios2eds/bin/gnu/H-i686-pc-linux-gnu/bin/../lib/gcc/nios2-elf/4.1.2/../../../../nios2-elf/lib/libc.a(lib_a-fvwrite.o)
 .data          0x0081c7a0        0x0 /OPT/altera/12.1/nios2eds/bin/gnu/H-i686-pc-linux-gnu/bin/../lib/gcc/nios2-elf/4.1.2/../../../../nios2-elf/lib/libc.a(lib_a-fwalk.o)
 .data          0x0081c7a0      0x400 /OPT/altera/12.1/nios2eds/bin/gnu/H-i686-pc-linux-gnu/bin/../lib/gcc/nios2-elf/4.1.2/../../../../nios2-elf/lib/libc.a(lib_a-impure.o)
 .data          0x0081cba0        0x0 /OPT/altera/12.1/nios2eds/bin/gnu/H-i686-pc-linux-gnu/bin/../lib/gcc/nios2-elf/4.1.2/../../../../nios2-elf/lib/libc.a(lib_a-int_errno.o)
 .data          0x0081cba0        0x0 /OPT/altera/12.1/nios2eds/bin/gnu/H-i686-pc-linux-gnu/bin/../lib/gcc/nios2-elf/4.1.2/../../../../nios2-elf/lib/libc.a(lib_a-iswspace.o)
 .data          0x0081cba0        0xc /OPT/altera/12.1/nios2eds/bin/gnu/H-i686-pc-linux-gnu/bin/../lib/gcc/nios2-elf/4.1.2/../../../../nios2-elf/lib/libc.a(lib_a-locale.o)
                0x0081cba0                __lc_ctype
 .data          0x0081cbac        0x0 /OPT/altera/12.1/nios2eds/bin/gnu/H-i686-pc-linux-gnu/bin/../lib/gcc/nios2-elf/4.1.2/../../../../nios2-elf/lib/libc.a(lib_a-makebuf.o)
 .data          0x0081cbac        0x0 /OPT/altera/12.1/nios2eds/bin/gnu/H-i686-pc-linux-gnu/bin/../lib/gcc/nios2-elf/4.1.2/../../../../nios2-elf/lib/libc.a(lib_a-mbrtowc.o)
 .data          0x0081cbac        0x0 /OPT/altera/12.1/nios2eds/bin/gnu/H-i686-pc-linux-gnu/bin/../lib/gcc/nios2-elf/4.1.2/../../../../nios2-elf/lib/libc.a(lib_a-mbtowc_r.o)
 .data          0x0081cbac        0x0 /OPT/altera/12.1/nios2eds/bin/gnu/H-i686-pc-linux-gnu/bin/../lib/gcc/nios2-elf/4.1.2/../../../../nios2-elf/lib/libc.a(lib_a-memchr.o)
 .data          0x0081cbac        0x0 /OPT/altera/12.1/nios2eds/bin/gnu/H-i686-pc-linux-gnu/bin/../lib/gcc/nios2-elf/4.1.2/../../../../nios2-elf/lib/libc.a(lib_a-memcpy.o)
 .data          0x0081cbac        0x0 /OPT/altera/12.1/nios2eds/bin/gnu/H-i686-pc-linux-gnu/bin/../lib/gcc/nios2-elf/4.1.2/../../../../nios2-elf/lib/libc.a(lib_a-memmove.o)
 .data          0x0081cbac        0x0 /OPT/altera/12.1/nios2eds/bin/gnu/H-i686-pc-linux-gnu/bin/../lib/gcc/nios2-elf/4.1.2/../../../../nios2-elf/lib/libc.a(lib_a-memset.o)
 .data          0x0081cbac        0x0 /OPT/altera/12.1/nios2eds/bin/gnu/H-i686-pc-linux-gnu/bin/../lib/gcc/nios2-elf/4.1.2/../../../../nios2-elf/lib/libc.a(lib_a-mprec.o)
 .data          0x0081cbac        0x0 /OPT/altera/12.1/nios2eds/bin/gnu/H-i686-pc-linux-gnu/bin/../lib/gcc/nios2-elf/4.1.2/../../../../nios2-elf/lib/libc.a(lib_a-putc.o)
 .data          0x0081cbac        0x0 /OPT/altera/12.1/nios2eds/bin/gnu/H-i686-pc-linux-gnu/bin/../lib/gcc/nios2-elf/4.1.2/../../../../nios2-elf/lib/libc.a(lib_a-reallocr.o)
 .data          0x0081cbac        0x0 /OPT/altera/12.1/nios2eds/bin/gnu/H-i686-pc-linux-gnu/bin/../lib/gcc/nios2-elf/4.1.2/../../../../nios2-elf/lib/libc.a(lib_a-refill.o)
 .data          0x0081cbac        0x0 /OPT/altera/12.1/nios2eds/bin/gnu/H-i686-pc-linux-gnu/bin/../lib/gcc/nios2-elf/4.1.2/../../../../nios2-elf/lib/libc.a(lib_a-s_isinfd.o)
 .data          0x0081cbac        0x0 /OPT/altera/12.1/nios2eds/bin/gnu/H-i686-pc-linux-gnu/bin/../lib/gcc/nios2-elf/4.1.2/../../../../nios2-elf/lib/libc.a(lib_a-s_isnand.o)
 .data          0x0081cbac        0x0 /OPT/altera/12.1/nios2eds/bin/gnu/H-i686-pc-linux-gnu/bin/../lib/gcc/nios2-elf/4.1.2/../../../../nios2-elf/lib/libc.a(lib_a-sccl.o)
 .data          0x0081cbac        0x0 /OPT/altera/12.1/nios2eds/bin/gnu/H-i686-pc-linux-gnu/bin/../lib/gcc/nios2-elf/4.1.2/../../../../nios2-elf/lib/libc.a(lib_a-sf_nan.o)
 .data          0x0081cbac        0x0 /OPT/altera/12.1/nios2eds/bin/gnu/H-i686-pc-linux-gnu/bin/../lib/gcc/nios2-elf/4.1.2/../../../../nios2-elf/lib/libc.a(lib_a-stdio.o)
 .data          0x0081cbac        0x0 /OPT/altera/12.1/nios2eds/bin/gnu/H-i686-pc-linux-gnu/bin/../lib/gcc/nios2-elf/4.1.2/../../../../nios2-elf/lib/libc.a(lib_a-strcmp.o)
 .data          0x0081cbac       0x28 /OPT/altera/12.1/nios2eds/bin/gnu/H-i686-pc-linux-gnu/bin/../lib/gcc/nios2-elf/4.1.2/../../../../nios2-elf/lib/libc.a(lib_a-strtod.o)
 .data          0x0081cbd4        0x0 /OPT/altera/12.1/nios2eds/bin/gnu/H-i686-pc-linux-gnu/bin/../lib/gcc/nios2-elf/4.1.2/../../../../nios2-elf/lib/libc.a(lib_a-strtol.o)
 .data          0x0081cbd4        0x0 /OPT/altera/12.1/nios2eds/bin/gnu/H-i686-pc-linux-gnu/bin/../lib/gcc/nios2-elf/4.1.2/../../../../nios2-elf/lib/libc.a(lib_a-strtoll_r.o)
 .data          0x0081cbd4        0x0 /OPT/altera/12.1/nios2eds/bin/gnu/H-i686-pc-linux-gnu/bin/../lib/gcc/nios2-elf/4.1.2/../../../../nios2-elf/lib/libc.a(lib_a-strtoul.o)
 .data          0x0081cbd4        0x0 /OPT/altera/12.1/nios2eds/bin/gnu/H-i686-pc-linux-gnu/bin/../lib/gcc/nios2-elf/4.1.2/../../../../nios2-elf/lib/libc.a(lib_a-strtoull_r.o)
 .data          0x0081cbd4        0x0 /OPT/altera/12.1/nios2eds/bin/gnu/H-i686-pc-linux-gnu/bin/../lib/gcc/nios2-elf/4.1.2/../../../../nios2-elf/lib/libc.a(lib_a-ungetc.o)
 .data          0x0081cbd4        0x0 /OPT/altera/12.1/nios2eds/bin/gnu/H-i686-pc-linux-gnu/bin/../lib/gcc/nios2-elf/4.1.2/../../../../nios2-elf/lib/libc.a(lib_a-wbuf.o)
 .data          0x0081cbd4        0x0 /OPT/altera/12.1/nios2eds/bin/gnu/H-i686-pc-linux-gnu/bin/../lib/gcc/nios2-elf/4.1.2/../../../../nios2-elf/lib/libc.a(lib_a-writer.o)
 .data          0x0081cbd4        0x0 /OPT/altera/12.1/nios2eds/bin/gnu/H-i686-pc-linux-gnu/bin/../lib/gcc/nios2-elf/4.1.2/../../../../nios2-elf/lib/libc.a(lib_a-callocr.o)
 .data          0x0081cbd4        0x0 /OPT/altera/12.1/nios2eds/bin/gnu/H-i686-pc-linux-gnu/bin/../lib/gcc/nios2-elf/4.1.2/../../../../nios2-elf/lib/libc.a(lib_a-closer.o)
 .data          0x0081cbd4        0x0 /OPT/altera/12.1/nios2eds/bin/gnu/H-i686-pc-linux-gnu/bin/../lib/gcc/nios2-elf/4.1.2/../../../../nios2-elf/lib/libc.a(lib_a-fclose.o)
 .data          0x0081cbd4        0x0 /OPT/altera/12.1/nios2eds/bin/gnu/H-i686-pc-linux-gnu/bin/../lib/gcc/nios2-elf/4.1.2/../../../../nios2-elf/lib/libc.a(lib_a-fstatr.o)
 .data          0x0081cbd4        0x0 /OPT/altera/12.1/nios2eds/bin/gnu/H-i686-pc-linux-gnu/bin/../lib/gcc/nios2-elf/4.1.2/../../../../nios2-elf/lib/libc.a(lib_a-gdtoa-gethex.o)
 .data          0x0081cbd4        0x0 /OPT/altera/12.1/nios2eds/bin/gnu/H-i686-pc-linux-gnu/bin/../lib/gcc/nios2-elf/4.1.2/../../../../nios2-elf/lib/libc.a(lib_a-gdtoa-hexnan.o)
 .data          0x0081cbd4        0x0 /OPT/altera/12.1/nios2eds/bin/gnu/H-i686-pc-linux-gnu/bin/../lib/gcc/nios2-elf/4.1.2/../../../../nios2-elf/lib/libc.a(lib_a-isattyr.o)
 .data          0x0081cbd4        0x0 /OPT/altera/12.1/nios2eds/bin/gnu/H-i686-pc-linux-gnu/bin/../lib/gcc/nios2-elf/4.1.2/../../../../nios2-elf/lib/libc.a(lib_a-lseekr.o)
 .data          0x0081cbd4        0x0 /OPT/altera/12.1/nios2eds/bin/gnu/H-i686-pc-linux-gnu/bin/../lib/gcc/nios2-elf/4.1.2/../../../../nios2-elf/lib/libc.a(lib_a-readr.o)
 .data          0x0081cbd4        0x0 /OPT/altera/12.1/nios2eds/bin/gnu/H-i686-pc-linux-gnu/bin/../lib/gcc/nios2-elf/4.1.2/libgcc.a(_muldi3.o)
 .data          0x0081cbd4        0x0 /OPT/altera/12.1/nios2eds/bin/gnu/H-i686-pc-linux-gnu/bin/../lib/gcc/nios2-elf/4.1.2/libgcc.a(_fixunsdfsi.o)
 .data          0x0081cbd4        0x0 /OPT/altera/12.1/nios2eds/bin/gnu/H-i686-pc-linux-gnu/bin/../lib/gcc/nios2-elf/4.1.2/libgcc.a(_udivdi3.o)
 .data          0x0081cbd4        0x0 /OPT/altera/12.1/nios2eds/bin/gnu/H-i686-pc-linux-gnu/bin/../lib/gcc/nios2-elf/4.1.2/libgcc.a(_umoddi3.o)
 .data          0x0081cbd4        0x0 /OPT/altera/12.1/nios2eds/bin/gnu/H-i686-pc-linux-gnu/bin/../lib/gcc/nios2-elf/4.1.2/libgcc.a(_ne_sf.o)
 .data          0x0081cbd4        0x0 /OPT/altera/12.1/nios2eds/bin/gnu/H-i686-pc-linux-gnu/bin/../lib/gcc/nios2-elf/4.1.2/libgcc.a(_gt_sf.o)
 .data          0x0081cbd4        0x0 /OPT/altera/12.1/nios2eds/bin/gnu/H-i686-pc-linux-gnu/bin/../lib/gcc/nios2-elf/4.1.2/libgcc.a(_lt_sf.o)
 .data          0x0081cbd4        0x0 /OPT/altera/12.1/nios2eds/bin/gnu/H-i686-pc-linux-gnu/bin/../lib/gcc/nios2-elf/4.1.2/libgcc.a(_addsub_df.o)
 .data          0x0081cbd4        0x0 /OPT/altera/12.1/nios2eds/bin/gnu/H-i686-pc-linux-gnu/bin/../lib/gcc/nios2-elf/4.1.2/libgcc.a(_mul_df.o)
 .data          0x0081cbd4        0x0 /OPT/altera/12.1/nios2eds/bin/gnu/H-i686-pc-linux-gnu/bin/../lib/gcc/nios2-elf/4.1.2/libgcc.a(_div_df.o)
 .data          0x0081cbd4        0x0 /OPT/altera/12.1/nios2eds/bin/gnu/H-i686-pc-linux-gnu/bin/../lib/gcc/nios2-elf/4.1.2/libgcc.a(_eq_df.o)
 .data          0x0081cbd4        0x0 /OPT/altera/12.1/nios2eds/bin/gnu/H-i686-pc-linux-gnu/bin/../lib/gcc/nios2-elf/4.1.2/libgcc.a(_ne_df.o)
 .data          0x0081cbd4        0x0 /OPT/altera/12.1/nios2eds/bin/gnu/H-i686-pc-linux-gnu/bin/../lib/gcc/nios2-elf/4.1.2/libgcc.a(_gt_df.o)
 .data          0x0081cbd4        0x0 /OPT/altera/12.1/nios2eds/bin/gnu/H-i686-pc-linux-gnu/bin/../lib/gcc/nios2-elf/4.1.2/libgcc.a(_ge_df.o)
 .data          0x0081cbd4        0x0 /OPT/altera/12.1/nios2eds/bin/gnu/H-i686-pc-linux-gnu/bin/../lib/gcc/nios2-elf/4.1.2/libgcc.a(_lt_df.o)
 .data          0x0081cbd4        0x0 /OPT/altera/12.1/nios2eds/bin/gnu/H-i686-pc-linux-gnu/bin/../lib/gcc/nios2-elf/4.1.2/libgcc.a(_le_df.o)
 .data          0x0081cbd4        0x0 /OPT/altera/12.1/nios2eds/bin/gnu/H-i686-pc-linux-gnu/bin/../lib/gcc/nios2-elf/4.1.2/libgcc.a(_si_to_df.o)
 .data          0x0081cbd4        0x0 /OPT/altera/12.1/nios2eds/bin/gnu/H-i686-pc-linux-gnu/bin/../lib/gcc/nios2-elf/4.1.2/libgcc.a(_df_to_si.o)
 .data          0x0081cbd4        0x0 /OPT/altera/12.1/nios2eds/bin/gnu/H-i686-pc-linux-gnu/bin/../lib/gcc/nios2-elf/4.1.2/libgcc.a(_df_to_sf.o)
 .data          0x0081cbd4        0x0 /OPT/altera/12.1/nios2eds/bin/gnu/H-i686-pc-linux-gnu/bin/../lib/gcc/nios2-elf/4.1.2/libgcc.a(_thenan_df.o)
 .data          0x0081cbd4        0x0 /OPT/altera/12.1/nios2eds/bin/gnu/H-i686-pc-linux-gnu/bin/../lib/gcc/nios2-elf/4.1.2/libgcc.a(_usi_to_df.o)
 .data          0x0081cbd4        0x0 /OPT/altera/12.1/nios2eds/bin/gnu/H-i686-pc-linux-gnu/bin/../lib/gcc/nios2-elf/4.1.2/libgcc.a(lib2-divmod.o)
 .data          0x0081cbd4        0x0 /OPT/altera/12.1/nios2eds/bin/gnu/H-i686-pc-linux-gnu/bin/../lib/gcc/nios2-elf/4.1.2/libgcc.a(_clz.o)
 .data          0x0081cbd4        0x0 /OPT/altera/12.1/nios2eds/bin/gnu/H-i686-pc-linux-gnu/bin/../lib/gcc/nios2-elf/4.1.2/libgcc.a(_clzsi2.o)
 .data          0x0081cbd4        0x0 /OPT/altera/12.1/nios2eds/bin/gnu/H-i686-pc-linux-gnu/bin/../lib/gcc/nios2-elf/4.1.2/libgcc.a(_unpack_sf.o)
 .data          0x0081cbd4        0x0 /OPT/altera/12.1/nios2eds/bin/gnu/H-i686-pc-linux-gnu/bin/../lib/gcc/nios2-elf/4.1.2/libgcc.a(_fpcmp_parts_sf.o)
 .data          0x0081cbd4        0x0 /OPT/altera/12.1/nios2eds/bin/gnu/H-i686-pc-linux-gnu/bin/../lib/gcc/nios2-elf/4.1.2/libgcc.a(_make_sf.o)
 .data          0x0081cbd4        0x0 /OPT/altera/12.1/nios2eds/bin/gnu/H-i686-pc-linux-gnu/bin/../lib/gcc/nios2-elf/4.1.2/libgcc.a(_pack_df.o)
 .data          0x0081cbd4        0x0 /OPT/altera/12.1/nios2eds/bin/gnu/H-i686-pc-linux-gnu/bin/../lib/gcc/nios2-elf/4.1.2/libgcc.a(_unpack_df.o)
 .data          0x0081cbd4        0x0 /OPT/altera/12.1/nios2eds/bin/gnu/H-i686-pc-linux-gnu/bin/../lib/gcc/nios2-elf/4.1.2/libgcc.a(_fpcmp_parts_df.o)
 .data          0x0081cbd4        0x0 /OPT/altera/12.1/nios2eds/bin/gnu/H-i686-pc-linux-gnu/bin/../lib/gcc/nios2-elf/4.1.2/libgcc.a(_pack_sf.o)
 .data          0x0081cbd4        0x0 ../TiltMazeController_bsp//libucosii_bsp.a(alt_close.o)
 .data          0x0081cbd4      0x1a8 ../TiltMazeController_bsp//libucosii_bsp.a(alt_dev.o)
                0x0081cbd4                alt_dev_null
                0x0081cbfc                alt_fd_list
 .data          0x0081cd7c        0x0 ../TiltMazeController_bsp//libucosii_bsp.a(alt_errno.o)
 .data          0x0081cd7c        0x0 ../TiltMazeController_bsp//libucosii_bsp.a(alt_fstat.o)
 .data          0x0081cd7c        0x0 ../TiltMazeController_bsp//libucosii_bsp.a(alt_isatty.o)
 .data          0x0081cd7c        0x0 ../TiltMazeController_bsp//libucosii_bsp.a(alt_load.o)
 .data          0x0081cd7c        0x0 ../TiltMazeController_bsp//libucosii_bsp.a(alt_lseek.o)
 .data          0x0081cd7c        0x0 ../TiltMazeController_bsp//libucosii_bsp.a(alt_main.o)
 .data          0x0081cd7c        0x0 ../TiltMazeController_bsp//libucosii_bsp.a(alt_read.o)
 .data          0x0081cd7c        0x0 ../TiltMazeController_bsp//libucosii_bsp.a(alt_release_fd.o)
 .data          0x0081cd7c        0x0 ../TiltMazeController_bsp//libucosii_bsp.a(alt_sbrk.o)
 .data          0x0081cd7c        0x0 ../TiltMazeController_bsp//libucosii_bsp.a(alt_write.o)
 .data          0x0081cd7c        0x0 ../TiltMazeController_bsp//libucosii_bsp.a(alt_env_lock.o)
 .data          0x0081cd7c        0x0 ../TiltMazeController_bsp//libucosii_bsp.a(alt_malloc_lock.o)
 .data          0x0081cd7c        0x0 ../TiltMazeController_bsp//libucosii_bsp.a(os_core.o)
 .data          0x0081cd7c        0x0 ../TiltMazeController_bsp//libucosii_bsp.a(os_dbg.o)
 .data          0x0081cd7c        0x0 ../TiltMazeController_bsp//libucosii_bsp.a(os_flag.o)
 .data          0x0081cd7c        0x0 ../TiltMazeController_bsp//libucosii_bsp.a(os_mem.o)
 .data          0x0081cd7c        0x0 ../TiltMazeController_bsp//libucosii_bsp.a(os_q.o)
 .data          0x0081cd7c        0x0 ../TiltMazeController_bsp//libucosii_bsp.a(os_sem.o)
 .data          0x0081cd7c        0x0 ../TiltMazeController_bsp//libucosii_bsp.a(os_task.o)
 .data          0x0081cd7c        0x0 ../TiltMazeController_bsp//libucosii_bsp.a(os_time.o)
 .data          0x0081cd7c     0x10c4 ../TiltMazeController_bsp//libucosii_bsp.a(alt_sys_init.o)
 .data          0x0081de40        0x0 ../TiltMazeController_bsp//libucosii_bsp.a(altera_avalon_jtag_uart_fd.o)
 .data          0x0081de40        0x0 ../TiltMazeController_bsp//libucosii_bsp.a(altera_avalon_jtag_uart_init.o)
 .data          0x0081de40        0x0 ../TiltMazeController_bsp//libucosii_bsp.a(altera_avalon_jtag_uart_ioctl.o)
 .data          0x0081de40        0x0 ../TiltMazeController_bsp//libucosii_bsp.a(altera_avalon_jtag_uart_read.o)
 .data          0x0081de40        0x0 ../TiltMazeController_bsp//libucosii_bsp.a(altera_avalon_jtag_uart_write.o)
 .data          0x0081de40        0x0 ../TiltMazeController_bsp//libucosii_bsp.a(altera_avalon_timer_sc.o)
 .data          0x0081de40        0x0 ../TiltMazeController_bsp//libucosii_bsp.a(altera_up_avalon_character_lcd.o)
 .data          0x0081de40        0x0 ../TiltMazeController_bsp//libucosii_bsp.a(altera_up_avalon_rs232.o)
 .data          0x0081de40        0x0 ../TiltMazeController_bsp//libucosii_bsp.a(alt_alarm_start.o)
 .data          0x0081de40        0x0 ../TiltMazeController_bsp//libucosii_bsp.a(alt_dcache_flush_all.o)
 .data          0x0081de40        0x0 ../TiltMazeController_bsp//libucosii_bsp.a(alt_dev_llist_insert.o)
 .data          0x0081de40        0x0 ../TiltMazeController_bsp//libucosii_bsp.a(alt_do_ctors.o)
 .data          0x0081de40        0x0 ../TiltMazeController_bsp//libucosii_bsp.a(alt_do_dtors.o)
 .data          0x0081de40        0x0 ../TiltMazeController_bsp//libucosii_bsp.a(alt_find_dev.o)
 .data          0x0081de40        0x0 ../TiltMazeController_bsp//libucosii_bsp.a(alt_icache_flush_all.o)
 .data          0x0081de40        0x0 ../TiltMazeController_bsp//libucosii_bsp.a(alt_io_redirect.o)
 .data          0x0081de40        0x0 ../TiltMazeController_bsp//libucosii_bsp.a(alt_irq_register.o)
 .data          0x0081de40        0x0 ../TiltMazeController_bsp//libucosii_bsp.a(alt_irq_vars.o)
 .data          0x0081de40        0x0 ../TiltMazeController_bsp//libucosii_bsp.a(alt_open.o)
 .data          0x0081de40        0x0 ../TiltMazeController_bsp//libucosii_bsp.a(alt_tick.o)
 .data          0x0081de40        0x0 ../TiltMazeController_bsp//libucosii_bsp.a(altera_nios2_qsys_irq.o)
 .data          0x0081de40        0x0 ../TiltMazeController_bsp//libucosii_bsp.a(os_cpu_a.o)
 .data          0x0081de40        0x0 ../TiltMazeController_bsp//libucosii_bsp.a(os_cpu_c.o)
 .data          0x0081de40        0x0 ../TiltMazeController_bsp//libucosii_bsp.a(alt_find_file.o)
 .data          0x0081de40        0x0 ../TiltMazeController_bsp//libucosii_bsp.a(alt_get_fd.o)
 .data          0x0081de40        0x0 ../TiltMazeController_bsp//libucosii_bsp.a(alt_icache_flush.o)
 .data          0x0081de40        0x0 ../TiltMazeController_bsp//libucosii_bsp.a(alt_irq_entry.o)
 .data          0x0081de40        0x0 ../TiltMazeController_bsp//libucosii_bsp.a(alt_irq_handler.o)
 .data          0x0081de40        0x0 ../TiltMazeController_bsp//libucosii_bsp.a(alt_exception_entry.o)
 .data          0x0081de40        0x0 /OPT/altera/12.1/nios2eds/bin/gnu/H-i686-pc-linux-gnu/bin/../lib/gcc/nios2-elf/4.1.2/../../../../nios2-elf/lib/libc.a(lib_a-atexit.o)
 .data          0x0081de40        0x0 /OPT/altera/12.1/nios2eds/bin/gnu/H-i686-pc-linux-gnu/bin/../lib/gcc/nios2-elf/4.1.2/../../../../nios2-elf/lib/libc.a(lib_a-exit.o)
 .data          0x0081de40        0x0 /OPT/altera/12.1/nios2eds/bin/gnu/H-i686-pc-linux-gnu/bin/../lib/gcc/nios2-elf/4.1.2/../../../../nios2-elf/lib/libc.a(lib_a-memcmp.o)
 .data          0x0081de40        0x0 /OPT/altera/12.1/nios2eds/bin/gnu/H-i686-pc-linux-gnu/bin/../lib/gcc/nios2-elf/4.1.2/../../../../nios2-elf/lib/libc.a(lib_a-__atexit.o)
 .data          0x0081de40        0x0 /OPT/altera/12.1/nios2eds/bin/gnu/H-i686-pc-linux-gnu/bin/../lib/gcc/nios2-elf/4.1.2/../../../../nios2-elf/lib/libc.a(lib_a-__call_atexit.o)
 .data          0x0081de40        0x0 ../TiltMazeController_bsp//libucosii_bsp.a(alt_exit.o)
                0x00825e40                _gp = ABSOLUTE ((. + 0x8000))
                0x00825e40                PROVIDE (gp, _gp)
 *(.rwdata .rwdata.*)
 *(.sdata .sdata.* .gnu.linkonce.s.*)
 .sdata         0x0081de40        0x8 /OPT/altera/12.1/nios2eds/bin/gnu/H-i686-pc-linux-gnu/bin/../lib/gcc/nios2-elf/4.1.2/../../../../nios2-elf/lib/libc.a(lib_a-mallocr.o)
                0x0081de40                __malloc_trim_threshold
                0x0081de44                __malloc_sbrk_base
 .sdata         0x0081de48        0x4 /OPT/altera/12.1/nios2eds/bin/gnu/H-i686-pc-linux-gnu/bin/../lib/gcc/nios2-elf/4.1.2/../../../../nios2-elf/lib/libc.a(lib_a-ctype_.o)
                0x0081de48                __ctype_ptr
 .sdata         0x0081de4c        0x8 /OPT/altera/12.1/nios2eds/bin/gnu/H-i686-pc-linux-gnu/bin/../lib/gcc/nios2-elf/4.1.2/../../../../nios2-elf/lib/libc.a(lib_a-impure.o)
                0x0081de4c                _impure_ptr
                0x0081de50                _global_impure_ptr
 .sdata         0x0081de54        0x8 /OPT/altera/12.1/nios2eds/bin/gnu/H-i686-pc-linux-gnu/bin/../lib/gcc/nios2-elf/4.1.2/../../../../nios2-elf/lib/libc.a(lib_a-locale.o)
                0x0081de54                __mb_cur_max
 .sdata         0x0081de5c       0x14 ../TiltMazeController_bsp//libucosii_bsp.a(alt_dev.o)
                0x0081de5c                alt_fs_list
                0x0081de64                alt_dev_list
                0x0081de6c                alt_max_fd
 .sdata         0x0081de70        0x4 ../TiltMazeController_bsp//libucosii_bsp.a(alt_errno.o)
                0x0081de70                alt_errno
 .sdata         0x0081de74        0x4 ../TiltMazeController_bsp//libucosii_bsp.a(alt_sbrk.o)
 .sdata         0x0081de78        0x4 ../TiltMazeController_bsp//libucosii_bsp.a(alt_env_lock.o)
 .sdata         0x0081de7c        0x4 ../TiltMazeController_bsp//libucosii_bsp.a(alt_malloc_lock.o)
 .sdata         0x0081de80       0x74 ../TiltMazeController_bsp//libucosii_bsp.a(os_dbg.o)
                0x0081de80                OSDebugEn
                0x0081de84                OSEndiannessTest
                0x0081de88                OSEventEn
                0x0081de8a                OSEventMax
                0x0081de8c                OSEventNameSize
                0x0081de8e                OSEventSize
                0x0081de90                OSEventTblSize
                0x0081de92                OSEventMultiEn
                0x0081de94                OSFlagEn
                0x0081de96                OSFlagGrpSize
                0x0081de98                OSFlagNodeSize
                0x0081de9a                OSFlagWidth
                0x0081de9c                OSFlagMax
                0x0081de9e                OSFlagNameSize
                0x0081dea0                OSLowestPrio
                0x0081dea2                OSMboxEn
                0x0081dea4                OSMemEn
                0x0081dea6                OSMemMax
                0x0081dea8                OSMemNameSize
                0x0081deaa                OSMemSize
                0x0081deac                OSMemTblSize
                0x0081deae                OSMutexEn
                0x0081deb0                OSPtrSize
                0x0081deb2                OSQEn
                0x0081deb4                OSQMax
                0x0081deb6                OSQSize
                0x0081deb8                OSRdyTblSize
                0x0081deba                OSSemEn
                0x0081debc                OSStkWidth
                0x0081debe                OSTaskCreateEn
                0x0081dec0                OSTaskCreateExtEn
                0x0081dec2                OSTaskDelEn
                0x0081dec4                OSTaskIdleStkSize
                0x0081dec6                OSTaskProfileEn
                0x0081dec8                OSTaskMax
                0x0081deca                OSTaskNameSize
                0x0081decc                OSTaskStatEn
                0x0081dece                OSTaskStatStkSize
                0x0081ded0                OSTaskStatStkChkEn
                0x0081ded2                OSTaskSwHookEn
                0x0081ded4                OSTCBPrioTblMax
                0x0081ded6                OSTCBSize
                0x0081ded8                OSTicksPerSec
                0x0081deda                OSTimeTickHookEn
                0x0081dedc                OSVersionNbr
                0x0081dede                OSTmrEn
                0x0081dee0                OSTmrCfgMax
                0x0081dee2                OSTmrCfgNameSize
                0x0081dee4                OSTmrCfgWheelSize
                0x0081dee6                OSTmrCfgTicksPerSec
                0x0081dee8                OSTmrSize
                0x0081deea                OSTmrTblSize
                0x0081deec                OSTmrWheelSize
                0x0081deee                OSTmrWheelTblSize
                0x0081def0                OSDataSize
 .sdata         0x0081def4        0x4 ../TiltMazeController_bsp//libucosii_bsp.a(alt_irq_vars.o)
                0x0081def4                alt_priority_mask
 .sdata         0x0081def8        0x8 ../TiltMazeController_bsp//libucosii_bsp.a(alt_tick.o)
                0x0081def8                alt_alarm_list
 *(.sdata2 .sdata2.* .gnu.linkonce.s2.*)
                0x0081df00                . = ALIGN (0x4)
                0x0081df00                _edata = ABSOLUTE (.)
                0x0081df00                PROVIDE (edata, ABSOLUTE (.))
                0x0081df00                PROVIDE (__ram_rwdata_end, ABSOLUTE (.))
                0x0081df00                PROVIDE (__flash_rwdata_start, LOADADDR (.rwdata))

.bss            0x0081fa68     0x76bc
                0x0081fa68                __bss_start = ABSOLUTE (.)
                0x0081fa68                PROVIDE (__sbss_start, ABSOLUTE (.))
                0x0081fa68                PROVIDE (___sbss_start, ABSOLUTE (.))
 *(.dynsbss)
 *(.sbss .sbss.* .gnu.linkonce.sb.*)
 .sbss          0x0081fa68        0x4 obj/default/main.o
                0x0081fa68                cmdQ
 .sbss          0x0081fa6c        0x4 obj/default/uart.o
                0x0081fa6c                uart
 .sbss          0x0081fa70        0xc /OPT/altera/12.1/nios2eds/bin/gnu/H-i686-pc-linux-gnu/bin/../lib/gcc/nios2-elf/4.1.2/../../../../nios2-elf/lib/libc.a(lib_a-mallocr.o)
                0x0081fa70                __malloc_top_pad
                0x0081fa74                __malloc_max_sbrked_mem
                0x0081fa78                __malloc_max_total_mem
 .sbss          0x0081fa7c        0x4 /OPT/altera/12.1/nios2eds/bin/gnu/H-i686-pc-linux-gnu/bin/../lib/gcc/nios2-elf/4.1.2/../../../../nios2-elf/lib/libc.a(lib_a-int_errno.o)
                0x0081fa7c                errno
 .sbss          0x0081fa80        0xc /OPT/altera/12.1/nios2eds/bin/gnu/H-i686-pc-linux-gnu/bin/../lib/gcc/nios2-elf/4.1.2/../../../../nios2-elf/lib/libc.a(lib_a-locale.o)
                0x0081fa80                __nlocale_changed
                0x0081fa84                __mlocale_changed
                0x0081fa88                _PathLocale
 .sbss          0x0081fa8c        0x4 ../TiltMazeController_bsp//libucosii_bsp.a(alt_dev.o)
                0x0081fa8c                alt_fd_list_lock
 .sbss          0x0081fa90        0xc ../TiltMazeController_bsp//libucosii_bsp.a(alt_main.o)
                0x0081fa90                alt_argc
                0x0081fa94                alt_argv
                0x0081fa98                alt_envp
 .sbss          0x0081fa9c        0x8 ../TiltMazeController_bsp//libucosii_bsp.a(alt_env_lock.o)
                0x0081faa0                alt_envsem
 .sbss          0x0081faa4        0x8 ../TiltMazeController_bsp//libucosii_bsp.a(alt_malloc_lock.o)
                0x0081faa8                alt_heapsem
 .sbss          0x0081faac       0x50 ../TiltMazeController_bsp//libucosii_bsp.a(os_core.o)
                0x0081faac                OSLockNesting
                0x0081faad                OSRunning
                0x0081fab0                OSIdleCtr
                0x0081fab4                OSPrioHighRdy
                0x0081fab5                OSPrioCur
                0x0081fab8                OSTCBList
                0x0081fabc                OSTickStepState
                0x0081fac0                OSCtxSwCtr
                0x0081fac4                OSIdleCtrMax
                0x0081fac8                OSTCBFreeList
                0x0081facc                OSCPUUsage
                0x0081facd                OSTaskCtr
                0x0081fad0                OSMemFreeList
                0x0081fad4                OSTCBHighRdy
                0x0081fad8                OSQFreeList
                0x0081fadc                OSRdyGrp
                0x0081fadd                OSRdyTbl
                0x0081fae0                OSEventFreeList
                0x0081fae4                OSIntNesting
                0x0081fae8                OSTCBCur
                0x0081faec                OSTime
                0x0081faf0                OSFlagFreeList
                0x0081faf4                OSStatRdy
                0x0081faf8                OSIdleCtrRun
 .sbss          0x0081fafc        0x4 ../TiltMazeController_bsp//libucosii_bsp.a(alt_irq_vars.o)
                0x0081fafc                alt_irq_active
 .sbss          0x0081fb00        0x8 ../TiltMazeController_bsp//libucosii_bsp.a(alt_tick.o)
                0x0081fb00                _alt_tick_rate
                0x0081fb04                _alt_nticks
 *(.sbss2 .sbss2.* .gnu.linkonce.sb2.*)
 *(.scommon)
                0x0081fb08                PROVIDE (__sbss_end, ABSOLUTE (.))
                0x0081fb08                PROVIDE (___sbss_end, ABSOLUTE (.))
 *(.dynbss)
 *(.bss .bss.* .gnu.linkonce.b.*)
 .bss           0x0081fb08        0x0 ../TiltMazeController_bsp//obj/HAL/src/crt0.o
 .bss           0x0081fb08        0x0 obj/default/command.o
 .bss           0x0081fb08        0x0 obj/default/main.o
 .bss           0x0081fb08        0x0 obj/default/uart.o
 .bss           0x0081fb08        0x0 /OPT/altera/12.1/nios2eds/bin/gnu/H-i686-pc-linux-gnu/bin/../lib/gcc/nios2-elf/4.1.2/../../../../nios2-elf/lib/libc.a(lib_a-malloc.o)
 .bss           0x0081fb08       0x28 /OPT/altera/12.1/nios2eds/bin/gnu/H-i686-pc-linux-gnu/bin/../lib/gcc/nios2-elf/4.1.2/../../../../nios2-elf/lib/libc.a(lib_a-mallocr.o)
                0x0081fb08                __malloc_current_mallinfo
 .bss           0x0081fb30        0x0 /OPT/altera/12.1/nios2eds/bin/gnu/H-i686-pc-linux-gnu/bin/../lib/gcc/nios2-elf/4.1.2/../../../../nios2-elf/lib/libc.a(lib_a-printf.o)
 .bss           0x0081fb30        0x0 /OPT/altera/12.1/nios2eds/bin/gnu/H-i686-pc-linux-gnu/bin/../lib/gcc/nios2-elf/4.1.2/../../../../nios2-elf/lib/libc.a(lib_a-putchar.o)
 .bss           0x0081fb30        0x0 /OPT/altera/12.1/nios2eds/bin/gnu/H-i686-pc-linux-gnu/bin/../lib/gcc/nios2-elf/4.1.2/../../../../nios2-elf/lib/libc.a(lib_a-puts.o)
 .bss           0x0081fb30        0x0 /OPT/altera/12.1/nios2eds/bin/gnu/H-i686-pc-linux-gnu/bin/../lib/gcc/nios2-elf/4.1.2/../../../../nios2-elf/lib/libc.a(lib_a-sbrkr.o)
 .bss           0x0081fb30        0x0 /OPT/altera/12.1/nios2eds/bin/gnu/H-i686-pc-linux-gnu/bin/../lib/gcc/nios2-elf/4.1.2/../../../../nios2-elf/lib/libc.a(lib_a-sprintf.o)
 .bss           0x0081fb30        0x0 /OPT/altera/12.1/nios2eds/bin/gnu/H-i686-pc-linux-gnu/bin/../lib/gcc/nios2-elf/4.1.2/../../../../nios2-elf/lib/libc.a(lib_a-sscanf.o)
 .bss           0x0081fb30        0x0 /OPT/altera/12.1/nios2eds/bin/gnu/H-i686-pc-linux-gnu/bin/../lib/gcc/nios2-elf/4.1.2/../../../../nios2-elf/lib/libc.a(lib_a-strlen.o)
 .bss           0x0081fb30        0x0 /OPT/altera/12.1/nios2eds/bin/gnu/H-i686-pc-linux-gnu/bin/../lib/gcc/nios2-elf/4.1.2/../../../../nios2-elf/lib/libc.a(lib_a-strncmp.o)
 .bss           0x0081fb30        0x0 /OPT/altera/12.1/nios2eds/bin/gnu/H-i686-pc-linux-gnu/bin/../lib/gcc/nios2-elf/4.1.2/../../../../nios2-elf/lib/libc.a(lib_a-vfprintf.o)
 .bss           0x0081fb30        0x0 /OPT/altera/12.1/nios2eds/bin/gnu/H-i686-pc-linux-gnu/bin/../lib/gcc/nios2-elf/4.1.2/../../../../nios2-elf/lib/libc.a(lib_a-vfscanf.o)
 .bss           0x0081fb30        0x0 /OPT/altera/12.1/nios2eds/bin/gnu/H-i686-pc-linux-gnu/bin/../lib/gcc/nios2-elf/4.1.2/../../../../nios2-elf/lib/libc.a(lib_a-wsetup.o)
 .bss           0x0081fb30        0x0 /OPT/altera/12.1/nios2eds/bin/gnu/H-i686-pc-linux-gnu/bin/../lib/gcc/nios2-elf/4.1.2/../../../../nios2-elf/lib/libc.a(lib_a-ctype_.o)
 .bss           0x0081fb30        0x0 /OPT/altera/12.1/nios2eds/bin/gnu/H-i686-pc-linux-gnu/bin/../lib/gcc/nios2-elf/4.1.2/../../../../nios2-elf/lib/libc.a(lib_a-dtoa.o)
 .bss           0x0081fb30        0x0 /OPT/altera/12.1/nios2eds/bin/gnu/H-i686-pc-linux-gnu/bin/../lib/gcc/nios2-elf/4.1.2/../../../../nios2-elf/lib/libc.a(lib_a-fflush.o)
 .bss           0x0081fb30        0x0 /OPT/altera/12.1/nios2eds/bin/gnu/H-i686-pc-linux-gnu/bin/../lib/gcc/nios2-elf/4.1.2/../../../../nios2-elf/lib/libc.a(lib_a-findfp.o)
 .bss           0x0081fb30        0x0 /OPT/altera/12.1/nios2eds/bin/gnu/H-i686-pc-linux-gnu/bin/../lib/gcc/nios2-elf/4.1.2/../../../../nios2-elf/lib/libc.a(lib_a-fread.o)
 .bss           0x0081fb30        0x0 /OPT/altera/12.1/nios2eds/bin/gnu/H-i686-pc-linux-gnu/bin/../lib/gcc/nios2-elf/4.1.2/../../../../nios2-elf/lib/libc.a(lib_a-freer.o)
 .bss           0x0081fb30        0x0 /OPT/altera/12.1/nios2eds/bin/gnu/H-i686-pc-linux-gnu/bin/../lib/gcc/nios2-elf/4.1.2/../../../../nios2-elf/lib/libc.a(lib_a-fvwrite.o)
 .bss           0x0081fb30        0x0 /OPT/altera/12.1/nios2eds/bin/gnu/H-i686-pc-linux-gnu/bin/../lib/gcc/nios2-elf/4.1.2/../../../../nios2-elf/lib/libc.a(lib_a-fwalk.o)
 .bss           0x0081fb30        0x0 /OPT/altera/12.1/nios2eds/bin/gnu/H-i686-pc-linux-gnu/bin/../lib/gcc/nios2-elf/4.1.2/../../../../nios2-elf/lib/libc.a(lib_a-impure.o)
 .bss           0x0081fb30        0x0 /OPT/altera/12.1/nios2eds/bin/gnu/H-i686-pc-linux-gnu/bin/../lib/gcc/nios2-elf/4.1.2/../../../../nios2-elf/lib/libc.a(lib_a-int_errno.o)
 .bss           0x0081fb30        0x0 /OPT/altera/12.1/nios2eds/bin/gnu/H-i686-pc-linux-gnu/bin/../lib/gcc/nios2-elf/4.1.2/../../../../nios2-elf/lib/libc.a(lib_a-iswspace.o)
 .bss           0x0081fb30        0x0 /OPT/altera/12.1/nios2eds/bin/gnu/H-i686-pc-linux-gnu/bin/../lib/gcc/nios2-elf/4.1.2/../../../../nios2-elf/lib/libc.a(lib_a-locale.o)
 .bss           0x0081fb30        0x0 /OPT/altera/12.1/nios2eds/bin/gnu/H-i686-pc-linux-gnu/bin/../lib/gcc/nios2-elf/4.1.2/../../../../nios2-elf/lib/libc.a(lib_a-makebuf.o)
 .bss           0x0081fb30        0x0 /OPT/altera/12.1/nios2eds/bin/gnu/H-i686-pc-linux-gnu/bin/../lib/gcc/nios2-elf/4.1.2/../../../../nios2-elf/lib/libc.a(lib_a-mbrtowc.o)
 .bss           0x0081fb30        0x0 /OPT/altera/12.1/nios2eds/bin/gnu/H-i686-pc-linux-gnu/bin/../lib/gcc/nios2-elf/4.1.2/../../../../nios2-elf/lib/libc.a(lib_a-mbtowc_r.o)
 .bss           0x0081fb30        0x0 /OPT/altera/12.1/nios2eds/bin/gnu/H-i686-pc-linux-gnu/bin/../lib/gcc/nios2-elf/4.1.2/../../../../nios2-elf/lib/libc.a(lib_a-memchr.o)
 .bss           0x0081fb30        0x0 /OPT/altera/12.1/nios2eds/bin/gnu/H-i686-pc-linux-gnu/bin/../lib/gcc/nios2-elf/4.1.2/../../../../nios2-elf/lib/libc.a(lib_a-memcpy.o)
 .bss           0x0081fb30        0x0 /OPT/altera/12.1/nios2eds/bin/gnu/H-i686-pc-linux-gnu/bin/../lib/gcc/nios2-elf/4.1.2/../../../../nios2-elf/lib/libc.a(lib_a-memmove.o)
 .bss           0x0081fb30        0x0 /OPT/altera/12.1/nios2eds/bin/gnu/H-i686-pc-linux-gnu/bin/../lib/gcc/nios2-elf/4.1.2/../../../../nios2-elf/lib/libc.a(lib_a-memset.o)
 .bss           0x0081fb30        0x0 /OPT/altera/12.1/nios2eds/bin/gnu/H-i686-pc-linux-gnu/bin/../lib/gcc/nios2-elf/4.1.2/../../../../nios2-elf/lib/libc.a(lib_a-mprec.o)
 .bss           0x0081fb30        0x0 /OPT/altera/12.1/nios2eds/bin/gnu/H-i686-pc-linux-gnu/bin/../lib/gcc/nios2-elf/4.1.2/../../../../nios2-elf/lib/libc.a(lib_a-putc.o)
 .bss           0x0081fb30        0x0 /OPT/altera/12.1/nios2eds/bin/gnu/H-i686-pc-linux-gnu/bin/../lib/gcc/nios2-elf/4.1.2/../../../../nios2-elf/lib/libc.a(lib_a-reallocr.o)
 .bss           0x0081fb30        0x0 /OPT/altera/12.1/nios2eds/bin/gnu/H-i686-pc-linux-gnu/bin/../lib/gcc/nios2-elf/4.1.2/../../../../nios2-elf/lib/libc.a(lib_a-refill.o)
 .bss           0x0081fb30        0x0 /OPT/altera/12.1/nios2eds/bin/gnu/H-i686-pc-linux-gnu/bin/../lib/gcc/nios2-elf/4.1.2/../../../../nios2-elf/lib/libc.a(lib_a-s_isinfd.o)
 .bss           0x0081fb30        0x0 /OPT/altera/12.1/nios2eds/bin/gnu/H-i686-pc-linux-gnu/bin/../lib/gcc/nios2-elf/4.1.2/../../../../nios2-elf/lib/libc.a(lib_a-s_isnand.o)
 .bss           0x0081fb30        0x0 /OPT/altera/12.1/nios2eds/bin/gnu/H-i686-pc-linux-gnu/bin/../lib/gcc/nios2-elf/4.1.2/../../../../nios2-elf/lib/libc.a(lib_a-sccl.o)
 .bss           0x0081fb30        0x0 /OPT/altera/12.1/nios2eds/bin/gnu/H-i686-pc-linux-gnu/bin/../lib/gcc/nios2-elf/4.1.2/../../../../nios2-elf/lib/libc.a(lib_a-sf_nan.o)
 .bss           0x0081fb30        0x0 /OPT/altera/12.1/nios2eds/bin/gnu/H-i686-pc-linux-gnu/bin/../lib/gcc/nios2-elf/4.1.2/../../../../nios2-elf/lib/libc.a(lib_a-stdio.o)
 .bss           0x0081fb30        0x0 /OPT/altera/12.1/nios2eds/bin/gnu/H-i686-pc-linux-gnu/bin/../lib/gcc/nios2-elf/4.1.2/../../../../nios2-elf/lib/libc.a(lib_a-strcmp.o)
 .bss           0x0081fb30        0x0 /OPT/altera/12.1/nios2eds/bin/gnu/H-i686-pc-linux-gnu/bin/../lib/gcc/nios2-elf/4.1.2/../../../../nios2-elf/lib/libc.a(lib_a-strtod.o)
 .bss           0x0081fb30        0x0 /OPT/altera/12.1/nios2eds/bin/gnu/H-i686-pc-linux-gnu/bin/../lib/gcc/nios2-elf/4.1.2/../../../../nios2-elf/lib/libc.a(lib_a-strtol.o)
 .bss           0x0081fb30        0x0 /OPT/altera/12.1/nios2eds/bin/gnu/H-i686-pc-linux-gnu/bin/../lib/gcc/nios2-elf/4.1.2/../../../../nios2-elf/lib/libc.a(lib_a-strtoll_r.o)
 .bss           0x0081fb30        0x0 /OPT/altera/12.1/nios2eds/bin/gnu/H-i686-pc-linux-gnu/bin/../lib/gcc/nios2-elf/4.1.2/../../../../nios2-elf/lib/libc.a(lib_a-strtoul.o)
 .bss           0x0081fb30        0x0 /OPT/altera/12.1/nios2eds/bin/gnu/H-i686-pc-linux-gnu/bin/../lib/gcc/nios2-elf/4.1.2/../../../../nios2-elf/lib/libc.a(lib_a-strtoull_r.o)
 .bss           0x0081fb30        0x0 /OPT/altera/12.1/nios2eds/bin/gnu/H-i686-pc-linux-gnu/bin/../lib/gcc/nios2-elf/4.1.2/../../../../nios2-elf/lib/libc.a(lib_a-ungetc.o)
 .bss           0x0081fb30        0x0 /OPT/altera/12.1/nios2eds/bin/gnu/H-i686-pc-linux-gnu/bin/../lib/gcc/nios2-elf/4.1.2/../../../../nios2-elf/lib/libc.a(lib_a-wbuf.o)
 .bss           0x0081fb30        0x0 /OPT/altera/12.1/nios2eds/bin/gnu/H-i686-pc-linux-gnu/bin/../lib/gcc/nios2-elf/4.1.2/../../../../nios2-elf/lib/libc.a(lib_a-writer.o)
 .bss           0x0081fb30        0x0 /OPT/altera/12.1/nios2eds/bin/gnu/H-i686-pc-linux-gnu/bin/../lib/gcc/nios2-elf/4.1.2/../../../../nios2-elf/lib/libc.a(lib_a-callocr.o)
 .bss           0x0081fb30        0x0 /OPT/altera/12.1/nios2eds/bin/gnu/H-i686-pc-linux-gnu/bin/../lib/gcc/nios2-elf/4.1.2/../../../../nios2-elf/lib/libc.a(lib_a-closer.o)
 .bss           0x0081fb30        0x0 /OPT/altera/12.1/nios2eds/bin/gnu/H-i686-pc-linux-gnu/bin/../lib/gcc/nios2-elf/4.1.2/../../../../nios2-elf/lib/libc.a(lib_a-fclose.o)
 .bss           0x0081fb30        0x0 /OPT/altera/12.1/nios2eds/bin/gnu/H-i686-pc-linux-gnu/bin/../lib/gcc/nios2-elf/4.1.2/../../../../nios2-elf/lib/libc.a(lib_a-fstatr.o)
 .bss           0x0081fb30        0x0 /OPT/altera/12.1/nios2eds/bin/gnu/H-i686-pc-linux-gnu/bin/../lib/gcc/nios2-elf/4.1.2/../../../../nios2-elf/lib/libc.a(lib_a-gdtoa-gethex.o)
 .bss           0x0081fb30        0x0 /OPT/altera/12.1/nios2eds/bin/gnu/H-i686-pc-linux-gnu/bin/../lib/gcc/nios2-elf/4.1.2/../../../../nios2-elf/lib/libc.a(lib_a-gdtoa-hexnan.o)
 .bss           0x0081fb30        0x0 /OPT/altera/12.1/nios2eds/bin/gnu/H-i686-pc-linux-gnu/bin/../lib/gcc/nios2-elf/4.1.2/../../../../nios2-elf/lib/libc.a(lib_a-isattyr.o)
 .bss           0x0081fb30        0x0 /OPT/altera/12.1/nios2eds/bin/gnu/H-i686-pc-linux-gnu/bin/../lib/gcc/nios2-elf/4.1.2/../../../../nios2-elf/lib/libc.a(lib_a-lseekr.o)
 .bss           0x0081fb30        0x0 /OPT/altera/12.1/nios2eds/bin/gnu/H-i686-pc-linux-gnu/bin/../lib/gcc/nios2-elf/4.1.2/../../../../nios2-elf/lib/libc.a(lib_a-readr.o)
 .bss           0x0081fb30        0x0 /OPT/altera/12.1/nios2eds/bin/gnu/H-i686-pc-linux-gnu/bin/../lib/gcc/nios2-elf/4.1.2/libgcc.a(_muldi3.o)
 .bss           0x0081fb30        0x0 /OPT/altera/12.1/nios2eds/bin/gnu/H-i686-pc-linux-gnu/bin/../lib/gcc/nios2-elf/4.1.2/libgcc.a(_fixunsdfsi.o)
 .bss           0x0081fb30        0x0 /OPT/altera/12.1/nios2eds/bin/gnu/H-i686-pc-linux-gnu/bin/../lib/gcc/nios2-elf/4.1.2/libgcc.a(_udivdi3.o)
 .bss           0x0081fb30        0x0 /OPT/altera/12.1/nios2eds/bin/gnu/H-i686-pc-linux-gnu/bin/../lib/gcc/nios2-elf/4.1.2/libgcc.a(_umoddi3.o)
 .bss           0x0081fb30        0x0 /OPT/altera/12.1/nios2eds/bin/gnu/H-i686-pc-linux-gnu/bin/../lib/gcc/nios2-elf/4.1.2/libgcc.a(_ne_sf.o)
 .bss           0x0081fb30        0x0 /OPT/altera/12.1/nios2eds/bin/gnu/H-i686-pc-linux-gnu/bin/../lib/gcc/nios2-elf/4.1.2/libgcc.a(_gt_sf.o)
 .bss           0x0081fb30        0x0 /OPT/altera/12.1/nios2eds/bin/gnu/H-i686-pc-linux-gnu/bin/../lib/gcc/nios2-elf/4.1.2/libgcc.a(_lt_sf.o)
 .bss           0x0081fb30        0x0 /OPT/altera/12.1/nios2eds/bin/gnu/H-i686-pc-linux-gnu/bin/../lib/gcc/nios2-elf/4.1.2/libgcc.a(_addsub_df.o)
 .bss           0x0081fb30        0x0 /OPT/altera/12.1/nios2eds/bin/gnu/H-i686-pc-linux-gnu/bin/../lib/gcc/nios2-elf/4.1.2/libgcc.a(_mul_df.o)
 .bss           0x0081fb30        0x0 /OPT/altera/12.1/nios2eds/bin/gnu/H-i686-pc-linux-gnu/bin/../lib/gcc/nios2-elf/4.1.2/libgcc.a(_div_df.o)