Archive member included because of file (symbol)

/OPT/altera/12.1/nios2eds/bin/gnu/H-i686-pc-linux-gnu/bin/../lib/gcc/nios2-elf/4.1.2/../../../../nios2-elf/lib/libc.a(lib_a-malloc.o)
                              obj/default/main.o (free)
/OPT/altera/12.1/nios2eds/bin/gnu/H-i686-pc-linux-gnu/bin/../lib/gcc/nios2-elf/4.1.2/../../../../nios2-elf/lib/libc.a(lib_a-mallocr.o)
                              /OPT/altera/12.1/nios2eds/bin/gnu/H-i686-pc-linux-gnu/bin/../lib/gcc/nios2-elf/4.1.2/../../../../nios2-elf/lib/libc.a(lib_a-malloc.o) (_malloc_r)
/OPT/altera/12.1/nios2eds/bin/gnu/H-i686-pc-linux-gnu/bin/../lib/gcc/nios2-elf/4.1.2/../../../../nios2-elf/lib/libc.a(lib_a-printf.o)
                              obj/default/main.o (printf)
/OPT/altera/12.1/nios2eds/bin/gnu/H-i686-pc-linux-gnu/bin/../lib/gcc/nios2-elf/4.1.2/../../../../nios2-elf/lib/libc.a(lib_a-putchar.o)
                              obj/default/uart.o (putchar)
/OPT/altera/12.1/nios2eds/bin/gnu/H-i686-pc-linux-gnu/bin/../lib/gcc/nios2-elf/4.1.2/../../../../nios2-elf/lib/libc.a(lib_a-puts.o)
                              obj/default/main.o (puts)
/OPT/altera/12.1/nios2eds/bin/gnu/H-i686-pc-linux-gnu/bin/../lib/gcc/nios2-elf/4.1.2/../../../../nios2-elf/lib/libc.a(lib_a-sbrkr.o)
                              /OPT/altera/12.1/nios2eds/bin/gnu/H-i686-pc-linux-gnu/bin/../lib/gcc/nios2-elf/4.1.2/../../../../nios2-elf/lib/libc.a(lib_a-mallocr.o) (_sbrk_r)
/OPT/altera/12.1/nios2eds/bin/gnu/H-i686-pc-linux-gnu/bin/../lib/gcc/nios2-elf/4.1.2/../../../../nios2-elf/lib/libc.a(lib_a-sprintf.o)
                              obj/default/main.o (sprintf)
/OPT/altera/12.1/nios2eds/bin/gnu/H-i686-pc-linux-gnu/bin/../lib/gcc/nios2-elf/4.1.2/../../../../nios2-elf/lib/libc.a(lib_a-sscanf.o)
                              obj/default/command.o (sscanf)
/OPT/altera/12.1/nios2eds/bin/gnu/H-i686-pc-linux-gnu/bin/../lib/gcc/nios2-elf/4.1.2/../../../../nios2-elf/lib/libc.a(lib_a-strlen.o)
                              /OPT/altera/12.1/nios2eds/bin/gnu/H-i686-pc-linux-gnu/bin/../lib/gcc/nios2-elf/4.1.2/../../../../nios2-elf/lib/libc.a(lib_a-puts.o) (strlen)
/OPT/altera/12.1/nios2eds/bin/gnu/H-i686-pc-linux-gnu/bin/../lib/gcc/nios2-elf/4.1.2/../../../../nios2-elf/lib/libc.a(lib_a-strncmp.o)
                              obj/default/command.o (strncmp)
/OPT/altera/12.1/nios2eds/bin/gnu/H-i686-pc-linux-gnu/bin/../lib/gcc/nios2-elf/4.1.2/../../../../nios2-elf/lib/libc.a(lib_a-vfprintf.o)
                              /OPT/altera/12.1/nios2eds/bin/gnu/H-i686-pc-linux-gnu/bin/../lib/gcc/nios2-elf/4.1.2/../../../../nios2-elf/lib/libc.a(lib_a-printf.o) (___vfprintf_internal_r)
/OPT/altera/12.1/nios2eds/bin/gnu/H-i686-pc-linux-gnu/bin/../lib/gcc/nios2-elf/4.1.2/../../../../nios2-elf/lib/libc.a(lib_a-vfscanf.o)
                              /OPT/altera/12.1/nios2eds/bin/gnu/H-i686-pc-linux-gnu/bin/../lib/gcc/nios2-elf/4.1.2/../../../../nios2-elf/lib/libc.a(lib_a-sscanf.o) (__svfscanf_r)
/OPT/altera/12.1/nios2eds/bin/gnu/H-i686-pc-linux-gnu/bin/../lib/gcc/nios2-elf/4.1.2/../../../../nios2-elf/lib/libc.a(lib_a-wsetup.o)
                              /OPT/altera/12.1/nios2eds/bin/gnu/H-i686-pc-linux-gnu/bin/../lib/gcc/nios2-elf/4.1.2/../../../../nios2-elf/lib/libc.a(lib_a-vfprintf.o) (__swsetup_r)
/OPT/altera/12.1/nios2eds/bin/gnu/H-i686-pc-linux-gnu/bin/../lib/gcc/nios2-elf/4.1.2/../../../../nios2-elf/lib/libc.a(lib_a-ctype_.o)
                              /OPT/altera/12.1/nios2eds/bin/gnu/H-i686-pc-linux-gnu/bin/../lib/gcc/nios2-elf/4.1.2/../../../../nios2-elf/lib/libc.a(lib_a-vfscanf.o) (__ctype_ptr)
/OPT/altera/12.1/nios2eds/bin/gnu/H-i686-pc-linux-gnu/bin/../lib/gcc/nios2-elf/4.1.2/../../../../nios2-elf/lib/libc.a(lib_a-dtoa.o)
                              /OPT/altera/12.1/nios2eds/bin/gnu/H-i686-pc-linux-gnu/bin/../lib/gcc/nios2-elf/4.1.2/../../../../nios2-elf/lib/libc.a(lib_a-vfprintf.o) (_dtoa_r)
/OPT/altera/12.1/nios2eds/bin/gnu/H-i686-pc-linux-gnu/bin/../lib/gcc/nios2-elf/4.1.2/../../../../nios2-elf/lib/libc.a(lib_a-fflush.o)
                              /OPT/altera/12.1/nios2eds/bin/gnu/H-i686-pc-linux-gnu/bin/../lib/gcc/nios2-elf/4.1.2/../../../../nios2-elf/lib/libc.a(lib_a-vfprintf.o) (_fflush_r)
/OPT/altera/12.1/nios2eds/bin/gnu/H-i686-pc-linux-gnu/bin/../lib/gcc/nios2-elf/4.1.2/../../../../nios2-elf/lib/libc.a(lib_a-findfp.o)
                              /OPT/altera/12.1/nios2eds/bin/gnu/H-i686-pc-linux-gnu/bin/../lib/gcc/nios2-elf/4.1.2/../../../../nios2-elf/lib/libc.a(lib_a-vfprintf.o) (__sinit)
/OPT/altera/12.1/nios2eds/bin/gnu/H-i686-pc-linux-gnu/bin/../lib/gcc/nios2-elf/4.1.2/../../../../nios2-elf/lib/libc.a(lib_a-fread.o)
                              /OPT/altera/12.1/nios2eds/bin/gnu/H-i686-pc-linux-gnu/bin/../lib/gcc/nios2-elf/4.1.2/../../../../nios2-elf/lib/libc.a(lib_a-vfscanf.o) (fread)
/OPT/altera/12.1/nios2eds/bin/gnu/H-i686-pc-linux-gnu/bin/../lib/gcc/nios2-elf/4.1.2/../../../../nios2-elf/lib/libc.a(lib_a-freer.o)
[...]
Memory Configuration

Name             Origin             Length             Attributes
sdram_0          0x00800000         0x00800000
reset            0x01000000         0x00000020
generic_tristate_controller_0 0x01000020         0x003fffe0
sram_0           0x01480000         0x00080000
onchip_memory2_0_BEFORE_EXCEPTION 0x01504000         0x00000020
onchip_memory2_0 0x01504020         0x00003fe0
descriptor_memory 0x01508000         0x00001000
*default*        0x00000000         0xffffffff

Linker script and memory map

LOAD ../TiltMazeController_Flash_bsp//obj/HAL/src/crt0.o
LOAD obj/default/command.o
LOAD obj/default/main.o
LOAD obj/default/uart.o
LOAD /OPT/altera/12.1/nios2eds/bin/gnu/H-i686-pc-linux-gnu/bin/../lib/gcc/nios2-elf/4.1.2/../../../../nios2-elf/lib/libstdc++.a
LOAD /OPT/altera/12.1/nios2eds/bin/gnu/H-i686-pc-linux-gnu/bin/../lib/gcc/nios2-elf/4.1.2/../../../../nios2-elf/lib/libm.a
LOAD /OPT/altera/12.1/nios2eds/bin/gnu/H-i686-pc-linux-gnu/bin/../lib/gcc/nios2-elf/4.1.2/libgcc.a
START GROUP
LOAD /OPT/altera/12.1/nios2eds/bin/gnu/H-i686-pc-linux-gnu/bin/../lib/gcc/nios2-elf/4.1.2/../../../../nios2-elf/lib/libc.a
LOAD /OPT/altera/12.1/nios2eds/bin/gnu/H-i686-pc-linux-gnu/bin/../lib/gcc/nios2-elf/4.1.2/libgcc.a
LOAD ../TiltMazeController_Flash_bsp//libucosii_bsp.a
END GROUP
LOAD /OPT/altera/12.1/nios2eds/bin/gnu/H-i686-pc-linux-gnu/bin/../lib/gcc/nios2-elf/4.1.2/libgcc.a
                0x00800000                __alt_mem_sdram_0 = 0x800000
                0x01000000                __alt_mem_generic_tristate_controller_0 = 0x1000000
                0x01480000                __alt_mem_sram_0 = 0x1480000
                0x01504000                __alt_mem_onchip_memory2_0 = 0x1504000
                0x01508000                __alt_mem_descriptor_memory = 0x1508000

.entry          0x01000000        0x0
 *(.entry)
 .entry         0x01000000        0x0 ../TiltMazeController_Flash_bsp//obj/HAL/src/crt0.o
                0x01000000                __reset

.exceptions     0x01504020      0x1a0
                0x01504020                PROVIDE (__ram_exceptions_start, ABSOLUTE (.))
                0x01504020                . = ALIGN (0x20)
 *(.irq)
 *(.exceptions.entry.label)
 .exceptions.entry.label
                0x01504020        0x0 ../TiltMazeController_Flash_bsp//libucosii_bsp.a(alt_irq_entry.o)
                0x01504020                alt_irq_entry
 .exceptions.entry.label
                0x01504020        0x0 ../TiltMazeController_Flash_bsp//libucosii_bsp.a(alt_exception_entry.o)
                0x01504020                alt_exception
 *(.exceptions.entry.user)
 *(.exceptions.entry)
 .exceptions.entry
                0x01504020       0x54 ../TiltMazeController_Flash_bsp//libucosii_bsp.a(alt_exception_entry.o)
 *(.exceptions.irqtest.user)
 *(.exceptions.irqtest)
 .exceptions.irqtest
                0x01504074       0x10 ../TiltMazeController_Flash_bsp//libucosii_bsp.a(alt_irq_entry.o)
 *(.exceptions.irqhandler.user)
 *(.exceptions.irqhandler)
 .exceptions.irqhandler
                0x01504084        0x4 ../TiltMazeController_Flash_bsp//libucosii_bsp.a(alt_irq_entry.o)
 *(.exceptions.irqreturn.user)
 *(.exceptions.irqreturn)
 .exceptions.irqreturn
                0x01504088        0x4 ../TiltMazeController_Flash_bsp//libucosii_bsp.a(alt_irq_entry.o)
 *(.exceptions.notirq.label)
 .exceptions.notirq.label
                0x0150408c        0x0 ../TiltMazeController_Flash_bsp//libucosii_bsp.a(alt_irq_entry.o)
 *(.exceptions.notirq.user)
 *(.exceptions.notirq)
 .exceptions.notirq
                0x0150408c        0x8 ../TiltMazeController_Flash_bsp//libucosii_bsp.a(alt_exception_entry.o)
 *(.exceptions.soft.user)
 *(.exceptions.soft)
 *(.exceptions.unknown.user)
 *(.exceptions.unknown)
 .exceptions.unknown
                0x01504094        0x4 ../TiltMazeController_Flash_bsp//libucosii_bsp.a(alt_exception_entry.o)
 *(.exceptions.exit.label)
 .exceptions.exit.label
                0x01504098        0x0 ../TiltMazeController_Flash_bsp//libucosii_bsp.a(alt_irq_entry.o)
 .exceptions.exit.label
                0x01504098        0x0 ../TiltMazeController_Flash_bsp//libucosii_bsp.a(alt_exception_entry.o)
 *(.exceptions.exit.user)
 *(.exceptions.exit)
 .exceptions.exit
                0x01504098       0x54 ../TiltMazeController_Flash_bsp//libucosii_bsp.a(alt_exception_entry.o)
 *(.exceptions)
 .exceptions    0x015040ec       0xd4 ../TiltMazeController_Flash_bsp//libucosii_bsp.a(alt_irq_handler.o)
                0x015040ec                alt_irq_handler
                0x015041c0                PROVIDE (__ram_exceptions_end, ABSOLUTE (.))
                0x01504020                PROVIDE (__flash_exceptions_start, LOADADDR (.exceptions))

.text           0x00800000    0x1b730
                0x00800000                PROVIDE (stext, ABSOLUTE (.))
 *(.interp)
 *(.hash)
 *(.dynsym)
 *(.dynstr)
 *(.gnu.version)
 *(.gnu.version_d)
 *(.gnu.version_r)
 *(.rel.init)
 *(.rela.init)
 *(.rel.text .rel.text.* .rel.gnu.linkonce.t.*)
 *(.rela.text .rela.text.* .rela.gnu.linkonce.t.*)
 *(.rel.fini)
 *(.rela.fini)
 *(.rel.rodata .rel.rodata.* .rel.gnu.linkonce.r.*)
 *(.rela.rodata .rela.rodata.* .rela.gnu.linkonce.r.*)
 *(.rel.data .rel.data.* .rel.gnu.linkonce.d.*)
 *(.rela.data .rela.data.* .rela.gnu.linkonce.d.*)
 *(.rel.tdata .rel.tdata.* .rel.gnu.linkonce.td.*)
 *(.rela.tdata .rela.tdata.* .rela.gnu.linkonce.td.*)
 *(.rel.tbss .rel.tbss.* .rel.gnu.linkonce.tb.*)
 *(.rela.tbss .rela.tbss.* .rela.gnu.linkonce.tb.*)
 *(.rel.ctors)
 *(.rela.ctors)
 *(.rel.dtors)
 *(.rela.dtors)
 *(.rel.got)
 *(.rela.got)
 *(.rel.sdata .rel.sdata.* .rel.gnu.linkonce.s.*)
 *(.rela.sdata .rela.sdata.* .rela.gnu.linkonce.s.*)
 *(.rel.sbss .rel.sbss.* .rel.gnu.linkonce.sb.*)
 *(.rela.sbss .rela.sbss.* .rela.gnu.linkonce.sb.*)
 *(.rel.sdata2 .rel.sdata2.* .rel.gnu.linkonce.s2.*)
 *(.rela.sdata2 .rela.sdata2.* .rela.gnu.linkonce.s2.*)
 *(.rel.sbss2 .rel.sbss2.* .rel.gnu.linkonce.sb2.*)
 *(.rela.sbss2 .rela.sbss2.* .rela.gnu.linkonce.sb2.*)
 *(.rel.bss .rel.bss.* .rel.gnu.linkonce.b.*)
 *(.rela.bss .rela.bss.* .rela.gnu.linkonce.b.*)
 *(.rel.plt)
 *(.rela.plt)
 *(.rel.dyn)
 *(.init)
 *(.plt)
 *(.text .stub .text.* .gnu.linkonce.t.*)
 .text          0x00800000       0x48 ../TiltMazeController_Flash_bsp//obj/HAL/src/crt0.o
                0x00800000                _start
 .text          0x00800048      0x18c obj/default/command.o
                0x00800048                process_cmd_buf
                0x0080018c                get_arg
 .text          0x008001d4      0x284 obj/default/main.o
                0x008001d4                maintask
                0x00800384                main
 .text          0x00800458      0x434 obj/default/uart.o
                0x00800458                uart_init
                0x008004a0                uarttask
                0x00800780                uart_write
 .text          0x0080088c       0x28 /OPT/altera/12.1/nios2eds/bin/gnu/H-i686-pc-linux-gnu/bin/../lib/gcc/nios2-elf/4.1.2/../../../../nios2-elf/lib/libc.a(lib_a-malloc.o)
                0x0080088c                free
                0x008008a0                malloc
 .text          0x008008b4      0x740 /OPT/altera/12.1/nios2eds/bin/gnu/H-i686-pc-linux-gnu/bin/../lib/gcc/nios2-elf/4.1.2/../../../../nios2-elf/lib/libc.a(lib_a-mallocr.o)
                0x008008b4                _malloc_r
 .text          0x00800ff4       0x78 /OPT/altera/12.1/nios2eds/bin/gnu/H-i686-pc-linux-gnu/bin/../lib/gcc/nios2-elf/4.1.2/../../../../nios2-elf/lib/libc.a(lib_a-printf.o)
                0x00800ff4                printf
                0x00801038                _printf_r
 .text          0x0080106c       0x24 /OPT/altera/12.1/nios2eds/bin/gnu/H-i686-pc-linux-gnu/bin/../lib/gcc/nios2-elf/4.1.2/../../../../nios2-elf/lib/libc.a(lib_a-putchar.o)
                0x0080106c                putchar
                0x00801088                _putchar_r
 .text          0x00801090       0xb4 /OPT/altera/12.1/nios2eds/bin/gnu/H-i686-pc-linux-gnu/bin/../lib/gcc/nios2-elf/4.1.2/../../../../nios2-elf/lib/libc.a(lib_a-puts.o)
                0x00801090                _puts_r
                0x00801130                puts
 .text          0x00801144       0x70 /OPT/altera/12.1/nios2eds/bin/gnu/H-i686-pc-linux-gnu/bin/../lib/gcc/nios2-elf/4.1.2/../../../../nios2-elf/lib/libc.a(lib_a-sbrkr.o)
                0x00801144                _sbrk_r
 .text          0x008011b4       0xd4 /OPT/altera/12.1/nios2eds/bin/gnu/H-i686-pc-linux-gnu/bin/../lib/gcc/nios2-elf/4.1.2/../../../../nios2-elf/lib/libc.a(lib_a-sprintf.o)
                0x008011b4                sprintf
                0x00801228                _sprintf_r
 .text          0x00801288      0x114 /OPT/altera/12.1/nios2eds/bin/gnu/H-i686-pc-linux-gnu/bin/../lib/gcc/nios2-elf/4.1.2/../../../../nios2-elf/lib/libc.a(lib_a-sscanf.o)
                0x00801290                _sscanf_r
                0x00801318                sscanf
 .text          0x0080139c       0x74 /OPT/altera/12.1/nios2eds/bin/gnu/H-i686-pc-linux-gnu/bin/../lib/gcc/nios2-elf/4.1.2/../../../../nios2-elf/lib/libc.a(lib_a-strlen.o)
                0x0080139c                strlen
 .text          0x00801410       0xf0 /OPT/altera/12.1/nios2eds/bin/gnu/H-i686-pc-linux-gnu/bin/../lib/gcc/nios2-elf/4.1.2/../../../../nios2-elf/lib/libc.a(lib_a-strncmp.o)
                0x00801410                strncmp
 .text          0x00801500     0x1f28 /OPT/altera/12.1/nios2eds/bin/gnu/H-i686-pc-linux-gnu/bin/../lib/gcc/nios2-elf/4.1.2/../../../../nios2-elf/lib/libc.a(lib_a-vfprintf.o)
                0x00801558                ___vfprintf_internal_r
                0x00803404                __vfprintf_internal
 .text          0x00803428     0x1780 /OPT/altera/12.1/nios2eds/bin/gnu/H-i686-pc-linux-gnu/bin/../lib/gcc/nios2-elf/4.1.2/../../../../nios2-elf/lib/libc.a(lib_a-vfscanf.o)
                0x00803428                __svfscanf_r
                0x00804aa8                __svfscanf
                0x00804acc                _vfscanf_r
                0x00804b34                vfscanf
 .text          0x00804ba8      0x13c /OPT/altera/12.1/nios2eds/bin/gnu/H-i686-pc-linux-gnu/bin/../lib/gcc/nios2-elf/4.1.2/../../../../nios2-elf/lib/libc.a(lib_a-wsetup.o)
                0x00804ba8                __swsetup_r
 .text          0x00804ce4        0x0 /OPT/altera/12.1/nios2eds/bin/gnu/H-i686-pc-linux-gnu/bin/../lib/gcc/nios2-elf/4.1.2/../../../../nios2-elf/lib/libc.a(lib_a-ctype_.o)
 .text          0x00804ce4     0x17cc /OPT/altera/12.1/nios2eds/bin/gnu/H-i686-pc-linux-gnu/bin/../lib/gcc/nios2-elf/4.1.2/../../../../nios2-elf/lib/libc.a(lib_a-dtoa.o)
                0x00804efc                _dtoa_r
 .text          0x008064b0      0x230 /OPT/altera/12.1/nios2eds/bin/gnu/H-i686-pc-linux-gnu/bin/../lib/gcc/nios2-elf/4.1.2/../../../../nios2-elf/lib/libc.a(lib_a-fflush.o)
                0x008064b0                _fflush_r
                0x008066ac                fflush
 .text          0x008066e0      0x2c0 /OPT/altera/12.1/nios2eds/bin/gnu/H-i686-pc-linux-gnu/bin/../lib/gcc/nios2-elf/4.1.2/../../../../nios2-elf/lib/libc.a(lib_a-findfp.o)
                0x00806738                __sfp_lock_acquire
                0x0080673c                __sfp_lock_release
                0x00806740                __sinit_lock_acquire
                0x00806744                __sinit_lock_release
                0x00806748                __sinit
                0x008067fc                __fp_unlock_all
                0x00806814                __fp_lock_all
                0x0080682c                _cleanup_r
                0x00806838                _cleanup
                0x00806848                __sfmoreglue
                0x008068b0                __sfp
 .text          0x008069a0      0x23c /OPT/altera/12.1/nios2eds/bin/gnu/H-i686-pc-linux-gnu/bin/../lib/gcc/nios2-elf/4.1.2/../../../../nios2-elf/lib/libc.a(lib_a-fread.o)
                0x008069a0                _fread_r
                0x00806b9c                fread
 .text          0x00806bdc      0x440 /OPT/altera/12.1/nios2eds/bin/gnu/H-i686-pc-linux-gnu/bin/../lib/gcc/nios2-elf/4.1.2/../../../../nios2-elf/lib/libc.a(lib_a-freer.o)
                0x00806bdc                _malloc_trim_r
                0x00806d08                _free_r
 .text          0x0080701c      0x49c /OPT/altera/12.1/nios2eds/bin/gnu/H-i686-pc-linux-gnu/bin/../lib/gcc/nios2-elf/4.1.2/../../../../nios2-elf/lib/libc.a(lib_a-fvwrite.o)
                0x0080701c                __sfvwrite_r
 .text          0x008074b8      0x180 /OPT/altera/12.1/nios2eds/bin/gnu/H-i686-pc-linux-gnu/bin/../lib/gcc/nios2-elf/4.1.2/../../../../nios2-elf/lib/libc.a(lib_a-fwalk.o)
                0x008074b8                _fwalk_reent
                0x00807580                _fwalk
 .text          0x00807638        0x0 /OPT/altera/12.1/nios2eds/bin/gnu/H-i686-pc-linux-gnu/bin/../lib/gcc/nios2-elf/4.1.2/../../../../nios2-elf/lib/libc.a(lib_a-impure.o)
 .text          0x00807638        0x0 /OPT/altera/12.1/nios2eds/bin/gnu/H-i686-pc-linux-gnu/bin/../lib/gcc/nios2-elf/4.1.2/../../../../nios2-elf/lib/libc.a(lib_a-int_errno.o)
 .text          0x00807638       0x2c /OPT/altera/12.1/nios2eds/bin/gnu/H-i686-pc-linux-gnu/bin/../lib/gcc/nios2-elf/4.1.2/../../../../nios2-elf/lib/libc.a(lib_a-iswspace.o)
                0x00807638                iswspace
 .text          0x00807664       0xc4 /OPT/altera/12.1/nios2eds/bin/gnu/H-i686-pc-linux-gnu/bin/../lib/gcc/nios2-elf/4.1.2/../../../../nios2-elf/lib/libc.a(lib_a-locale.o)
                0x00807664                __locale_charset
                0x0080766c                _localeconv_r
                0x00807678                localeconv
                0x00807688                _setlocale_r
                0x0080770c                setlocale
 .text          0x00807728      0x194 /OPT/altera/12.1/nios2eds/bin/gnu/H-i686-pc-linux-gnu/bin/../lib/gcc/nios2-elf/4.1.2/../../../../nios2-elf/lib/libc.a(lib_a-makebuf.o)
                0x00807728                __smakebuf_r
 .text          0x008078bc       0xc0 /OPT/altera/12.1/nios2eds/bin/gnu/H-i686-pc-linux-gnu/bin/../lib/gcc/nios2-elf/4.1.2/../../../../nios2-elf/lib/libc.a(lib_a-mbrtowc.o)
                0x008078bc                _mbrtowc_r
                0x0080793c                mbrtowc
 .text          0x0080797c       0x40 /OPT/altera/12.1/nios2eds/bin/gnu/H-i686-pc-linux-gnu/bin/../lib/gcc/nios2-elf/4.1.2/../../../../nios2-elf/lib/libc.a(lib_a-mbtowc_r.o)
                0x0080797c                _mbtowc_r
 .text          0x008079bc       0xe4 /OPT/altera/12.1/nios2eds/bin/gnu/H-i686-pc-linux-gnu/bin/../lib/gcc/nios2-elf/4.1.2/../../../../nios2-elf/lib/libc.a(lib_a-memchr.o)
                0x008079bc                memchr
 .text          0x00807aa0       0xa0 /OPT/altera/12.1/nios2eds/bin/gnu/H-i686-pc-linux-gnu/bin/../lib/gcc/nios2-elf/4.1.2/../../../../nios2-elf/lib/libc.a(lib_a-memcpy.o)
                0x00807aa0                memcpy
 .text          0x00807b40       0xe0 /OPT/altera/12.1/nios2eds/bin/gnu/H-i686-pc-linux-gnu/bin/../lib/gcc/nios2-elf/4.1.2/../../../../nios2-elf/lib/libc.a(lib_a-memmove.o)
                0x00807b40                memmove
 .text          0x00807c20       0x98 /OPT/altera/12.1/nios2eds/bin/gnu/H-i686-pc-linux-gnu/bin/../lib/gcc/nios2-elf/4.1.2/../../../../nios2-elf/lib/libc.a(lib_a-memset.o)
                0x00807c20                memset
 .text          0x00807cb8      0xff4 /OPT/altera/12.1/nios2eds/bin/gnu/H-i686-pc-linux-gnu/bin/../lib/gcc/nios2-elf/4.1.2/../../../../nios2-elf/lib/libc.a(lib_a-mprec.o)
                0x00807cb8                _Bfree
                0x00807ce0                __hi0bits
                0x00807d50                __lo0bits
                0x00807e14                __mcmp
                0x00807e74                __ulp
                0x00807ef4                __b2d
                0x00808014                __ratio
                0x008080c4                _mprec_log10
                0x00808158                __copybits
                0x008081b0                __any_on
                0x00808238                _Balloc
                0x008082f4                __d2b
                0x00808470                __mdiff
                0x008085fc                __lshift
                0x00808748                __multiply
                0x00808930                __i2b
                0x0080896c                __multadd
                0x00808a6c                __pow5mult
                0x00808b8c                __s2b
 .text          0x00808cac      0x1ec /OPT/altera/12.1/nios2eds/bin/gnu/H-i686-pc-linux-gnu/bin/../lib/gcc/nios2-elf/4.1.2/../../../../nios2-elf/lib/libc.a(lib_a-putc.o)
                0x00808cac                putc
                0x00808db0                _putc_r
 .text          0x00808e98      0x5f4 /OPT/altera/12.1/nios2eds/bin/gnu/H-i686-pc-linux-gnu/bin/../lib/gcc/nios2-elf/4.1.2/../../../../nios2-elf/lib/libc.a(lib_a-reallocr.o)
                0x00808e98                _realloc_r
 .text          0x0080948c      0x1e0 /OPT/altera/12.1/nios2eds/bin/gnu/H-i686-pc-linux-gnu/bin/../lib/gcc/nios2-elf/4.1.2/../../../../nios2-elf/lib/libc.a(lib_a-refill.o)
                0x0080948c                __srefill_r
 .text          0x0080966c       0x40 /OPT/altera/12.1/nios2eds/bin/gnu/H-i686-pc-linux-gnu/bin/../lib/gcc/nios2-elf/4.1.2/../../../../nios2-elf/lib/libc.a(lib_a-s_isinfd.o)
                0x0080966c                __isinfd
 .text          0x008096ac       0x30 /OPT/altera/12.1/nios2eds/bin/gnu/H-i686-pc-linux-gnu/bin/../lib/gcc/nios2-elf/4.1.2/../../../../nios2-elf/lib/libc.a(lib_a-s_isnand.o)
                0x008096ac                __isnand
 .text          0x008096dc       0xc0 /OPT/altera/12.1/nios2eds/bin/gnu/H-i686-pc-linux-gnu/bin/../lib/gcc/nios2-elf/4.1.2/../../../../nios2-elf/lib/libc.a(lib_a-sccl.o)
                0x008096dc                __sccl
 .text          0x0080979c        0x8 /OPT/altera/12.1/nios2eds/bin/gnu/H-i686-pc-linux-gnu/bin/../lib/gcc/nios2-elf/4.1.2/../../../../nios2-elf/lib/libc.a(lib_a-sf_nan.o)
                0x0080979c                nanf
 .text          0x008097a4      0x14c /OPT/altera/12.1/nios2eds/bin/gnu/H-i686-pc-linux-gnu/bin/../lib/gcc/nios2-elf/4.1.2/../../../../nios2-elf/lib/libc.a(lib_a-stdio.o)
                0x008097a4                __sclose
                0x008097ac                __sseek
                0x00809814                __swrite
                0x00809890                __sread
 .text          0x008098f0       0xbc /OPT/altera/12.1/nios2eds/bin/gnu/H-i686-pc-linux-gnu/bin/../lib/gcc/nios2-elf/4.1.2/../../../../nios2-elf/lib/libc.a(lib_a-strcmp.o)
                0x008098f0                strcmp
 .text          0x008099ac     0x166c /OPT/altera/12.1/nios2eds/bin/gnu/H-i686-pc-linux-gnu/bin/../lib/gcc/nios2-elf/4.1.2/../../../../nios2-elf/lib/libc.a(lib_a-strtod.o)
                0x008099f4                _strtod_r
                0x0080aed8                strtof
                0x0080affc                strtod
 .text          0x0080b018      0x268 /OPT/altera/12.1/nios2eds/bin/gnu/H-i686-pc-linux-gnu/bin/../lib/gcc/nios2-elf/4.1.2/../../../../nios2-elf/lib/libc.a(lib_a-strtol.o)
                0x0080b018                _strtol_r
                0x0080b25c                strtol
 .text          0x0080b280      0x318 /OPT/altera/12.1/nios2eds/bin/gnu/H-i686-pc-linux-gnu/bin/../lib/gcc/nios2-elf/4.1.2/../../../../nios2-elf/lib/libc.a(lib_a-strtoll_r.o)
                0x0080b280                _strtoll_r
 .text          0x0080b598      0x254 /OPT/altera/12.1/nios2eds/bin/gnu/H-i686-pc-linux-gnu/bin/../lib/gcc/nios2-elf/4.1.2/../../../../nios2-elf/lib/libc.a(lib_a-strtoul.o)
                0x0080b598                _strtoul_r
                0x0080b7c8                strtoul
 .text          0x0080b7ec      0x2f0 /OPT/altera/12.1/nios2eds/bin/gnu/H-i686-pc-linux-gnu/bin/../lib/gcc/nios2-elf/4.1.2/../../../../nios2-elf/lib/libc.a(lib_a-strtoull_r.o)
                0x0080b7ec                _strtoull_r
 .text          0x0080badc      0x294 /OPT/altera/12.1/nios2eds/bin/gnu/H-i686-pc-linux-gnu/bin/../lib/gcc/nios2-elf/4.1.2/../../../../nios2-elf/lib/libc.a(lib_a-ungetc.o)
                0x0080badc                __submore
                0x0080bbb8                _ungetc_r
                0x0080bd54                ungetc
 .text          0x0080bd70      0x14c /OPT/altera/12.1/nios2eds/bin/gnu/H-i686-pc-linux-gnu/bin/../lib/gcc/nios2-elf/4.1.2/../../../../nios2-elf/lib/libc.a(lib_a-wbuf.o)
                0x0080bd70                __swbuf_r
                0x0080bea0                __swbuf
 .text          0x0080bebc       0x78 /OPT/altera/12.1/nios2eds/bin/gnu/H-i686-pc-linux-gnu/bin/../lib/gcc/nios2-elf/4.1.2/../../../../nios2-elf/lib/libc.a(lib_a-writer.o)
                0x0080bebc                _write_r
 .text          0x0080bf34       0xb4 /OPT/altera/12.1/nios2eds/bin/gnu/H-i686-pc-linux-gnu/bin/../lib/gcc/nios2-elf/4.1.2/../../../../nios2-elf/lib/libc.a(lib_a-callocr.o)
                0x0080bf34                _calloc_r
 .text          0x0080bfe8       0x70 /OPT/altera/12.1/nios2eds/bin/gnu/H-i686-pc-linux-gnu/bin/../lib/gcc/nios2-elf/4.1.2/../../../../nios2-elf/lib/libc.a(lib_a-closer.o)
                0x0080bfe8                _close_r
 .text          0x0080c058      0x124 /OPT/altera/12.1/nios2eds/bin/gnu/H-i686-pc-linux-gnu/bin/../lib/gcc/nios2-elf/4.1.2/../../../../nios2-elf/lib/libc.a(lib_a-fclose.o)
                0x0080c058                _fclose_r
                0x0080c168                fclose
 .text          0x0080c17c       0x74 /OPT/altera/12.1/nios2eds/bin/gnu/H-i686-pc-linux-gnu/bin/../lib/gcc/nios2-elf/4.1.2/../../../../nios2-elf/lib/libc.a(lib_a-fstatr.o)
                0x0080c17c                _fstat_r
 .text          0x0080c1f0      0x8f4 /OPT/altera/12.1/nios2eds/bin/gnu/H-i686-pc-linux-gnu/bin/../lib/gcc/nios2-elf/4.1.2/../../../../nios2-elf/lib/libc.a(lib_a-gdtoa-gethex.o)
                0x0080c214                __hexdig_init
                0x0080c32c                __gethex
 .text          0x0080cae4      0x294 /OPT/altera/12.1/nios2eds/bin/gnu/H-i686-pc-linux-gnu/bin/../lib/gcc/nios2-elf/4.1.2/../../../../nios2-elf/lib/libc.a(lib_a-gdtoa-hexnan.o)
                0x0080cb30                __hexnan
 .text          0x0080cd78       0x70 /OPT/altera/12.1/nios2eds/bin/gnu/H-i686-pc-linux-gnu/bin/../lib/gcc/nios2-elf/4.1.2/../../../../nios2-elf/lib/libc.a(lib_a-isattyr.o)
                0x0080cd78                _isatty_r
 .text          0x0080cde8       0x78 /OPT/altera/12.1/nios2eds/bin/gnu/H-i686-pc-linux-gnu/bin/../lib/gcc/nios2-elf/4.1.2/../../../../nios2-elf/lib/libc.a(lib_a-lseekr.o)
                0x0080cde8                _lseek_r
 .text          0x0080ce60       0x78 /OPT/altera/12.1/nios2eds/bin/gnu/H-i686-pc-linux-gnu/bin/../lib/gcc/nios2-elf/4.1.2/../../../../nios2-elf/lib/libc.a(lib_a-readr.o)
                0x0080ce60                _read_r
 .text          0x0080ced8       0x98 /OPT/altera/12.1/nios2eds/bin/gnu/H-i686-pc-linux-gnu/bin/../lib/gcc/nios2-elf/4.1.2/libgcc.a(_muldi3.o)
                0x0080ced8                __muldi3
 .text          0x0080cf70       0xa4 /OPT/altera/12.1/nios2eds/bin/gnu/H-i686-pc-linux-gnu/bin/../lib/gcc/nios2-elf/4.1.2/libgcc.a(_fixunsdfsi.o)
                0x0080cf70                __fixunsdfsi
 .text          0x0080d014      0x5dc /OPT/altera/12.1/nios2eds/bin/gnu/H-i686-pc-linux-gnu/bin/../lib/gcc/nios2-elf/4.1.2/libgcc.a(_udivdi3.o)
                0x0080d014                __udivdi3
 .text          0x0080d5f0      0x5b0 /OPT/altera/12.1/nios2eds/bin/gnu/H-i686-pc-linux-gnu/bin/../lib/gcc/nios2-elf/4.1.2/libgcc.a(_umoddi3.o)
                0x0080d5f0                __umoddi3
 .text          0x0080dba0       0x78 /OPT/altera/12.1/nios2eds/bin/gnu/H-i686-pc-linux-gnu/bin/../lib/gcc/nios2-elf/4.1.2/libgcc.a(_ne_sf.o)
                0x0080dba0                __nesf2
 .text          0x0080dc18       0x78 /OPT/altera/12.1/nios2eds/bin/gnu/H-i686-pc-linux-gnu/bin/../lib/gcc/nios2-elf/4.1.2/libgcc.a(_gt_sf.o)
                0x0080dc18                __gtsf2
 .text          0x0080dc90       0x78 /OPT/altera/12.1/nios2eds/bin/gnu/H-i686-pc-linux-gnu/bin/../lib/gcc/nios2-elf/4.1.2/libgcc.a(_lt_sf.o)
                0x0080dc90                __ltsf2
 .text          0x0080dd08      0x504 /OPT/altera/12.1/nios2eds/bin/gnu/H-i686-pc-linux-gnu/bin/../lib/gcc/nios2-elf/4.1.2/libgcc.a(_addsub_df.o)
                0x0080e118                __subdf3
                0x0080e198                __adddf3
 .text          0x0080e20c      0x3c4 /OPT/altera/12.1/nios2eds/bin/gnu/H-i686-pc-linux-gnu/bin/../lib/gcc/nios2-elf/4.1.2/libgcc.a(_mul_df.o)
                0x0080e20c                __muldf3
 .text          0x0080e5d0      0x258 /OPT/altera/12.1/nios2eds/bin/gnu/H-i686-pc-linux-gnu/bin/../lib/gcc/nios2-elf/4.1.2/libgcc.a(_div_df.o)
                0x0080e5d0                __divdf3
 .text          0x0080e828       0x88 /OPT/altera/12.1/nios2eds/bin/gnu/H-i686-pc-linux-gnu/bin/../lib/gcc/nios2-elf/4.1.2/libgcc.a(_eq_df.o)
                0x0080e828                __eqdf2
 .text          0x0080e8b0       0x88 /OPT/altera/12.1/nios2eds/bin/gnu/H-i686-pc-linux-gnu/bin/../lib/gcc/nios2-elf/4.1.2/libgcc.a(_ne_df.o)
                0x0080e8b0                __nedf2
 .text          0x0080e938       0x88 /OPT/altera/12.1/nios2eds/bin/gnu/H-i686-pc-linux-gnu/bin/../lib/gcc/nios2-elf/4.1.2/libgcc.a(_gt_df.o)
                0x0080e938                __gtdf2
 .text          0x0080e9c0       0x88 /OPT/altera/12.1/nios2eds/bin/gnu/H-i686-pc-linux-gnu/bin/../lib/gcc/nios2-elf/4.1.2/libgcc.a(_ge_df.o)
                0x0080e9c0                __gedf2
 .text          0x0080ea48       0x88 /OPT/altera/12.1/nios2eds/bin/gnu/H-i686-pc-linux-gnu/bin/../lib/gcc/nios2-elf/4.1.2/libgcc.a(_lt_df.o)
                0x0080ea48                __ltdf2
 .text          0x0080ead0       0x88 /OPT/altera/12.1/nios2eds/bin/gnu/H-i686-pc-linux-gnu/bin/../lib/gcc/nios2-elf/4.1.2/libgcc.a(_le_df.o)
                0x0080ead0                __ledf2
 .text          0x0080eb58       0xf8 /OPT/altera/12.1/nios2eds/bin/gnu/H-i686-pc-linux-gnu/bin/../lib/gcc/nios2-elf/4.1.2/libgcc.a(_si_to_df.o)
                0x0080eb58                __floatsidf
 .text          0x0080ec50       0xd8 /OPT/altera/12.1/nios2eds/bin/gnu/H-i686-pc-linux-gnu/bin/../lib/gcc/nios2-elf/4.1.2/libgcc.a(_df_to_si.o)
                0x0080ec50                __fixdfsi
 .text          0x0080ed28       0x74 /OPT/altera/12.1/nios2eds/bin/gnu/H-i686-pc-linux-gnu/bin/../lib/gcc/nios2-elf/4.1.2/libgcc.a(_df_to_sf.o)
                0x0080ed28                __truncdfsf2
 .text          0x0080ed9c        0x0 /OPT/altera/12.1/nios2eds/bin/gnu/H-i686-pc-linux-gnu/bin/../lib/gcc/nios2-elf/4.1.2/libgcc.a(_thenan_df.o)
 .text          0x0080ed9c      0x194 /OPT/altera/12.1/nios2eds/bin/gnu/H-i686-pc-linux-gnu/bin/../lib/gcc/nios2-elf/4.1.2/libgcc.a(_usi_to_df.o)
                0x0080ed9c                __floatunsidf
 .text          0x0080ef30      0x14c /OPT/altera/12.1/nios2eds/bin/gnu/H-i686-pc-linux-gnu/bin/../lib/gcc/nios2-elf/4.1.2/libgcc.a(lib2-divmod.o)
                0x0080efac                __divsi3
                0x0080f00c                __modsi3
                0x0080f06c                __udivsi3
                0x0080f074                __umodsi3
 .text          0x0080f07c        0x0 /OPT/altera/12.1/nios2eds/bin/gnu/H-i686-pc-linux-gnu/bin/../lib/gcc/nios2-elf/4.1.2/libgcc.a(_clz.o)
 .text          0x0080f07c       0x80 /OPT/altera/12.1/nios2eds/bin/gnu/H-i686-pc-linux-gnu/bin/../lib/gcc/nios2-elf/4.1.2/libgcc.a(_clzsi2.o)
                0x0080f07c                __clzsi2
 .text          0x0080f0fc       0xc8 /OPT/altera/12.1/nios2eds/bin/gnu/H-i686-pc-linux-gnu/bin/../lib/gcc/nios2-elf/4.1.2/libgcc.a(_unpack_sf.o)
                0x0080f0fc                __unpack_f
 .text          0x0080f1c4       0xa8 /OPT/altera/12.1/nios2eds/bin/gnu/H-i686-pc-linux-gnu/bin/../lib/gcc/nios2-elf/4.1.2/libgcc.a(_fpcmp_parts_sf.o)
                0x0080f1c4                __fpcmp_parts_f
 .text          0x0080f26c       0x2c /OPT/altera/12.1/nios2eds/bin/gnu/H-i686-pc-linux-gnu/bin/../lib/gcc/nios2-elf/4.1.2/libgcc.a(_make_sf.o)
                0x0080f26c                __make_fp
 .text          0x0080f298      0x314 /OPT/altera/12.1/nios2eds/bin/gnu/H-i686-pc-linux-gnu/bin/../lib/gcc/nios2-elf/4.1.2/libgcc.a(_pack_df.o)
                0x0080f298                __pack_d
 .text          0x0080f5ac      0x138 /OPT/altera/12.1/nios2eds/bin/gnu/H-i686-pc-linux-gnu/bin/../lib/gcc/nios2-elf/4.1.2/libgcc.a(_unpack_df.o)
                0x0080f5ac                __unpack_d
 .text          0x0080f6e4       0xc8 /OPT/altera/12.1/nios2eds/bin/gnu/H-i686-pc-linux-gnu/bin/../lib/gcc/nios2-elf/4.1.2/libgcc.a(_fpcmp_parts_df.o)
                0x0080f6e4                __fpcmp_parts_d
 .text          0x0080f7ac      0x160 /OPT/altera/12.1/nios2eds/bin/gnu/H-i686-pc-linux-gnu/bin/../lib/gcc/nios2-elf/4.1.2/libgcc.a(_pack_sf.o)
                0x0080f7ac                __pack_f
 .text          0x0080f90c      0x15c ../TiltMazeController_Flash_bsp//libucosii_bsp.a(alt_close.o)
                0x0080f90c                close
 .text          0x0080fa68       0x2c ../TiltMazeController_Flash_bsp//libucosii_bsp.a(alt_dev.o)
 .text          0x0080fa94        0x0 ../TiltMazeController_Flash_bsp//libucosii_bsp.a(alt_errno.o)
 .text          0x0080fa94      0x134 ../TiltMazeController_Flash_bsp//libucosii_bsp.a(alt_fstat.o)
                0x0080fa94                fstat
 .text          0x0080fbc8      0x120 ../TiltMazeController_Flash_bsp//libucosii_bsp.a(alt_isatty.o)
                0x0080fbc8                isatty
 .text          0x0080fce8      0x150 ../TiltMazeController_Flash_bsp//libucosii_bsp.a(alt_lseek.o)
                0x0080fce8                lseek
 .text          0x0080fe38       0xc8 ../TiltMazeController_Flash_bsp//libucosii_bsp.a(alt_main.o)
                0x0080fe38                alt_main
 .text          0x0080ff00      0x180 ../TiltMazeController_Flash_bsp//libucosii_bsp.a(alt_read.o)
                0x0080ff00                read
 .text          0x00810080       0x60 ../TiltMazeController_Flash_bsp//libucosii_bsp.a(alt_release_fd.o)
                0x00810080                alt_release_fd
 .text          0x008100e0       0xbc ../TiltMazeController_Flash_bsp//libucosii_bsp.a(alt_sbrk.o)
                0x008100e0                sbrk
 .text          0x0081019c      0x180 ../TiltMazeController_Flash_bsp//libucosii_bsp.a(alt_write.o)
                0x0081019c                write
 .text          0x0081031c      0x108 ../TiltMazeController_Flash_bsp//libucosii_bsp.a(alt_env_lock.o)
                0x0081031c                __env_lock
                0x008103c8                __env_unlock
 .text          0x00810424      0x1d8 ../TiltMazeController_Flash_bsp//libucosii_bsp.a(alt_malloc_lock.o)
                0x00810424                __malloc_lock
                0x0081052c                __malloc_unlock
 .text          0x008105fc     0x2128 ../TiltMazeController_Flash_bsp//libucosii_bsp.a(os_core.o)
                0x008105fc                OSEventNameGet
                0x0081072c                OSEventNameSet
                0x00810870                OSEventPendMulti
                0x00810f24                OSInit
                0x00810f78                OSIntEnter
                0x00810ff4                OSIntExit
                0x008110f4                OSSchedLock
                0x00811180                OSSchedUnlock
                0x00811264                OSStart
                0x008112d4                OSStatInit
                0x00811380                OSTimeTick
                0x008115c0                OSVersion
                0x008115e0                OS_Dummy
                0x008115fc                OS_EventTaskRdy
                0x00811790                OS_EventTaskWait
                0x008118a0                OS_EventTaskWaitMulti
                0x008119f4                OS_EventTaskRemove
                0x00811aac                OS_EventTaskRemoveMulti
                0x00811bb0                OS_EventWaitListInit
                0x00811f7c                OS_MemClr
                0x00811fd0                OS_MemCopy
                0x0081203c                OS_Sched
                0x00812180                OS_StrCopy
                0x00812200                OS_StrLen
                0x00812258                OS_TaskIdle
                0x008122b4                OS_TaskStat
                0x0081237c                OS_TaskStatStkChk
                0x00812444                OS_TCBInit
 .text          0x00812724      0x18c ../TiltMazeController_Flash_bsp//libucosii_bsp.a(os_dbg.o)
                0x00812724                OSDebugInit
 .text          0x008128b0     0x193c ../TiltMazeController_Flash_bsp//libucosii_bsp.a(os_flag.o)
                0x008128b0                OSFlagAccept
                0x00812be4                OSFlagCreate
                0x00812d20                OSFlagDel
                0x00812fc8                OSFlagNameGet
                0x0081310c                OSFlagNameSet
                0x00813260                OSFlagPend
                0x008138a4                OSFlagPendGetFlagsRdy
                0x0081390c                OSFlagPost
                0x00813cb4                OSFlagQuery
                0x00813f4c                OS_FlagInit
                0x00814140                OS_FlagUnlink
 .text          0x008141ec      0x808 ../TiltMazeController_Flash_bsp//libucosii_bsp.a(os_mem.o)
                0x008141ec                OSMemCreate
                0x00814408                OSMemGet
                0x0081450c                OSMemNameGet
                0x00814618                OSMemNameSet
                0x00814738                OSMemPut
                0x00814828                OSMemQuery
                0x00814924                OS_MemInit
 .text          0x008149f4     0x1334 ../TiltMazeController_Flash_bsp//libucosii_bsp.a(os_q.o)
                0x008149f4                OSQAccept
                0x00814b48                OSQCreate
                0x00814d5c                OSQDel
                0x0081505c                OSQFlush
                0x00815124                OSQPend
                0x00815444                OSQPendAbort
                0x008155c0                OSQPost
                0x00815740                OSQPostFront
                0x008158c8                OSQPostOpt
                0x00815afc                OSQQuery
                0x00815c7c                OS_QInit
 .text          0x00815d28      0xbc8 ../TiltMazeController_Flash_bsp//libucosii_bsp.a(os_sem.o)
                0x00815d28                OSSemAccept
                0x00815de8                OSSemCreate
                0x00815efc                OSSemDel
                0x0081619c                OSSemPend
                0x00816418                OSSemPendAbort
                0x00816594                OSSemPost
                0x008166bc                OSSemQuery
                0x008167ec                OSSemSet
 .text          0x008168f0     0x1a40 ../TiltMazeController_Flash_bsp//libucosii_bsp.a(os_task.o)
                0x008168f0                OSTaskChangePrio
                0x00816e64                OSTaskCreate
                0x00817038                OSTaskCreateExt
                0x00817238                OSTaskDel
                0x00817644                OSTaskDelReq
                0x008177b4                OSTaskNameGet
                0x0081796c                OSTaskNameSet
                0x00817b30                OSTaskResume
                0x00817d48                OSTaskStkChk
                0x00817f44                OSTaskSuspend
                0x00818170                OSTaskQuery
                0x008182b4                OS_TaskStkClr
 .text          0x00818330      0x598 ../TiltMazeController_Flash_bsp//libucosii_bsp.a(os_time.o)
                0x00818330                OSTimeDly
                0x0081847c                OSTimeDlyHMSM
                0x008185f0                OSTimeDlyResume
                0x00818800                OSTimeGet
                0x00818864                OSTimeSet
 .text          0x008188c8       0xec ../TiltMazeController_Flash_bsp//libucosii_bsp.a(alt_sys_init.o)
                0x008188c8                alt_irq_init
                0x008188fc                alt_sys_init
 .text          0x008189b4      0x148 ../TiltMazeController_Flash_bsp//libucosii_bsp.a(altera_avalon_jtag_uart_fd.o)
                0x008189b4                altera_avalon_jtag_uart_read_fd
                0x00818a0c                altera_avalon_jtag_uart_write_fd
                0x00818a64                altera_avalon_jtag_uart_close_fd
                0x00818aac                altera_avalon_jtag_uart_ioctl_fd
 .text          0x00818afc      0x580 ../TiltMazeController_Flash_bsp//libucosii_bsp.a(altera_avalon_jtag_uart_init.o)
                0x00818afc                altera_avalon_jtag_uart_init
                0x00819008                altera_avalon_jtag_uart_close
 .text          0x0081907c       0xf4 ../TiltMazeController_Flash_bsp//libucosii_bsp.a(altera_avalon_jtag_uart_ioctl.o)
                0x0081907c                altera_avalon_jtag_uart_ioctl
 .text          0x00819170      0x2c0 ../TiltMazeController_Flash_bsp//libucosii_bsp.a(altera_avalon_jtag_uart_read.o)
                0x00819170                altera_avalon_jtag_uart_read
 .text          0x00819430      0x2dc ../TiltMazeController_Flash_bsp//libucosii_bsp.a(altera_avalon_jtag_uart_write.o)
                0x00819430                altera_avalon_jtag_uart_write
 .text          0x0081970c       0xfc ../TiltMazeController_Flash_bsp//libucosii_bsp.a(altera_avalon_timer_sc.o)
                0x00819780                alt_avalon_timer_sc_init
 .text          0x00819808      0x530 ../TiltMazeController_Flash_bsp//libucosii_bsp.a(altera_up_avalon_character_lcd.o)
                0x00819808                get_DDRAM_addr
                0x00819884                alt_up_character_lcd_send_cmd
                0x008198b8                alt_up_character_lcd_init
                0x008198ec                alt_up_character_lcd_open_dev
                0x0081992c                alt_up_character_lcd_write
                0x008199a4                alt_up_character_lcd_string
                0x00819a1c                alt_up_character_lcd_write_fd
                0x00819a68                alt_up_character_lcd_set_cursor_pos
                0x00819ae0                alt_up_character_lcd_shift_cursor
                0x00819b90                alt_up_character_lcd_shift_display
                0x00819c40                alt_up_character_lcd_erase_pos
                0x00819cd0                alt_up_character_lcd_cursor_off
                0x00819d04                alt_up_character_lcd_cursor_blink_on
 .text          0x00819d38      0x398 ../TiltMazeController_Flash_bsp//libucosii_bsp.a(altera_up_avalon_rs232.o)
                0x00819d38                alt_up_rs232_enable_read_interrupt
                0x00819d8c                alt_up_rs232_disable_read_interrupt
                0x00819de4                alt_up_rs232_get_used_space_in_read_FIFO
                0x00819e20                alt_up_rs232_get_available_space_in_write_FIFO
                0x00819e60                alt_up_rs232_check_parity
                0x00819eb0                alt_up_rs232_write_data
                0x00819ef8                alt_up_rs232_read_data
                0x00819f6c                alt_up_rs232_read_fd
                0x00819ffc                alt_up_rs232_write_fd
                0x0081a090                alt_up_rs232_open_dev
 .text          0x0081a0d0      0x154 ../TiltMazeController_Flash_bsp//libucosii_bsp.a(alt_alarm_start.o)
                0x0081a0d0                alt_alarm_start
 .text          0x0081a224      0x114 ../TiltMazeController_Flash_bsp//libucosii_bsp.a(alt_dev_llist_insert.o)
                0x0081a224                alt_dev_llist_insert
 .text          0x0081a338       0x64 ../TiltMazeController_Flash_bsp//libucosii_bsp.a(alt_do_ctors.o)
                0x0081a338                _do_ctors
 .text          0x0081a39c       0x64 ../TiltMazeController_Flash_bsp//libucosii_bsp.a(alt_do_dtors.o)
                0x0081a39c                _do_dtors
 .text          0x0081a400       0x94 ../TiltMazeController_Flash_bsp//libucosii_bsp.a(alt_find_dev.o)
                0x0081a400                alt_find_dev
 .text          0x0081a494      0x13c ../TiltMazeController_Flash_bsp//libucosii_bsp.a(alt_io_redirect.o)
                0x0081a558                alt_io_redirect
 .text          0x0081a5d0      0x1c0 ../TiltMazeController_Flash_bsp//libucosii_bsp.a(alt_irq_register.o)
                0x0081a5d0                alt_irq_register
 .text          0x0081a790        0x0 ../TiltMazeController_Flash_bsp//libucosii_bsp.a(alt_irq_vars.o)
 .text          0x0081a790      0x2c4 ../TiltMazeController_Flash_bsp//libucosii_bsp.a(alt_open.o)
                0x0081a86c                open
 .text          0x0081aa54      0x1a8 ../TiltMazeController_Flash_bsp//libucosii_bsp.a(alt_tick.o)
                0x0081aa54                alt_alarm_stop
                0x0081aaec                alt_tick
 .text          0x0081abfc       0x20 ../TiltMazeController_Flash_bsp//libucosii_bsp.a(altera_nios2_qsys_irq.o)
                0x0081abfc                altera_nios2_qsys_irq_init
 .text          0x0081ac1c       0xd0 ../TiltMazeController_Flash_bsp//libucosii_bsp.a(os_cpu_a.o)
                0x0081ac1c                OSCtxSw
                0x0081ac1c                OSIntCtxSw
                0x0081aca8                OSStartHighRdy
                0x0081acc8                OSStartTsk
 .text          0x0081acec      0x418 ../TiltMazeController_Flash_bsp//libucosii_bsp.a(os_cpu_c.o)
                0x0081acec                OSTaskStkInit
                0x0081affc                OSTaskCreateHook
                0x0081b01c                OSTaskDelHook
                0x0081b03c                OSTaskSwHook
                0x0081b058                OSTaskStatHook
                0x0081b074                OSTimeTickHook
                0x0081b090                OSInitHookBegin
                0x0081b0ac                OSInitHookEnd
                0x0081b0c8                OSTaskIdleHook
                0x0081b0e4                OSTCBInitHook
 .text          0x0081b104      0x120 ../TiltMazeController_Flash_bsp//libucosii_bsp.a(alt_find_file.o)
                0x0081b104                alt_find_file
 .text          0x0081b224       0xf4 ../TiltMazeController_Flash_bsp//libucosii_bsp.a(alt_get_fd.o)
                0x0081b224                alt_get_fd
 .text          0x0081b318        0x0 ../TiltMazeController_Flash_bsp//libucosii_bsp.a(alt_irq_entry.o)
 .text          0x0081b318        0x0 ../TiltMazeController_Flash_bsp//libucosii_bsp.a(alt_irq_handler.o)
 .text          0x0081b318        0x0 ../TiltMazeController_Flash_bsp//libucosii_bsp.a(alt_exception_entry.o)
 .text          0x0081b318       0x14 /OPT/altera/12.1/nios2eds/bin/gnu/H-i686-pc-linux-gnu/bin/../lib/gcc/nios2-elf/4.1.2/../../../../nios2-elf/lib/libc.a(lib_a-atexit.o)
                0x0081b318                atexit
 .text          0x0081b32c       0x38 /OPT/altera/12.1/nios2eds/bin/gnu/H-i686-pc-linux-gnu/bin/../lib/gcc/nios2-elf/4.1.2/../../../../nios2-elf/lib/libc.a(lib_a-exit.o)
                0x0081b32c                exit
 .text          0x0081b364       0x74 /OPT/altera/12.1/nios2eds/bin/gnu/H-i686-pc-linux-gnu/bin/../lib/gcc/nios2-elf/4.1.2/../../../../nios2-elf/lib/libc.a(lib_a-memcmp.o)
                0x0081b364                memcmp
 .text          0x0081b3d8      0x134 /OPT/altera/12.1/nios2eds/bin/gnu/H-i686-pc-linux-gnu/bin/../lib/gcc/nios2-elf/4.1.2/../../../../nios2-elf/lib/libc.a(lib_a-__atexit.o)
                0x0081b3d8                __register_exitproc
 .text          0x0081b50c      0x1b4 /OPT/altera/12.1/nios2eds/bin/gnu/H-i686-pc-linux-gnu/bin/../lib/gcc/nios2-elf/4.1.2/../../../../nios2-elf/lib/libc.a(lib_a-__call_atexit.o)
                0x0081b510                __call_exitprocs
 .text          0x0081b6c0       0x6c ../TiltMazeController_Flash_bsp//libucosii_bsp.a(alt_exit.o)
                0x0081b700                _exit
 *(.gnu.warning.*)
 *(.fini)
                0x0081b72c                PROVIDE (__etext, ABSOLUTE (.))
                0x0081b72c                PROVIDE (_etext, ABSOLUTE (.))
                0x0081b72c                PROVIDE (etext, ABSOLUTE (.))
 *(.eh_frame_hdr)
                0x0081b72c                . = ALIGN (0x4)
                0x0081b72c                PROVIDE (__preinit_array_start, ABSOLUTE (.))
 *(.preinit_array)
                0x0081b72c                PROVIDE (__preinit_array_end, ABSOLUTE (.))
                0x0081b72c                PROVIDE (__init_array_start, ABSOLUTE (.))
 *(.init_array)
                0x0081b72c                PROVIDE (__init_array_end, ABSOLUTE (.))
                0x0081b72c                PROVIDE (__fini_array_start, ABSOLUTE (.))
 *(.fini_array)
                0x0081b72c                PROVIDE (__fini_array_end, ABSOLUTE (.))
 *(.eh_frame)
 *(.gcc_except_table)
 *(.dynamic)
                0x0081b72c                PROVIDE (__CTOR_LIST__, ABSOLUTE (.))
 *(.ctors)
 *(SORT(.ctors.*))
 .ctors.65535   0x0081b72c        0x4 /OPT/altera/12.1/nios2eds/bin/gnu/H-i686-pc-linux-gnu/bin/../lib/gcc/nios2-elf/4.1.2/../../../../nios2-elf/lib/libc.a(lib_a-__call_atexit.o)
                0x0081b730                PROVIDE (__CTOR_END__, ABSOLUTE (.))
                0x0081b730                PROVIDE (__DTOR_LIST__, ABSOLUTE (.))
 *(.dtors)
 *(SORT(.dtors.*))
                0x0081b730                PROVIDE (__DTOR_END__, ABSOLUTE (.))
 *(.jcr)
                0x0081b730                . = ALIGN (0x4)

.rodata         0x0081b730      0x8d4
                0x0081b730                PROVIDE (__ram_rodata_start, ABSOLUTE (.))
                0x0081b730                . = ALIGN (0x4)
 *(.rodata .rodata.* .gnu.linkonce.r.*)
 .rodata        0x0081b730       0x18 obj/default/command.o
 .rodata        0x0081b748       0xd0 obj/default/main.o
 .rodata        0x0081b818       0x5c obj/default/uart.o
 .rodata.str1.4
                0x0081b874        0x2 /OPT/altera/12.1/nios2eds/bin/gnu/H-i686-pc-linux-gnu/bin/../lib/gcc/nios2-elf/4.1.2/../../../../nios2-elf/lib/libc.a(lib_a-puts.o)
                                  0x4 (size before relaxing)
 *fill*         0x0081b876        0x2 00
 .rodata.str1.4
                0x0081b878       0x5e /OPT/altera/12.1/nios2eds/bin/gnu/H-i686-pc-linux-gnu/bin/../lib/gcc/nios2-elf/4.1.2/../../../../nios2-elf/lib/libc.a(lib_a-vfprintf.o)
                                 0x60 (size before relaxing)
 .rodata        0x0081b8d6       0x20 /OPT/altera/12.1/nios2eds/bin/gnu/H-i686-pc-linux-gnu/bin/../lib/gcc/nios2-elf/4.1.2/../../../../nios2-elf/lib/libc.a(lib_a-vfprintf.o)
 *fill*         0x0081b8f6        0x2 00
 .rodata.str1.4
                0x0081b8f8        0x5 /OPT/altera/12.1/nios2eds/bin/gnu/H-i686-pc-linux-gnu/bin/../lib/gcc/nios2-elf/4.1.2/../../../../nios2-elf/lib/libc.a(lib_a-vfscanf.o)
                                  0x8 (size before relaxing)
 *fill*         0x0081b8fd        0x1 00
 .rodata        0x0081b8fe       0x22 /OPT/altera/12.1/nios2eds/bin/gnu/H-i686-pc-linux-gnu/bin/../lib/gcc/nios2-elf/4.1.2/../../../../nios2-elf/lib/libc.a(lib_a-vfscanf.o)
 .rodata        0x0081b920      0x281 /OPT/altera/12.1/nios2eds/bin/gnu/H-i686-pc-linux-gnu/bin/../lib/gcc/nios2-elf/4.1.2/../../../../nios2-elf/lib/libc.a(lib_a-ctype_.o)
                0x0081b920                _ctype_
 *fill*         0x0081bba1        0x3 00
 .rodata.str1.4
                0x0081bba4       0x10 /OPT/altera/12.1/nios2eds/bin/gnu/H-i686-pc-linux-gnu/bin/../lib/gcc/nios2-elf/4.1.2/../../../../nios2-elf/lib/libc.a(lib_a-dtoa.o)
                                 0x14 (size before relaxing)
 .rodata.str1.4
                0x0081bbb4        0x2 /OPT/altera/12.1/nios2eds/bin/gnu/H-i686-pc-linux-gnu/bin/../lib/gcc/nios2-elf/4.1.2/../../../../nios2-elf/lib/libc.a(lib_a-impure.o)
                                  0x4 (size before relaxing)
 *fill*         0x0081bbb6        0x2 00
 .rodata.str1.4
                0x0081bbb8        0xf /OPT/altera/12.1/nios2eds/bin/gnu/H-i686-pc-linux-gnu/bin/../lib/gcc/nios2-elf/4.1.2/../../../../nios2-elf/lib/libc.a(lib_a-locale.o)
                                 0x18 (size before relaxing)
 *fill*         0x0081bbc7        0x1 00
 .rodata        0x0081bbc8       0x30 /OPT/altera/12.1/nios2eds/bin/gnu/H-i686-pc-linux-gnu/bin/../lib/gcc/nios2-elf/4.1.2/../../../../nios2-elf/lib/libc.a(lib_a-locale.o)
 .rodata.str1.4
                0x00000000        0x4 /OPT/altera/12.1/nios2eds/bin/gnu/H-i686-pc-linux-gnu/bin/../lib/gcc/nios2-elf/4.1.2/../../../../nios2-elf/lib/libc.a(lib_a-mbrtowc.o)
 .rodata        0x0081bbf8      0x124 /OPT/altera/12.1/nios2eds/bin/gnu/H-i686-pc-linux-gnu/bin/../lib/gcc/nios2-elf/4.1.2/../../../../nios2-elf/lib/libc.a(lib_a-mprec.o)
                0x0081bbf8                __mprec_tens
                0x0081bcc0                __mprec_bigtens
                0x0081bce8                __mprec_tinytens
 .rodata.str1.4
                0x0081bd1c        0xf /OPT/altera/12.1/nios2eds/bin/gnu/H-i686-pc-linux-gnu/bin/../lib/gcc/nios2-elf/4.1.2/../../../../nios2-elf/lib/libc.a(lib_a-strtod.o)
                                 0x10 (size before relaxing)
 *fill*         0x0081bd2b        0x1 00
 .rodata        0x0081bd2c       0x28 /OPT/altera/12.1/nios2eds/bin/gnu/H-i686-pc-linux-gnu/bin/../lib/gcc/nios2-elf/4.1.2/../../../../nios2-elf/lib/libc.a(lib_a-strtod.o)
 .rodata.str1.4
                0x0081bd54       0x1c /OPT/altera/12.1/nios2eds/bin/gnu/H-i686-pc-linux-gnu/bin/../lib/gcc/nios2-elf/4.1.2/../../../../nios2-elf/lib/libc.a(lib_a-gdtoa-gethex.o)
 .rodata        0x0081bd70       0x14 /OPT/altera/12.1/nios2eds/bin/gnu/H-i686-pc-linux-gnu/bin/../lib/gcc/nios2-elf/4.1.2/libgcc.a(_thenan_df.o)
                0x0081bd70                __thenan_df
 .rodata        0x0081bd84      0x100 /OPT/altera/12.1/nios2eds/bin/gnu/H-i686-pc-linux-gnu/bin/../lib/gcc/nios2-elf/4.1.2/libgcc.a(_clz.o)
                0x0081bd84                __clz_tab
 .rodata        0x0081be84        0xc ../TiltMazeController_Flash_bsp//libucosii_bsp.a(alt_dev.o)
 .rodata        0x0081be90       0x14 ../TiltMazeController_Flash_bsp//libucosii_bsp.a(alt_main.o)
 .rodata        0x0081bea4      0x120 ../TiltMazeController_Flash_bsp//libucosii_bsp.a(os_core.o)
                0x0081bea4                OSUnMapTbl
 .rodata        0x0081bfc4       0x3c ../TiltMazeController_Flash_bsp//libucosii_bsp.a(alt_sys_init.o)
 .rodata        0x0081c000        0x4 ../TiltMazeController_Flash_bsp//libucosii_bsp.a(os_cpu_c.o)
 *(.rodata1)
                0x0081c004                . = ALIGN (0x4)
                0x0081c004                PROVIDE (__ram_rodata_end, ABSOLUTE (.))
                0x0081b730                PROVIDE (__flash_rodata_start, LOADADDR (.rodata))

.rwdata         0x0081c004     0x1b68
                0x0081c004                PROVIDE (__ram_rwdata_start, ABSOLUTE (.))
                0x0081c004                . = ALIGN (0x4)
 *(.got.plt)
 *(.got)
 *(.data1)
 *(.data .data.* .gnu.linkonce.d.*)
 .data          0x0081c004        0x0 ../TiltMazeController_Flash_bsp//obj/HAL/src/crt0.o
 .data          0x0081c004        0x0 obj/default/command.o
 .data          0x0081c004        0x0 obj/default/main.o
 .data          0x0081c004        0x0 obj/default/uart.o
 .data          0x0081c004        0x0 /OPT/altera/12.1/nios2eds/bin/gnu/H-i686-pc-linux-gnu/bin/../lib/gcc/nios2-elf/4.1.2/../../../../nios2-elf/lib/libc.a(lib_a-malloc.o)
 .data          0x0081c004      0x408 /OPT/altera/12.1/nios2eds/bin/gnu/H-i686-pc-linux-gnu/bin/../lib/gcc/nios2-elf/4.1.2/../../../../nios2-elf/lib/libc.a(lib_a-mallocr.o)
                0x0081c004                __malloc_av_
 .data          0x0081c40c        0x0 /OPT/altera/12.1/nios2eds/bin/gnu/H-i686-pc-linux-gnu/bin/../lib/gcc/nios2-elf/4.1.2/../../../../nios2-elf/lib/libc.a(lib_a-printf.o)
 .data          0x0081c40c        0x0 /OPT/altera/12.1/nios2eds/bin/gnu/H-i686-pc-linux-gnu/bin/../lib/gcc/nios2-elf/4.1.2/../../../../nios2-elf/lib/libc.a(lib_a-putchar.o)
 .data          0x0081c40c        0x0 /OPT/altera/12.1/nios2eds/bin/gnu/H-i686-pc-linux-gnu/bin/../lib/gcc/nios2-elf/4.1.2/../../../../nios2-elf/lib/libc.a(lib_a-puts.o)
 .data          0x0081c40c        0x0 /OPT/altera/12.1/nios2eds/bin/gnu/H-i686-pc-linux-gnu/bin/../lib/gcc/nios2-elf/4.1.2/../../../../nios2-elf/lib/libc.a(lib_a-sbrkr.o)
 .data          0x0081c40c        0x0 /OPT/altera/12.1/nios2eds/bin/gnu/H-i686-pc-linux-gnu/bin/../lib/gcc/nios2-elf/4.1.2/../../../../nios2-elf/lib/libc.a(lib_a-sprintf.o)
 .data          0x0081c40c        0x0 /OPT/altera/12.1/nios2eds/bin/gnu/H-i686-pc-linux-gnu/bin/../lib/gcc/nios2-elf/4.1.2/../../../../nios2-elf/lib/libc.a(lib_a-sscanf.o)
 .data          0x0081c40c        0x0 /OPT/altera/12.1/nios2eds/bin/gnu/H-i686-pc-linux-gnu/bin/../lib/gcc/nios2-elf/4.1.2/../../../../nios2-elf/lib/libc.a(lib_a-strlen.o)
 .data          0x0081c40c        0x0 /OPT/altera/12.1/nios2eds/bin/gnu/H-i686-pc-linux-gnu/bin/../lib/gcc/nios2-elf/4.1.2/../../../../nios2-elf/lib/libc.a(lib_a-strncmp.o)
 .data          0x0081c40c        0x0 /OPT/altera/12.1/nios2eds/bin/gnu/H-i686-pc-linux-gnu/bin/../lib/gcc/nios2-elf/4.1.2/../../../../nios2-elf/lib/libc.a(lib_a-vfprintf.o)
 .data          0x0081c40c        0x0 /OPT/altera/12.1/nios2eds/bin/gnu/H-i686-pc-linux-gnu/bin/../lib/gcc/nios2-elf/4.1.2/../../../../nios2-elf/lib/libc.a(lib_a-vfscanf.o)
 .data          0x0081c40c        0x0 /OPT/altera/12.1/nios2eds/bin/gnu/H-i686-pc-linux-gnu/bin/../lib/gcc/nios2-elf/4.1.2/../../../../nios2-elf/lib/libc.a(lib_a-wsetup.o)
 .data          0x0081c40c        0x0 /OPT/altera/12.1/nios2eds/bin/gnu/H-i686-pc-linux-gnu/bin/../lib/gcc/nios2-elf/4.1.2/../../../../nios2-elf/lib/libc.a(lib_a-ctype_.o)
 .data          0x0081c40c        0x0 /OPT/altera/12.1/nios2eds/bin/gnu/H-i686-pc-linux-gnu/bin/../lib/gcc/nios2-elf/4.1.2/../../../../nios2-elf/lib/libc.a(lib_a-dtoa.o)
 .data          0x0081c40c        0x0 /OPT/altera/12.1/nios2eds/bin/gnu/H-i686-pc-linux-gnu/bin/../lib/gcc/nios2-elf/4.1.2/../../../../nios2-elf/lib/libc.a(lib_a-fflush.o)
 .data          0x0081c40c        0x0 /OPT/altera/12.1/nios2eds/bin/gnu/H-i686-pc-linux-gnu/bin/../lib/gcc/nios2-elf/4.1.2/../../../../nios2-elf/lib/libc.a(lib_a-findfp.o)
 .data          0x0081c40c        0x0 /OPT/altera/12.1/nios2eds/bin/gnu/H-i686-pc-linux-gnu/bin/../lib/gcc/nios2-elf/4.1.2/../../../../nios2-elf/lib/libc.a(lib_a-fread.o)
 .data          0x0081c40c        0x0 /OPT/altera/12.1/nios2eds/bin/gnu/H-i686-pc-linux-gnu/bin/../lib/gcc/nios2-elf/4.1.2/../../../../nios2-elf/lib/libc.a(lib_a-freer.o)
 .data          0x0081c40c        0x0 /OPT/altera/12.1/nios2eds/bin/gnu/H-i686-pc-linux-gnu/bin/../lib/gcc/nios2-elf/4.1.2/../../../../nios2-elf/lib/libc.a(lib_a-fvwrite.o)
 .data          0x0081c40c        0x0 /OPT/altera/12.1/nios2eds/bin/gnu/H-i686-pc-linux-gnu/bin/../lib/gcc/nios2-elf/4.1.2/../../../../nios2-elf/lib/libc.a(lib_a-fwalk.o)
 .data          0x0081c40c      0x400 /OPT/altera/12.1/nios2eds/bin/gnu/H-i686-pc-linux-gnu/bin/../lib/gcc/nios2-elf/4.1.2/../../../../nios2-elf/lib/libc.a(lib_a-impure.o)
 .data          0x0081c80c        0x0 /OPT/altera/12.1/nios2eds/bin/gnu/H-i686-pc-linux-gnu/bin/../lib/gcc/nios2-elf/4.1.2/../../../../nios2-elf/lib/libc.a(lib_a-int_errno.o)
 .data          0x0081c80c        0x0 /OPT/altera/12.1/nios2eds/bin/gnu/H-i686-pc-linux-gnu/bin/../lib/gcc/nios2-elf/4.1.2/../../../../nios2-elf/lib/libc.a(lib_a-iswspace.o)
 .data          0x0081c80c        0xc /OPT/altera/12.1/nios2eds/bin/gnu/H-i686-pc-linux-gnu/bin/../lib/gcc/nios2-elf/4.1.2/../../../../nios2-elf/lib/libc.a(lib_a-locale.o)
                0x0081c80c                __lc_ctype
 .data          0x0081c818        0x0 /OPT/altera/12.1/nios2eds/bin/gnu/H-i686-pc-linux-gnu/bin/../lib/gcc/nios2-elf/4.1.2/../../../../nios2-elf/lib/libc.a(lib_a-makebuf.o)
 .data          0x0081c818        0x0 /OPT/altera/12.1/nios2eds/bin/gnu/H-i686-pc-linux-gnu/bin/../lib/gcc/nios2-elf/4.1.2/../../../../nios2-elf/lib/libc.a(lib_a-mbrtowc.o)
 .data          0x0081c818        0x0 /OPT/altera/12.1/nios2eds/bin/gnu/H-i686-pc-linux-gnu/bin/../lib/gcc/nios2-elf/4.1.2/../../../../nios2-elf/lib/libc.a(lib_a-mbtowc_r.o)
 .data          0x0081c818        0x0 /OPT/altera/12.1/nios2eds/bin/gnu/H-i686-pc-linux-gnu/bin/../lib/gcc/nios2-elf/4.1.2/../../../../nios2-elf/lib/libc.a(lib_a-memchr.o)
 .data          0x0081c818        0x0 /OPT/altera/12.1/nios2eds/bin/gnu/H-i686-pc-linux-gnu/bin/../lib/gcc/nios2-elf/4.1.2/../../../../nios2-elf/lib/libc.a(lib_a-memcpy.o)
 .data          0x0081c818        0x0 /OPT/altera/12.1/nios2eds/bin/gnu/H-i686-pc-linux-gnu/bin/../lib/gcc/nios2-elf/4.1.2/../../../../nios2-elf/lib/libc.a(lib_a-memmove.o)
 .data          0x0081c818        0x0 /OPT/altera/12.1/nios2eds/bin/gnu/H-i686-pc-linux-gnu/bin/../lib/gcc/nios2-elf/4.1.2/../../../../nios2-elf/lib/libc.a(lib_a-memset.o)
 .data          0x0081c818        0x0 /OPT/altera/12.1/nios2eds/bin/gnu/H-i686-pc-linux-gnu/bin/../lib/gcc/nios2-elf/4.1.2/../../../../nios2-elf/lib/libc.a(lib_a-mprec.o)
 .data          0x0081c818        0x0 /OPT/altera/12.1/nios2eds/bin/gnu/H-i686-pc-linux-gnu/bin/../lib/gcc/nios2-elf/4.1.2/../../../../nios2-elf/lib/libc.a(lib_a-putc.o)
 .data          0x0081c818        0x0 /OPT/altera/12.1/nios2eds/bin/gnu/H-i686-pc-linux-gnu/bin/../lib/gcc/nios2-elf/4.1.2/../../../../nios2-elf/lib/libc.a(lib_a-reallocr.o)
 .data          0x0081c818        0x0 /OPT/altera/12.1/nios2eds/bin/gnu/H-i686-pc-linux-gnu/bin/../lib/gcc/nios2-elf/4.1.2/../../../../nios2-elf/lib/libc.a(lib_a-refill.o)
 .data          0x0081c818        0x0 /OPT/altera/12.1/nios2eds/bin/gnu/H-i686-pc-linux-gnu/bin/../lib/gcc/nios2-elf/4.1.2/../../../../nios2-elf/lib/libc.a(lib_a-s_isinfd.o)
 .data          0x0081c818        0x0 /OPT/altera/12.1/nios2eds/bin/gnu/H-i686-pc-linux-gnu/bin/../lib/gcc/nios2-elf/4.1.2/../../../../nios2-elf/lib/libc.a(lib_a-s_isnand.o)
 .data          0x0081c818        0x0 /OPT/altera/12.1/nios2eds/bin/gnu/H-i686-pc-linux-gnu/bin/../lib/gcc/nios2-elf/4.1.2/../../../../nios2-elf/lib/libc.a(lib_a-sccl.o)
 .data          0x0081c818        0x0 /OPT/altera/12.1/nios2eds/bin/gnu/H-i686-pc-linux-gnu/bin/../lib/gcc/nios2-elf/4.1.2/../../../../nios2-elf/lib/libc.a(lib_a-sf_nan.o)
 .data          0x0081c818        0x0 /OPT/altera/12.1/nios2eds/bin/gnu/H-i686-pc-linux-gnu/bin/../lib/gcc/nios2-elf/4.1.2/../../../../nios2-elf/lib/libc.a(lib_a-stdio.o)
 .data          0x0081c818        0x0 /OPT/altera/12.1/nios2eds/bin/gnu/H-i686-pc-linux-gnu/bin/../lib/gcc/nios2-elf/4.1.2/../../../../nios2-elf/lib/libc.a(lib_a-strcmp.o)
 .data          0x0081c818       0x28 /OPT/altera/12.1/nios2eds/bin/gnu/H-i686-pc-linux-gnu/bin/../lib/gcc/nios2-elf/4.1.2/../../../../nios2-elf/lib/libc.a(lib_a-strtod.o)
 .data          0x0081c840        0x0 /OPT/altera/12.1/nios2eds/bin/gnu/H-i686-pc-linux-gnu/bin/../lib/gcc/nios2-elf/4.1.2/../../../../nios2-elf/lib/libc.a(lib_a-strtol.o)
 .data          0x0081c840        0x0 /OPT/altera/12.1/nios2eds/bin/gnu/H-i686-pc-linux-gnu/bin/../lib/gcc/nios2-elf/4.1.2/../../../../nios2-elf/lib/libc.a(lib_a-strtoll_r.o)
 .data          0x0081c840        0x0 /OPT/altera/12.1/nios2eds/bin/gnu/H-i686-pc-linux-gnu/bin/../lib/gcc/nios2-elf/4.1.2/../../../../nios2-elf/lib/libc.a(lib_a-strtoul.o)
 .data          0x0081c840        0x0 /OPT/altera/12.1/nios2eds/bin/gnu/H-i686-pc-linux-gnu/bin/../lib/gcc/nios2-elf/4.1.2/../../../../nios2-elf/lib/libc.a(lib_a-strtoull_r.o)
 .data          0x0081c840        0x0 /OPT/altera/12.1/nios2eds/bin/gnu/H-i686-pc-linux-gnu/bin/../lib/gcc/nios2-elf/4.1.2/../../../../nios2-elf/lib/libc.a(lib_a-ungetc.o)
 .data          0x0081c840        0x0 /OPT/altera/12.1/nios2eds/bin/gnu/H-i686-pc-linux-gnu/bin/../lib/gcc/nios2-elf/4.1.2/../../../../nios2-elf/lib/libc.a(lib_a-wbuf.o)
 .data          0x0081c840        0x0 /OPT/altera/12.1/nios2eds/bin/gnu/H-i686-pc-linux-gnu/bin/../lib/gcc/nios2-elf/4.1.2/../../../../nios2-elf/lib/libc.a(lib_a-writer.o)
 .data          0x0081c840        0x0 /OPT/altera/12.1/nios2eds/bin/gnu/H-i686-pc-linux-gnu/bin/../lib/gcc/nios2-elf/4.1.2/../../../../nios2-elf/lib/libc.a(lib_a-callocr.o)
 .data          0x0081c840        0x0 /OPT/altera/12.1/nios2eds/bin/gnu/H-i686-pc-linux-gnu/bin/../lib/gcc/nios2-elf/4.1.2/../../../../nios2-elf/lib/libc.a(lib_a-closer.o)
 .data          0x0081c840        0x0 /OPT/altera/12.1/nios2eds/bin/gnu/H-i686-pc-linux-gnu/bin/../lib/gcc/nios2-elf/4.1.2/../../../../nios2-elf/lib/libc.a(lib_a-fclose.o)
 .data          0x0081c840        0x0 /OPT/altera/12.1/nios2eds/bin/gnu/H-i686-pc-linux-gnu/bin/../lib/gcc/nios2-elf/4.1.2/../../../../nios2-elf/lib/libc.a(lib_a-fstatr.o)
 .data          0x0081c840        0x0 /OPT/altera/12.1/nios2eds/bin/gnu/H-i686-pc-linux-gnu/bin/../lib/gcc/nios2-elf/4.1.2/../../../../nios2-elf/lib/libc.a(lib_a-gdtoa-gethex.o)
 .data          0x0081c840        0x0 /OPT/altera/12.1/nios2eds/bin/gnu/H-i686-pc-linux-gnu/bin/../lib/gcc/nios2-elf/4.1.2/../../../../nios2-elf/lib/libc.a(lib_a-gdtoa-hexnan.o)
 .data          0x0081c840        0x0 /OPT/altera/12.1/nios2eds/bin/gnu/H-i686-pc-linux-gnu/bin/../lib/gcc/nios2-elf/4.1.2/../../../../nios2-elf/lib/libc.a(lib_a-isattyr.o)
 .data          0x0081c840        0x0 /OPT/altera/12.1/nios2eds/bin/gnu/H-i686-pc-linux-gnu/bin/../lib/gcc/nios2-elf/4.1.2/../../../../nios2-elf/lib/libc.a(lib_a-lseekr.o)
 .data          0x0081c840        0x0 /OPT/altera/12.1/nios2eds/bin/gnu/H-i686-pc-linux-gnu/bin/../lib/gcc/nios2-elf/4.1.2/../../../../nios2-elf/lib/libc.a(lib_a-readr.o)
 .data          0x0081c840        0x0 /OPT/altera/12.1/nios2eds/bin/gnu/H-i686-pc-linux-gnu/bin/../lib/gcc/nios2-elf/4.1.2/libgcc.a(_muldi3.o)
 .data          0x0081c840        0x0 /OPT/altera/12.1/nios2eds/bin/gnu/H-i686-pc-linux-gnu/bin/../lib/gcc/nios2-elf/4.1.2/libgcc.a(_fixunsdfsi.o)
 .data          0x0081c840        0x0 /OPT/altera/12.1/nios2eds/bin/gnu/H-i686-pc-linux-gnu/bin/../lib/gcc/nios2-elf/4.1.2/libgcc.a(_udivdi3.o)
 .data          0x0081c840        0x0 /OPT/altera/12.1/nios2eds/bin/gnu/H-i686-pc-linux-gnu/bin/../lib/gcc/nios2-elf/4.1.2/libgcc.a(_umoddi3.o)
 .data          0x0081c840        0x0 /OPT/altera/12.1/nios2eds/bin/gnu/H-i686-pc-linux-gnu/bin/../lib/gcc/nios2-elf/4.1.2/libgcc.a(_ne_sf.o)
 .data          0x0081c840        0x0 /OPT/altera/12.1/nios2eds/bin/gnu/H-i686-pc-linux-gnu/bin/../lib/gcc/nios2-elf/4.1.2/libgcc.a(_gt_sf.o)
 .data          0x0081c840        0x0 /OPT/altera/12.1/nios2eds/bin/gnu/H-i686-pc-linux-gnu/bin/../lib/gcc/nios2-elf/4.1.2/libgcc.a(_lt_sf.o)
 .data          0x0081c840        0x0 /OPT/altera/12.1/nios2eds/bin/gnu/H-i686-pc-linux-gnu/bin/../lib/gcc/nios2-elf/4.1.2/libgcc.a(_addsub_df.o)
 .data          0x0081c840        0x0 /OPT/altera/12.1/nios2eds/bin/gnu/H-i686-pc-linux-gnu/bin/../lib/gcc/nios2-elf/4.1.2/libgcc.a(_mul_df.o)
 .data          0x0081c840        0x0 /OPT/altera/12.1/nios2eds/bin/gnu/H-i686-pc-linux-gnu/bin/../lib/gcc/nios2-elf/4.1.2/libgcc.a(_div_df.o)
 .data          0x0081c840        0x0 /OPT/altera/12.1/nios2eds/bin/gnu/H-i686-pc-linux-gnu/bin/../lib/gcc/nios2-elf/4.1.2/libgcc.a(_eq_df.o)
 .data          0x0081c840        0x0 /OPT/altera/12.1/nios2eds/bin/gnu/H-i686-pc-linux-gnu/bin/../lib/gcc/nios2-elf/4.1.2/libgcc.a(_ne_df.o)
 .data          0x0081c840        0x0 /OPT/altera/12.1/nios2eds/bin/gnu/H-i686-pc-linux-gnu/bin/../lib/gcc/nios2-elf/4.1.2/libgcc.a(_gt_df.o)
 .data          0x0081c840        0x0 /OPT/altera/12.1/nios2eds/bin/gnu/H-i686-pc-linux-gnu/bin/../lib/gcc/nios2-elf/4.1.2/libgcc.a(_ge_df.o)
 .data          0x0081c840        0x0 /OPT/altera/12.1/nios2eds/bin/gnu/H-i686-pc-linux-gnu/bin/../lib/gcc/nios2-elf/4.1.2/libgcc.a(_lt_df.o)
 .data          0x0081c840        0x0 /OPT/altera/12.1/nios2eds/bin/gnu/H-i686-pc-linux-gnu/bin/../lib/gcc/nios2-elf/4.1.2/libgcc.a(_le_df.o)
 .data          0x0081c840        0x0 /OPT/altera/12.1/nios2eds/bin/gnu/H-i686-pc-linux-gnu/bin/../lib/gcc/nios2-elf/4.1.2/libgcc.a(_si_to_df.o)
 .data          0x0081c840        0x0 /OPT/altera/12.1/nios2eds/bin/gnu/H-i686-pc-linux-gnu/bin/../lib/gcc/nios2-elf/4.1.2/libgcc.a(_df_to_si.o)
 .data          0x0081c840        0x0 /OPT/altera/12.1/nios2eds/bin/gnu/H-i686-pc-linux-gnu/bin/../lib/gcc/nios2-elf/4.1.2/libgcc.a(_df_to_sf.o)
 .data          0x0081c840        0x0 /OPT/altera/12.1/nios2eds/bin/gnu/H-i686-pc-linux-gnu/bin/../lib/gcc/nios2-elf/4.1.2/libgcc.a(_thenan_df.o)
 .data          0x0081c840        0x0 /OPT/altera/12.1/nios2eds/bin/gnu/H-i686-pc-linux-gnu/bin/../lib/gcc/nios2-elf/4.1.2/libgcc.a(_usi_to_df.o)
 .data          0x0081c840        0x0 /OPT/altera/12.1/nios2eds/bin/gnu/H-i686-pc-linux-gnu/bin/../lib/gcc/nios2-elf/4.1.2/libgcc.a(lib2-divmod.o)
 .data          0x0081c840        0x0 /OPT/altera/12.1/nios2eds/bin/gnu/H-i686-pc-linux-gnu/bin/../lib/gcc/nios2-elf/4.1.2/libgcc.a(_clz.o)
 .data          0x0081c840        0x0 /OPT/altera/12.1/nios2eds/bin/gnu/H-i686-pc-linux-gnu/bin/../lib/gcc/nios2-elf/4.1.2/libgcc.a(_clzsi2.o)
 .data          0x0081c840        0x0 /OPT/altera/12.1/nios2eds/bin/gnu/H-i686-pc-linux-gnu/bin/../lib/gcc/nios2-elf/4.1.2/libgcc.a(_unpack_sf.o)
 .data          0x0081c840        0x0 /OPT/altera/12.1/nios2eds/bin/gnu/H-i686-pc-linux-gnu/bin/../lib/gcc/nios2-elf/4.1.2/libgcc.a(_fpcmp_parts_sf.o)
 .data          0x0081c840        0x0 /OPT/altera/12.1/nios2eds/bin/gnu/H-i686-pc-linux-gnu/bin/../lib/gcc/nios2-elf/4.1.2/libgcc.a(_make_sf.o)
 .data          0x0081c840        0x0 /OPT/altera/12.1/nios2eds/bin/gnu/H-i686-pc-linux-gnu/bin/../lib/gcc/nios2-elf/4.1.2/libgcc.a(_pack_df.o)
 .data          0x0081c840        0x0 /OPT/altera/12.1/nios2eds/bin/gnu/H-i686-pc-linux-gnu/bin/../lib/gcc/nios2-elf/4.1.2/libgcc.a(_unpack_df.o)
 .data          0x0081c840        0x0 /OPT/altera/12.1/nios2eds/bin/gnu/H-i686-pc-linux-gnu/bin/../lib/gcc/nios2-elf/4.1.2/libgcc.a(_fpcmp_parts_df.o)
 .data          0x0081c840        0x0 /OPT/altera/12.1/nios2eds/bin/gnu/H-i686-pc-linux-gnu/bin/../lib/gcc/nios2-elf/4.1.2/libgcc.a(_pack_sf.o)
 .data          0x0081c840        0x0 ../TiltMazeController_Flash_bsp//libucosii_bsp.a(alt_close.o)
 .data          0x0081c840      0x1a8 ../TiltMazeController_Flash_bsp//libucosii_bsp.a(alt_dev.o)
                0x0081c840                alt_dev_null
                0x0081c868                alt_fd_list
 .data          0x0081c9e8        0x0 ../TiltMazeController_Flash_bsp//libucosii_bsp.a(alt_errno.o)
 .data          0x0081c9e8        0x0 ../TiltMazeController_Flash_bsp//libucosii_bsp.a(alt_fstat.o)
 .data          0x0081c9e8        0x0 ../TiltMazeController_Flash_bsp//libucosii_bsp.a(alt_isatty.o)
 .data          0x0081c9e8        0x0 ../TiltMazeController_Flash_bsp//libucosii_bsp.a(alt_lseek.o)
 .data          0x0081c9e8        0x0 ../TiltMazeController_Flash_bsp//libucosii_bsp.a(alt_main.o)
 .data          0x0081c9e8        0x0 ../TiltMazeController_Flash_bsp//libucosii_bsp.a(alt_read.o)
 .data          0x0081c9e8        0x0 ../TiltMazeController_Flash_bsp//libucosii_bsp.a(alt_release_fd.o)
 .data          0x0081c9e8        0x0 ../TiltMazeController_Flash_bsp//libucosii_bsp.a(alt_sbrk.o)
 .data          0x0081c9e8        0x0 ../TiltMazeController_Flash_bsp//libucosii_bsp.a(alt_write.o)
 .data          0x0081c9e8        0x0 ../TiltMazeController_Flash_bsp//libucosii_bsp.a(alt_env_lock.o)
 .data          0x0081c9e8        0x0 ../TiltMazeController_Flash_bsp//libucosii_bsp.a(alt_malloc_lock.o)
 .data          0x0081c9e8        0x0 ../TiltMazeController_Flash_bsp//libucosii_bsp.a(os_core.o)
 .data          0x0081c9e8        0x0 ../TiltMazeController_Flash_bsp//libucosii_bsp.a(os_dbg.o)
 .data          0x0081c9e8        0x0 ../TiltMazeController_Flash_bsp//libucosii_bsp.a(os_flag.o)
 .data          0x0081c9e8        0x0 ../TiltMazeController_Flash_bsp//libucosii_bsp.a(os_mem.o)
 .data          0x0081c9e8        0x0 ../TiltMazeController_Flash_bsp//libucosii_bsp.a(os_q.o)
 .data          0x0081c9e8        0x0 ../TiltMazeController_Flash_bsp//libucosii_bsp.a(os_sem.o)
 .data          0x0081c9e8        0x0 ../TiltMazeController_Flash_bsp//libucosii_bsp.a(os_task.o)
 .data          0x0081c9e8        0x0 ../TiltMazeController_Flash_bsp//libucosii_bsp.a(os_time.o)
 .data          0x0081c9e8     0x10c4 ../TiltMazeController_Flash_bsp//libucosii_bsp.a(alt_sys_init.o)
 .data          0x0081daac        0x0 ../TiltMazeController_Flash_bsp//libucosii_bsp.a(altera_avalon_jtag_uart_fd.o)
 .data          0x0081daac        0x0 ../TiltMazeController_Flash_bsp//libucosii_bsp.a(altera_avalon_jtag_uart_init.o)
 .data          0x0081daac        0x0 ../TiltMazeController_Flash_bsp//libucosii_bsp.a(altera_avalon_jtag_uart_ioctl.o)
 .data          0x0081daac        0x0 ../TiltMazeController_Flash_bsp//libucosii_bsp.a(altera_avalon_jtag_uart_read.o)
 .data          0x0081daac        0x0 ../TiltMazeController_Flash_bsp//libucosii_bsp.a(altera_avalon_jtag_uart_write.o)
 .data          0x0081daac        0x0 ../TiltMazeController_Flash_bsp//libucosii_bsp.a(altera_avalon_timer_sc.o)
 .data          0x0081daac        0x0 ../TiltMazeController_Flash_bsp//libucosii_bsp.a(altera_up_avalon_character_lcd.o)
 .data          0x0081daac        0x0 ../TiltMazeController_Flash_bsp//libucosii_bsp.a(altera_up_avalon_rs232.o)
 .data          0x0081daac        0x0 ../TiltMazeController_Flash_bsp//libucosii_bsp.a(alt_alarm_start.o)
 .data          0x0081daac        0x0 ../TiltMazeController_Flash_bsp//libucosii_bsp.a(alt_dev_llist_insert.o)
 .data          0x0081daac        0x0 ../TiltMazeController_Flash_bsp//libucosii_bsp.a(alt_do_ctors.o)
 .data          0x0081daac        0x0 ../TiltMazeController_Flash_bsp//libucosii_bsp.a(alt_do_dtors.o)
 .data          0x0081daac        0x0 ../TiltMazeController_Flash_bsp//libucosii_bsp.a(alt_find_dev.o)
 .data          0x0081daac        0x0 ../TiltMazeController_Flash_bsp//libucosii_bsp.a(alt_io_redirect.o)
 .data          0x0081daac        0x0 ../TiltMazeController_Flash_bsp//libucosii_bsp.a(alt_irq_register.o)
 .data          0x0081daac        0x0 ../TiltMazeController_Flash_bsp//libucosii_bsp.a(alt_irq_vars.o)
 .data          0x0081daac        0x0 ../TiltMazeController_Flash_bsp//libucosii_bsp.a(alt_open.o)
 .data          0x0081daac        0x0 ../TiltMazeController_Flash_bsp//libucosii_bsp.a(alt_tick.o)
 .data          0x0081daac        0x0 ../TiltMazeController_Flash_bsp//libucosii_bsp.a(altera_nios2_qsys_irq.o)
 .data          0x0081daac        0x0 ../TiltMazeController_Flash_bsp//libucosii_bsp.a(os_cpu_a.o)
 .data          0x0081daac        0x0 ../TiltMazeController_Flash_bsp//libucosii_bsp.a(os_cpu_c.o)
 .data          0x0081daac        0x0 ../TiltMazeController_Flash_bsp//libucosii_bsp.a(alt_find_file.o)
 .data          0x0081daac        0x0 ../TiltMazeController_Flash_bsp//libucosii_bsp.a(alt_get_fd.o)
 .data          0x0081daac        0x0 ../TiltMazeController_Flash_bsp//libucosii_bsp.a(alt_irq_entry.o)
 .data          0x0081daac        0x0 ../TiltMazeController_Flash_bsp//libucosii_bsp.a(alt_irq_handler.o)
 .data          0x0081daac        0x0 ../TiltMazeController_Flash_bsp//libucosii_bsp.a(alt_exception_entry.o)
 .data          0x0081daac        0x0 /OPT/altera/12.1/nios2eds/bin/gnu/H-i686-pc-linux-gnu/bin/../lib/gcc/nios2-elf/4.1.2/../../../../nios2-elf/lib/libc.a(lib_a-atexit.o)
 .data          0x0081daac        0x0 /OPT/altera/12.1/nios2eds/bin/gnu/H-i686-pc-linux-gnu/bin/../lib/gcc/nios2-elf/4.1.2/../../../../nios2-elf/lib/libc.a(lib_a-exit.o)
 .data          0x0081daac        0x0 /OPT/altera/12.1/nios2eds/bin/gnu/H-i686-pc-linux-gnu/bin/../lib/gcc/nios2-elf/4.1.2/../../../../nios2-elf/lib/libc.a(lib_a-memcmp.o)
 .data          0x0081daac        0x0 /OPT/altera/12.1/nios2eds/bin/gnu/H-i686-pc-linux-gnu/bin/../lib/gcc/nios2-elf/4.1.2/../../../../nios2-elf/lib/libc.a(lib_a-__atexit.o)
 .data          0x0081daac        0x0 /OPT/altera/12.1/nios2eds/bin/gnu/H-i686-pc-linux-gnu/bin/../lib/gcc/nios2-elf/4.1.2/../../../../nios2-elf/lib/libc.a(lib_a-__call_atexit.o)
 .data          0x0081daac        0x0 ../TiltMazeController_Flash_bsp//libucosii_bsp.a(alt_exit.o)
                0x00825aac                _gp = ABSOLUTE ((. + 0x8000))
                0x00825aac                PROVIDE (gp, _gp)
 *(.rwdata .rwdata.*)
 *(.sdata .sdata.* .gnu.linkonce.s.*)
 .sdata         0x0081daac        0x8 /OPT/altera/12.1/nios2eds/bin/gnu/H-i686-pc-linux-gnu/bin/../lib/gcc/nios2-elf/4.1.2/../../../../nios2-elf/lib/libc.a(lib_a-mallocr.o)
                0x0081daac                __malloc_trim_threshold
                0x0081dab0                __malloc_sbrk_base
 .sdata         0x0081dab4        0x4 /OPT/altera/12.1/nios2eds/bin/gnu/H-i686-pc-linux-gnu/bin/../lib/gcc/nios2-elf/4.1.2/../../../../nios2-elf/lib/libc.a(lib_a-ctype_.o)
                0x0081dab4                __ctype_ptr
 .sdata         0x0081dab8        0x8 /OPT/altera/12.1/nios2eds/bin/gnu/H-i686-pc-linux-gnu/bin/../lib/gcc/nios2-elf/4.1.2/../../../../nios2-elf/lib/libc.a(lib_a-impure.o)
                0x0081dab8                _impure_ptr
                0x0081dabc                _global_impure_ptr
 .sdata         0x0081dac0        0x8 /OPT/altera/12.1/nios2eds/bin/gnu/H-i686-pc-linux-gnu/bin/../lib/gcc/nios2-elf/4.1.2/../../../../nios2-elf/lib/libc.a(lib_a-locale.o)
                0x0081dac0                __mb_cur_max
 .sdata         0x0081dac8       0x14 ../TiltMazeController_Flash_bsp//libucosii_bsp.a(alt_dev.o)
                0x0081dac8                alt_fs_list
                0x0081dad0                alt_dev_list
                0x0081dad8                alt_max_fd
 .sdata         0x0081dadc        0x4 ../TiltMazeController_Flash_bsp//libucosii_bsp.a(alt_errno.o)
                0x0081dadc                alt_errno
 .sdata         0x0081dae0        0x4 ../TiltMazeController_Flash_bsp//libucosii_bsp.a(alt_sbrk.o)
 .sdata         0x0081dae4        0x4 ../TiltMazeController_Flash_bsp//libucosii_bsp.a(alt_env_lock.o)
 .sdata         0x0081dae8        0x4 ../TiltMazeController_Flash_bsp//libucosii_bsp.a(alt_malloc_lock.o)
 .sdata         0x0081daec       0x74 ../TiltMazeController_Flash_bsp//libucosii_bsp.a(os_dbg.o)
                0x0081daec                OSDebugEn
                0x0081daf0                OSEndiannessTest
                0x0081daf4                OSEventEn
                0x0081daf6                OSEventMax
                0x0081daf8                OSEventNameSize
                0x0081dafa                OSEventSize
                0x0081dafc                OSEventTblSize
                0x0081dafe                OSEventMultiEn
                0x0081db00                OSFlagEn
                0x0081db02                OSFlagGrpSize
                0x0081db04                OSFlagNodeSize
                0x0081db06                OSFlagWidth
                0x0081db08                OSFlagMax
                0x0081db0a                OSFlagNameSize
                0x0081db0c                OSLowestPrio
                0x0081db0e                OSMboxEn
                0x0081db10                OSMemEn
                0x0081db12                OSMemMax
                0x0081db14                OSMemNameSize
                0x0081db16                OSMemSize
                0x0081db18                OSMemTblSize
                0x0081db1a                OSMutexEn
                0x0081db1c                OSPtrSize
                0x0081db1e                OSQEn
                0x0081db20                OSQMax
                0x0081db22                OSQSize
                0x0081db24                OSRdyTblSize
                0x0081db26                OSSemEn
                0x0081db28                OSStkWidth
                0x0081db2a                OSTaskCreateEn
                0x0081db2c                OSTaskCreateExtEn
                0x0081db2e                OSTaskDelEn
                0x0081db30                OSTaskIdleStkSize
                0x0081db32                OSTaskProfileEn
                0x0081db34                OSTaskMax
                0x0081db36                OSTaskNameSize
                0x0081db38                OSTaskStatEn
                0x0081db3a                OSTaskStatStkSize
                0x0081db3c                OSTaskStatStkChkEn
                0x0081db3e                OSTaskSwHookEn
                0x0081db40                OSTCBPrioTblMax
                0x0081db42                OSTCBSize
                0x0081db44                OSTicksPerSec
                0x0081db46                OSTimeTickHookEn
                0x0081db48                OSVersionNbr
                0x0081db4a                OSTmrEn
                0x0081db4c                OSTmrCfgMax
                0x0081db4e                OSTmrCfgNameSize
                0x0081db50                OSTmrCfgWheelSize
                0x0081db52                OSTmrCfgTicksPerSec
                0x0081db54                OSTmrSize
                0x0081db56                OSTmrTblSize
                0x0081db58                OSTmrWheelSize
                0x0081db5a                OSTmrWheelTblSize
                0x0081db5c                OSDataSize
 .sdata         0x0081db60        0x4 ../TiltMazeController_Flash_bsp//libucosii_bsp.a(alt_irq_vars.o)
                0x0081db60                alt_priority_mask
 .sdata         0x0081db64        0x8 ../TiltMazeController_Flash_bsp//libucosii_bsp.a(alt_tick.o)
                0x0081db64                alt_alarm_list
 *(.sdata2 .sdata2.* .gnu.linkonce.s2.*)
                0x0081db6c                . = ALIGN (0x4)
                0x0081db6c                _edata = ABSOLUTE (.)
                0x0081db6c                PROVIDE (edata, ABSOLUTE (.))
                0x0081db6c                PROVIDE (__ram_rwdata_end, ABSOLUTE (.))
                0x0081c004                PROVIDE (__flash_rwdata_start, LOADADDR (.rwdata))

.bss            0x0081db6c     0x76bc
                0x0081db6c                __bss_start = ABSOLUTE (.)
                0x0081db6c                PROVIDE (__sbss_start, ABSOLUTE (.))
                0x0081db6c                PROVIDE (___sbss_start, ABSOLUTE (.))
 *(.dynsbss)
 *(.sbss .sbss.* .gnu.linkonce.sb.*)
 .sbss          0x0081db6c        0x4 obj/default/main.o
                0x0081db6c                cmdQ
 .sbss          0x0081db70        0x4 obj/default/uart.o
                0x0081db70                uart
 .sbss          0x0081db74        0xc /OPT/altera/12.1/nios2eds/bin/gnu/H-i686-pc-linux-gnu/bin/../lib/gcc/nios2-elf/4.1.2/../../../../nios2-elf/lib/libc.a(lib_a-mallocr.o)
                0x0081db74                __malloc_top_pad
                0x0081db78                __malloc_max_sbrked_mem
                0x0081db7c                __malloc_max_total_mem
 .sbss          0x0081db80        0x4 /OPT/altera/12.1/nios2eds/bin/gnu/H-i686-pc-linux-gnu/bin/../lib/gcc/nios2-elf/4.1.2/../../../../nios2-elf/lib/libc.a(lib_a-int_errno.o)
                0x0081db80                errno
 .sbss          0x0081db84        0xc /OPT/altera/12.1/nios2eds/bin/gnu/H-i686-pc-linux-gnu/bin/../lib/gcc/nios2-elf/4.1.2/../../../../nios2-elf/lib/libc.a(lib_a-locale.o)
                0x0081db84                __nlocale_changed
                0x0081db88                __mlocale_changed
                0x0081db8c                _PathLocale
 .sbss          0x0081db90        0x4 ../TiltMazeController_Flash_bsp//libucosii_bsp.a(alt_dev.o)
                0x0081db90                alt_fd_list_lock
 .sbss          0x0081db94        0xc ../TiltMazeController_Flash_bsp//libucosii_bsp.a(alt_main.o)
                0x0081db94                alt_argc
                0x0081db98                alt_argv
                0x0081db9c                alt_envp
 .sbss          0x0081dba0        0x8 ../TiltMazeController_Flash_bsp//libucosii_bsp.a(alt_env_lock.o)
                0x0081dba4                alt_envsem
 .sbss          0x0081dba8        0x8 ../TiltMazeController_Flash_bsp//libucosii_bsp.a(alt_malloc_lock.o)
                0x0081dbac                alt_heapsem
 .sbss          0x0081dbb0       0x50 ../TiltMazeController_Flash_bsp//libucosii_bsp.a(os_core.o)
                0x0081dbb0                OSLockNesting
                0x0081dbb1                OSRunning
                0x0081dbb4                OSIdleCtr
                0x0081dbb8                OSPrioHighRdy
                0x0081dbb9                OSPrioCur
                0x0081dbbc                OSTCBList
                0x0081dbc0                OSTickStepState
                0x0081dbc4                OSCtxSwCtr
                0x0081dbc8                OSIdleCtrMax
                0x0081dbcc                OSTCBFreeList
                0x0081dbd0                OSCPUUsage
                0x0081dbd1                OSTaskCtr
                0x0081dbd4                OSMemFreeList
                0x0081dbd8                OSTCBHighRdy
                0x0081dbdc                OSQFreeList
                0x0081dbe0                OSRdyGrp
                0x0081dbe1                OSRdyTbl
                0x0081dbe4                OSEventFreeList
                0x0081dbe8                OSIntNesting
                0x0081dbec                OSTCBCur
                0x0081dbf0                OSTime
                0x0081dbf4                OSFlagFreeList
                0x0081dbf8                OSStatRdy
                0x0081dbfc                OSIdleCtrRun
 .sbss          0x0081dc00        0x4 ../TiltMazeController_Flash_bsp//libucosii_bsp.a(alt_irq_vars.o)
                0x0081dc00                alt_irq_active
 .sbss          0x0081dc04        0x8 ../TiltMazeController_Flash_bsp//libucosii_bsp.a(alt_tick.o)
                0x0081dc04                _alt_tick_rate
                0x0081dc08                _alt_nticks
 *(.sbss2 .sbss2.* .gnu.linkonce.sb2.*)
 *(.scommon)
                0x0081dc0c                PROVIDE (__sbss_end, ABSOLUTE (.))
                0x0081dc0c                PROVIDE (___sbss_end, ABSOLUTE (.))
 *(.dynbss)
 *(.bss .bss.* .gnu.linkonce.b.*)
 .bss           0x0081dc0c        0x0 ../TiltMazeController_Flash_bsp//obj/HAL/src/crt0.o
 .bss           0x0081dc0c        0x0 obj/default/command.o
 .bss           0x0081dc0c        0x0 obj/default/main.o
 .bss           0x0081dc0c        0x0 obj/default/uart.o
 .bss           0x0081dc0c        0x0 /OPT/altera/12.1/nios2eds/bin/gnu/H-i686-pc-linux-gnu/bin/../lib/gcc/nios2-elf/4.1.2/../../../../nios2-elf/lib/libc.a(lib_a-malloc.o)
 .bss           0x0081dc0c       0x28 /OPT/altera/12.1/nios2eds/bin/gnu/H-i686-pc-linux-gnu/bin/../lib/gcc/nios2-elf/4.1.2/../../../../nios2-elf/lib/libc.a(lib_a-mallocr.o)
                0x0081dc0c                __malloc_current_mallinfo
 .bss           0x0081dc34        0x0 /OPT/altera/12.1/nios2eds/bin/gnu/H-i686-pc-linux-gnu/bin/../lib/gcc/nios2-elf/4.1.2/../../../../nios2-elf/lib/libc.a(lib_a-printf.o)
 .bss           0x0081dc34        0x0 /OPT/altera/12.1/nios2eds/bin/gnu/H-i686-pc-linux-gnu/bin/../lib/gcc/nios2-elf/4.1.2/../../../../nios2-elf/lib/libc.a(lib_a-putchar.o)
 .bss           0x0081dc34        0x0 /OPT/altera/12.1/nios2eds/bin/gnu/H-i686-pc-linux-gnu/bin/../lib/gcc/nios2-elf/4.1.2/../../../../nios2-elf/lib/libc.a(lib_a-puts.o)
 .bss           0x0081dc34        0x0 /OPT/altera/12.1/nios2eds/bin/gnu/H-i686-pc-linux-gnu/bin/../lib/gcc/nios2-elf/4.1.2/../../../../nios2-elf/lib/libc.a(lib_a-sbrkr.o)
 .bss           0x0081dc34        0x0 /OPT/altera/12.1/nios2eds/bin/gnu/H-i686-pc-linux-gnu/bin/../lib/gcc/nios2-elf/4.1.2/../../../../nios2-elf/lib/libc.a(lib_a-sprintf.o)
 .bss           0x0081dc34        0x0 /OPT/altera/12.1/nios2eds/bin/gnu/H-i686-pc-linux-gnu/bin/../lib/gcc/nios2-elf/4.1.2/../../../../nios2-elf/lib/libc.a(lib_a-sscanf.o)
 .bss           0x0081dc34        0x0 /OPT/altera/12.1/nios2eds/bin/gnu/H-i686-pc-linux-gnu/bin/../lib/gcc/nios2-elf/4.1.2/../../../../nios2-elf/lib/libc.a(lib_a-strlen.o)
 .bss           0x0081dc34        0x0 /OPT/altera/12.1/nios2eds/bin/gnu/H-i686-pc-linux-gnu/bin/../lib/gcc/nios2-elf/4.1.2/../../../../nios2-elf/lib/libc.a(lib_a-strncmp.o)
 .bss           0x0081dc34        0x0 /OPT/altera/12.1/nios2eds/bin/gnu/H-i686-pc-linux-gnu/bin/../lib/gcc/nios2-elf/4.1.2/../../../../nios2-elf/lib/libc.a(lib_a-vfprintf.o)
 .bss           0x0081dc34        0x0 /OPT/altera/12.1/nios2eds/bin/gnu/H-i686-pc-linux-gnu/bin/../lib/gcc/nios2-elf/4.1.2/../../../../nios2-elf/lib/libc.a(lib_a-vfscanf.o)
 .bss           0x0081dc34        0x0 /OPT/altera/12.1/nios2eds/bin/gnu/H-i686-pc-linux-gnu/bin/../lib/gcc/nios2-elf/4.1.2/../../../../nios2-elf/lib/libc.a(lib_a-wsetup.o)
 .bss           0x0081dc34        0x0 /OPT/altera/12.1/nios2eds/bin/gnu/H-i686-pc-linux-gnu/bin/../lib/gcc/nios2-elf/4.1.2/../../../../nios2-elf/lib/libc.a(lib_a-ctype_.o)
 .bss           0x0081dc34        0x0 /OPT/altera/12.1/nios2eds/bin/gnu/H-i686-pc-linux-gnu/bin/../lib/gcc/nios2-elf/4.1.2/../../../../nios2-elf/lib/libc.a(lib_a-dtoa.o)
 .bss           0x0081dc34        0x0 /OPT/altera/12.1/nios2eds/bin/gnu/H-i686-pc-linux-gnu/bin/../lib/gcc/nios2-elf/4.1.2/../../../../nios2-elf/lib/libc.a(lib_a-fflush.o)
 .bss           0x0081dc34        0x0 /OPT/altera/12.1/nios2eds/bin/gnu/H-i686-pc-linux-gnu/bin/../lib/gcc/nios2-elf/4.1.2/../../../../nios2-elf/lib/libc.a(lib_a-findfp.o)
 .bss           0x0081dc34        0x0 /OPT/altera/12.1/nios2eds/bin/gnu/H-i686-pc-linux-gnu/bin/../lib/gcc/nios2-elf/4.1.2/../../../../nios2-elf/lib/libc.a(lib_a-fread.o)
 .bss           0x0081dc34        0x0 /OPT/altera/12.1/nios2eds/bin/gnu/H-i686-pc-linux-gnu/bin/../lib/gcc/nios2-elf/4.1.2/../../../../nios2-elf/lib/libc.a(lib_a-freer.o)
 .bss           0x0081dc34        0x0 /OPT/altera/12.1/nios2eds/bin/gnu/H-i686-pc-linux-gnu/bin/../lib/gcc/nios2-elf/4.1.2/../../../../nios2-elf/lib/libc.a(lib_a-fvwrite.o)
 .bss           0x0081dc34        0x0 /OPT/altera/12.1/nios2eds/bin/gnu/H-i686-pc-linux-gnu/bin/../lib/gcc/nios2-elf/4.1.2/../../../../nios2-elf/lib/libc.a(lib_a-fwalk.o)
 .bss           0x0081dc34        0x0 /OPT/altera/12.1/nios2eds/bin/gnu/H-i686-pc-linux-gnu/bin/../lib/gcc/nios2-elf/4.1.2/../../../../nios2-elf/lib/libc.a(lib_a-impure.o)
 .bss           0x0081dc34        0x0 /OPT/altera/12.1/nios2eds/bin/gnu/H-i686-pc-linux-gnu/bin/../lib/gcc/nios2-elf/4.1.2/../../../../nios2-elf/lib/libc.a(lib_a-int_errno.o)
 .bss           0x0081dc34        0x0 /OPT/altera/12.1/nios2eds/bin/gnu/H-i686-pc-linux-gnu/bin/../lib/gcc/nios2-elf/4.1.2/../../../../nios2-elf/lib/libc.a(lib_a-iswspace.o)
 .bss           0x0081dc34        0x0 /OPT/altera/12.1/nios2eds/bin/gnu/H-i686-pc-linux-gnu/bin/../lib/gcc/nios2-elf/4.1.2/../../../../nios2-elf/lib/libc.a(lib_a-locale.o)
 .bss           0x0081dc34        0x0 /OPT/altera/12.1/nios2eds/bin/gnu/H-i686-pc-linux-gnu/bin/../lib/gcc/nios2-elf/4.1.2/../../../../nios2-elf/lib/libc.a(lib_a-makebuf.o)
 .bss           0x0081dc34        0x0 /OPT/altera/12.1/nios2eds/bin/gnu/H-i686-pc-linux-gnu/bin/../lib/gcc/nios2-elf/4.1.2/../../../../nios2-elf/lib/libc.a(lib_a-mbrtowc.o)
 .bss           0x0081dc34        0x0 /OPT/altera/12.1/nios2eds/bin/gnu/H-i686-pc-linux-gnu/bin/../lib/gcc/nios2-elf/4.1.2/../../../../nios2-elf/lib/libc.a(lib_a-mbtowc_r.o)
 .bss           0x0081dc34        0x0 /OPT/altera/12.1/nios2eds/bin/gnu/H-i686-pc-linux-gnu/bin/../lib/gcc/nios2-elf/4.1.2/../../../../nios2-elf/lib/libc.a(lib_a-memchr.o)
 .bss           0x0081dc34        0x0 /OPT/altera/12.1/nios2eds/bin/gnu/H-i686-pc-linux-gnu/bin/../lib/gcc/nios2-elf/4.1.2/../../../../nios2-elf/lib/libc.a(lib_a-memcpy.o)
 .bss           0x0081dc34        0x0 /OPT/altera/12.1/nios2eds/bin/gnu/H-i686-pc-linux-gnu/bin/../lib/gcc/nios2-elf/4.1.2/../../../../nios2-elf/lib/libc.a(lib_a-memmove.o)
 .bss           0x0081dc34        0x0 /OPT/altera/12.1/nios2eds/bin/gnu/H-i686-pc-linux-gnu/bin/../lib/gcc/nios2-elf/4.1.2/../../../../nios2-elf/lib/libc.a(lib_a-memset.o)
 .bss           0x0081dc34        0x0 /OPT/altera/12.1/nios2eds/bin/gnu/H-i686-pc-linux-gnu/bin/../lib/gcc/nios2-elf/4.1.2/../../../../nios2-elf/lib/libc.a(lib_a-mprec.o)
 .bss           0x0081dc34        0x0 /OPT/altera/12.1/nios2eds/bin/gnu/H-i686-pc-linux-gnu/bin/../lib/gcc/nios2-elf/4.1.2/../../../../nios2-elf/lib/libc.a(lib_a-putc.o)
 .bss           0x0081dc34        0x0 /OPT/altera/12.1/nios2eds/bin/gnu/H-i686-pc-linux-gnu/bin/../lib/gcc/nios2-elf/4.1.2/../../../../nios2-elf/lib/libc.a(lib_a-reallocr.o)
 .bss           0x0081dc34        0x0 /OPT/altera/12.1/nios2eds/bin/gnu/H-i686-pc-linux-gnu/bin/../lib/gcc/nios2-elf/4.1.2/../../../../nios2-elf/lib/libc.a(lib_a-refill.o)
 .bss           0x0081dc34        0x0 /OPT/altera/12.1/nios2eds/bin/gnu/H-i686-pc-linux-gnu/bin/../lib/gcc/nios2-elf/4.1.2/../../../../nios2-elf/lib/libc.a(lib_a-s_isinfd.o)
 .bss           0x0081dc34        0x0 /OPT/altera/12.1/nios2eds/bin/gnu/H-i686-pc-linux-gnu/bin/../lib/gcc/nios2-elf/4.1.2/../../../../nios2-elf/lib/libc.a(lib_a-s_isnand.o)
 .bss           0x0081dc34        0x0 /OPT/altera/12.1/nios2eds/bin/gnu/H-i686-pc-linux-gnu/bin/../lib/gcc/nios2-elf/4.1.2/../../../../nios2-elf/lib/libc.a(lib_a-sccl.o)
 .bss           0x0081dc34        0x0 /OPT/altera/12.1/nios2eds/bin/gnu/H-i686-pc-linux-gnu/bin/../lib/gcc/nios2-elf/4.1.2/../../../../nios2-elf/lib/libc.a(lib_a-sf_nan.o)
 .bss           0x0081dc34        0x0 /OPT/altera/12.1/nios2eds/bin/gnu/H-i686-pc-linux-gnu/bin/../lib/gcc/nios2-elf/4.1.2/../../../../nios2-elf/lib/libc.a(lib_a-stdio.o)
 .bss           0x0081dc34        0x0 /OPT/altera/12.1/nios2eds/bin/gnu/H-i686-pc-linux-gnu/bin/../lib/gcc/nios2-elf/4.1.2/../../../../nios2-elf/lib/libc.a(lib_a-strcmp.o)
 .bss           0x0081dc34        0x0 /OPT/altera/12.1/nios2eds/bin/gnu/H-i686-pc-linux-gnu/bin/../lib/gcc/nios2-elf/4.1.2/../../../../nios2-elf/lib/libc.a(lib_a-strtod.o)
 .bss           0x0081dc34        0x0 /OPT/altera/12.1/nios2eds/bin/gnu/H-i686-pc-linux-gnu/bin/../lib/gcc/nios2-elf/4.1.2/../../../../nios2-elf/lib/libc.a(lib_a-strtol.o)
 .bss           0x0081dc34        0x0 /OPT/altera/12.1/nios2eds/bin/gnu/H-i686-pc-linux-gnu/bin/../lib/gcc/nios2-elf/4.1.2/../../../../nios2-elf/lib/libc.a(lib_a-strtoll_r.o)
 .bss           0x0081dc34        0x0 /OPT/altera/12.1/nios2eds/bin/gnu/H-i686-pc-linux-gnu/bin/../lib/gcc/nios2-elf/4.1.2/../../../../nios2-elf/lib/libc.a(lib_a-strtoul.o)
 .bss           0x0081dc34        0x0 /OPT/altera/12.1/nios2eds/bin/gnu/H-i686-pc-linux-gnu/bin/../lib/gcc/nios2-elf/4.1.2/../../../../nios2-elf/lib/libc.a(lib_a-strtoull_r.o)
 .bss           0x0081dc34        0x0 /OPT/altera/12.1/nios2eds/bin/gnu/H-i686-pc-linux-gnu/bin/../lib/gcc/nios2-elf/4.1.2/../../../../nios2-elf/lib/libc.a(lib_a-ungetc.o)
 .bss           0x0081dc34        0x0 /OPT/altera/12.1/nios2eds/bin/gnu/H-i686-pc-linux-gnu/bin/../lib/gcc/nios2-elf/4.1.2/../../../../nios2-elf/lib/libc.a(lib_a-wbuf.o)
 .bss           0x0081dc34        0x0 /OPT/altera/12.1/nios2eds/bin/gnu/H-i686-pc-linux-gnu/bin/../lib/gcc/nios2-elf/4.1.2/../../../../nios2-elf/lib/libc.a(lib_a-writer.o)
 .bss           0x0081dc34        0x0 /OPT/altera/12.1/nios2eds/bin/gnu/H-i686-pc-linux-gnu/bin/../lib/gcc/nios2-elf/4.1.2/../../../../nios2-elf/lib/libc.a(lib_a-callocr.o)
 .bss           0x0081dc34        0x0 /OPT/altera/12.1/nios2eds/bin/gnu/H-i686-pc-linux-gnu/bin/../lib/gcc/nios2-elf/4.1.2/../../../../nios2-elf/lib/libc.a(lib_a-closer.o)
 .bss           0x0081dc34        0x0 /OPT/altera/12.1/nios2eds/bin/gnu/H-i686-pc-linux-gnu/bin/../lib/gcc/nios2-elf/4.1.2/../../../../nios2-elf/lib/libc.a(lib_a-fclose.o)
 .bss           0x0081dc34        0x0 /OPT/altera/12.1/nios2eds/bin/gnu/H-i686-pc-linux-gnu/bin/../lib/gcc/nios2-elf/4.1.2/../../../../nios2-elf/lib/libc.a(lib_a-fstatr.o)
 .bss           0x0081dc34        0x0 /OPT/altera/12.1/nios2eds/bin/gnu/H-i686-pc-linux-gnu/bin/../lib/gcc/nios2-elf/4.1.2/../../../../nios2-elf/lib/libc.a(lib_a-gdtoa-gethex.o)
 .bss           0x0081dc34        0x0 /OPT/altera/12.1/nios2eds/bin/gnu/H-i686-pc-linux-gnu/bin/../lib/gcc/nios2-elf/4.1.2/../../../../nios2-elf/lib/libc.a(lib_a-gdtoa-hexnan.o)
 .bss           0x0081dc34        0x0 /OPT/altera/12.1/nios2eds/bin/gnu/H-i686-pc-linux-gnu/bin/../lib/gcc/nios2-elf/4.1.2/../../../../nios2-elf/lib/libc.a(lib_a-isattyr.o)
 .bss           0x0081dc34        0x0 /OPT/altera/12.1/nios2eds/bin/gnu/H-i686-pc-linux-gnu/bin/../lib/gcc/nios2-elf/4.1.2/../../../../nios2-elf/lib/libc.a(lib_a-lseekr.o)
 .bss           0x0081dc34        0x0 /OPT/altera/12.1/nios2eds/bin/gnu/H-i686-pc-linux-gnu/bin/../lib/gcc/nios2-elf/4.1.2/../../../../nios2-elf/lib/libc.a(lib_a-readr.o)
 .bss           0x0081dc34        0x0 /OPT/altera/12.1/nios2eds/bin/gnu/H-i686-pc-linux-gnu/bin/../lib/gcc/nios2-elf/4.1.2/libgcc.a(_muldi3.o)
 .bss           0x0081dc34        0x0 /OPT/altera/12.1/nios2eds/bin/gnu/H-i686-pc-linux-gnu/bin/../lib/gcc/nios2-elf/4.1.2/libgcc.a(_fixunsdfsi.o)
 .bss           0x0081dc34        0x0 /OPT/altera/12.1/nios2eds/bin/gnu/H-i686-pc-linux-gnu/bin/../lib/gcc/nios2-elf/4.1.2/libgcc.a(_udivdi3.o)
 .bss           0x0081dc34        0x0 /OPT/altera/12.1/nios2eds/bin/gnu/H-i686-pc-linux-gnu/bin/../lib/gcc/nios2-elf/4.1.2/libgcc.a(_umoddi3.o)
 .bss           0x0081dc34        0x0 /OPT/altera/12.1/nios2eds/bin/gnu/H-i686-pc-linux-gnu/bin/../lib/gcc/nios2-elf/4.1.2/libgcc.a(_ne_sf.o)
 .bss           0x0081dc34        0x0 /OPT/altera/12.1/nios2eds/bin/gnu/H-i686-pc-linux-gnu/bin/../lib/gcc/nios2-elf/4.1.2/libgcc.a(_gt_sf.o)
 .bss           0x0081dc34        0x0 /OPT/altera/12.1/nios2eds/bin/gnu/H-i686-pc-linux-gnu/bin/../lib/gcc/nios2-elf/4.1.2/libgcc.a(_lt_sf.o)
 .bss           0x0081dc34        0x0 /OPT/altera/12.1/nios2eds/bin/gnu/H-i686-pc-linux-gnu/bin/../lib/gcc/nios2-elf/4.1.2/libgcc.a(_addsub_df.o)
 .bss           0x0081dc34        0x0 /OPT/altera/12.1/nios2eds/bin/gnu/H-i686-pc-linux-gnu/bin/../lib/gcc/nios2-elf/4.1.2/libgcc.a(_mul_df.o)
 .bss           0x0081dc34        0x0 /OPT/altera/12.1/nios2eds/bin/gnu/H-i686-pc-linux-gnu/bin/../lib/gcc/nios2-elf/4.1.2/libgcc.a(_div_df.o)
 .bss           0x0081dc34        0x0 /OPT/altera/12.1/nios2eds/bin/gnu/H-i686-pc-linux-gnu/bin/../lib/gcc/nios2-elf/4.1.2/libgcc.a(_eq_df.o)