Archive member included because of file (symbol)

/OPT/altera/12.1/nios2eds/bin/gnu/H-i686-pc-linux-gnu/bin/../lib/gcc/nios2-elf/4.1.2/../../../../nios2-elf/lib/mno-hw-mul/libc.a(lib_a-puts.o)
                              obj/default/test.o (puts)
/OPT/altera/12.1/nios2eds/bin/gnu/H-i686-pc-linux-gnu/bin/../lib/gcc/nios2-elf/4.1.2/../../../../nios2-elf/lib/mno-hw-mul/libc.a(lib_a-strlen.o)
                              /OPT/altera/12.1/nios2eds/bin/gnu/H-i686-pc-linux-gnu/bin/../lib/gcc/nios2-elf/4.1.2/../../../../nios2-elf/lib/mno-hw-mul/libc.a(lib_a-puts.o) (strlen)
/OPT/altera/12.1/nios2eds/bin/gnu/H-i686-pc-linux-gnu/bin/../lib/gcc/nios2-elf/4.1.2/../../../../nios2-elf/lib/mno-hw-mul/libc.a(lib_a-fvwrite.o)
                              /OPT/altera/12.1/nios2eds/bin/gnu/H-i686-pc-linux-gnu/bin/../lib/gcc/nios2-elf/4.1.2/../../../../nios2-elf/lib/mno-hw-mul/libc.a(lib_a-puts.o) (__sfvwrite_r)
/OPT/altera/12.1/nios2eds/bin/gnu/H-i686-pc-linux-gnu/bin/../lib/gcc/nios2-elf/4.1.2/../../../../nios2-elf/lib/mno-hw-mul/libc.a(lib_a-impure.o)
                              /OPT/altera/12.1/nios2eds/bin/gnu/H-i686-pc-linux-gnu/bin/../lib/gcc/nios2-elf/4.1.2/../../../../nios2-elf/lib/mno-hw-mul/libc.a(lib_a-puts.o) (_impure_ptr)
/OPT/altera/12.1/nios2eds/bin/gnu/H-i686-pc-linux-gnu/bin/../lib/gcc/nios2-elf/4.1.2/../../../../nios2-elf/lib/mno-hw-mul/libc.a(lib_a-mallocr.o)
                              /OPT/altera/12.1/nios2eds/bin/gnu/H-i686-pc-linux-gnu/bin/../lib/gcc/nios2-elf/4.1.2/../../../../nios2-elf/lib/mno-hw-mul/libc.a(lib_a-fvwrite.o) (_malloc_r)
/OPT/altera/12.1/nios2eds/bin/gnu/H-i686-pc-linux-gnu/bin/../lib/gcc/nios2-elf/4.1.2/../../../../nios2-elf/lib/mno-hw-mul/libc.a(lib_a-memchr.o)
                              /OPT/altera/12.1/nios2eds/bin/gnu/H-i686-pc-linux-gnu/bin/../lib/gcc/nios2-elf/4.1.2/../../../../nios2-elf/lib/mno-hw-mul/libc.a(lib_a-fvwrite.o) (memchr)
/OPT/altera/12.1/nios2eds/bin/gnu/H-i686-pc-linux-gnu/bin/../lib/gcc/nios2-elf/4.1.2/../../../../nios2-elf/lib/mno-hw-mul/libc.a(lib_a-memcpy.o)
                              /OPT/altera/12.1/nios2eds/bin/gnu/H-i686-pc-linux-gnu/bin/../lib/gcc/nios2-elf/4.1.2/../../../../nios2-elf/lib/mno-hw-mul/libc.a(lib_a-fvwrite.o) (memcpy)
/OPT/altera/12.1/nios2eds/bin/gnu/H-i686-pc-linux-gnu/bin/../lib/gcc/nios2-elf/4.1.2/../../../../nios2-elf/lib/mno-hw-mul/libc.a(lib_a-memmove.o)
                              /OPT/altera/12.1/nios2eds/bin/gnu/H-i686-pc-linux-gnu/bin/../lib/gcc/nios2-elf/4.1.2/../../../../nios2-elf/lib/mno-hw-mul/libc.a(lib_a-fvwrite.o) (memmove)
/OPT/altera/12.1/nios2eds/bin/gnu/H-i686-pc-linux-gnu/bin/../lib/gcc/nios2-elf/4.1.2/../../../../nios2-elf/lib/mno-hw-mul/libc.a(lib_a-reallocr.o)
                              /OPT/altera/12.1/nios2eds/bin/gnu/H-i686-pc-linux-gnu/bin/../lib/gcc/nios2-elf/4.1.2/../../../../nios2-elf/lib/mno-hw-mul/libc.a(lib_a-fvwrite.o) (_realloc_r)
/OPT/altera/12.1/nios2eds/bin/gnu/H-i686-pc-linux-gnu/bin/../lib/gcc/nios2-elf/4.1.2/../../../../nios2-elf/lib/mno-hw-mul/libc.a(lib_a-sbrkr.o)
                              /OPT/altera/12.1/nios2eds/bin/gnu/H-i686-pc-linux-gnu/bin/../lib/gcc/nios2-elf/4.1.2/../../../../nios2-elf/lib/mno-hw-mul/libc.a(lib_a-mallocr.o) (_sbrk_r)
/OPT/altera/12.1/nios2eds/bin/gnu/H-i686-pc-linux-gnu/bin/../lib/gcc/nios2-elf/4.1.2/../../../../nios2-elf/lib/mno-hw-mul/libc.a(lib_a-wsetup.o)
                              /OPT/altera/12.1/nios2eds/bin/gnu/H-i686-pc-linux-gnu/bin/../lib/gcc/nios2-elf/4.1.2/../../../../nios2-elf/lib/mno-hw-mul/libc.a(lib_a-fvwrite.o) (__swsetup_r)
/OPT/altera/12.1/nios2eds/bin/gnu/H-i686-pc-linux-gnu/bin/../lib/gcc/nios2-elf/4.1.2/../../../../nios2-elf/lib/mno-hw-mul/libc.a(lib_a-fflush.o)
                              /OPT/altera/12.1/nios2eds/bin/gnu/H-i686-pc-linux-gnu/bin/../lib/gcc/nios2-elf/4.1.2/../../../../nios2-elf/lib/mno-hw-mul/libc.a(lib_a-fvwrite.o) (_fflush_r)
/OPT/altera/12.1/nios2eds/bin/gnu/H-i686-pc-linux-gnu/bin/../lib/gcc/nios2-elf/4.1.2/../../../../nios2-elf/lib/mno-hw-mul/libc.a(lib_a-findfp.o)
                              /OPT/altera/12.1/nios2eds/bin/gnu/H-i686-pc-linux-gnu/bin/../lib/gcc/nios2-elf/4.1.2/../../../../nios2-elf/lib/mno-hw-mul/libc.a(lib_a-wsetup.o) (__sinit)
/OPT/altera/12.1/nios2eds/bin/gnu/H-i686-pc-linux-gnu/bin/../lib/gcc/nios2-elf/4.1.2/../../../../nios2-elf/lib/mno-hw-mul/libc.a(lib_a-freer.o)
                              /OPT/altera/12.1/nios2eds/bin/gnu/H-i686-pc-linux-gnu/bin/../lib/gcc/nios2-elf/4.1.2/../../../../nios2-elf/lib/mno-hw-mul/libc.a(lib_a-fvwrite.o) (_free_r)
/OPT/altera/12.1/nios2eds/bin/gnu/H-i686-pc-linux-gnu/bin/../lib/gcc/nios2-elf/4.1.2/../../../../nios2-elf/lib/mno-hw-mul/libc.a(lib_a-fwalk.o)
                              /OPT/altera/12.1/nios2eds/bin/gnu/H-i686-pc-linux-gnu/bin/../lib/gcc/nios2-elf/4.1.2/../../../../nios2-elf/lib/mno-hw-mul/libc.a(lib_a-fflush.o) (_fwalk_reent)
[...]
Memory Configuration

Name             Origin             Length             Attributes
sdram_0          0x00800000         0x00800000
sram_0           0x01080000         0x00080000
reset            0x01104000         0x00000020
onchip_memory2_0 0x01104020         0x00003fe0
descriptor_memory 0x01108000         0x00001000
*default*        0x00000000         0xffffffff

Linker script and memory map

LOAD ../HardwareTest_bsp//obj/HAL/src/crt0.o
LOAD obj/default/test.o
LOAD /OPT/altera/12.1/nios2eds/bin/gnu/H-i686-pc-linux-gnu/bin/../lib/gcc/nios2-elf/4.1.2/../../../../nios2-elf/lib/mno-hw-mul/libstdc++.a
LOAD /OPT/altera/12.1/nios2eds/bin/gnu/H-i686-pc-linux-gnu/bin/../lib/gcc/nios2-elf/4.1.2/../../../../nios2-elf/lib/mno-hw-mul/libm.a
LOAD /OPT/altera/12.1/nios2eds/bin/gnu/H-i686-pc-linux-gnu/bin/../lib/gcc/nios2-elf/4.1.2/mno-hw-mul/libgcc.a
START GROUP
LOAD /OPT/altera/12.1/nios2eds/bin/gnu/H-i686-pc-linux-gnu/bin/../lib/gcc/nios2-elf/4.1.2/../../../../nios2-elf/lib/mno-hw-mul/libc.a
LOAD /OPT/altera/12.1/nios2eds/bin/gnu/H-i686-pc-linux-gnu/bin/../lib/gcc/nios2-elf/4.1.2/mno-hw-mul/libgcc.a
LOAD ../HardwareTest_bsp//libucosii_bsp.a
END GROUP
LOAD /OPT/altera/12.1/nios2eds/bin/gnu/H-i686-pc-linux-gnu/bin/../lib/gcc/nios2-elf/4.1.2/mno-hw-mul/libgcc.a
                0x00800000                __alt_mem_sdram_0 = 0x800000
                0x01080000                __alt_mem_sram_0 = 0x1080000
                0x01104000                __alt_mem_onchip_memory2_0 = 0x1104000
                0x01108000                __alt_mem_descriptor_memory = 0x1108000

.entry          0x01104000       0x20
 *(.entry)
 .entry         0x01104000       0x20 ../HardwareTest_bsp//obj/HAL/src/crt0.o
                0x01104000                __reset

.exceptions     0x01104020      0x1a0 load address 0x00800000
                0x01104020                PROVIDE (__ram_exceptions_start, ABSOLUTE (.))
                0x01104020                . = ALIGN (0x20)
 *(.irq)
 *(.exceptions.entry.label)
 .exceptions.entry.label
                0x01104020        0x0 ../HardwareTest_bsp//libucosii_bsp.a(alt_irq_entry.o)
                0x01104020                alt_irq_entry
 .exceptions.entry.label
                0x01104020        0x0 ../HardwareTest_bsp//libucosii_bsp.a(alt_exception_entry.o)
                0x01104020                alt_exception
 *(.exceptions.entry.user)
 *(.exceptions.entry)
 .exceptions.entry
                0x01104020       0x54 ../HardwareTest_bsp//libucosii_bsp.a(alt_exception_entry.o)
 *(.exceptions.irqtest.user)
 *(.exceptions.irqtest)
 .exceptions.irqtest
                0x01104074       0x10 ../HardwareTest_bsp//libucosii_bsp.a(alt_irq_entry.o)
 *(.exceptions.irqhandler.user)
 *(.exceptions.irqhandler)
 .exceptions.irqhandler
                0x01104084        0x4 ../HardwareTest_bsp//libucosii_bsp.a(alt_irq_entry.o)
 *(.exceptions.irqreturn.user)
 *(.exceptions.irqreturn)
 .exceptions.irqreturn
                0x01104088        0x4 ../HardwareTest_bsp//libucosii_bsp.a(alt_irq_entry.o)
 *(.exceptions.notirq.label)
 .exceptions.notirq.label
                0x0110408c        0x0 ../HardwareTest_bsp//libucosii_bsp.a(alt_irq_entry.o)
 *(.exceptions.notirq.user)
 *(.exceptions.notirq)
 .exceptions.notirq
                0x0110408c        0x8 ../HardwareTest_bsp//libucosii_bsp.a(alt_exception_entry.o)
 *(.exceptions.soft.user)
 *(.exceptions.soft)
 *(.exceptions.unknown.user)
 *(.exceptions.unknown)
 .exceptions.unknown
                0x01104094        0x4 ../HardwareTest_bsp//libucosii_bsp.a(alt_exception_entry.o)
 *(.exceptions.exit.label)
 .exceptions.exit.label
                0x01104098        0x0 ../HardwareTest_bsp//libucosii_bsp.a(alt_irq_entry.o)
 .exceptions.exit.label
                0x01104098        0x0 ../HardwareTest_bsp//libucosii_bsp.a(alt_exception_entry.o)
 *(.exceptions.exit.user)
 *(.exceptions.exit)
 .exceptions.exit
                0x01104098       0x54 ../HardwareTest_bsp//libucosii_bsp.a(alt_exception_entry.o)
 *(.exceptions)
 .exceptions    0x011040ec       0xd4 ../HardwareTest_bsp//libucosii_bsp.a(alt_irq_handler.o)
                0x011040ec                alt_irq_handler
                0x011041c0                PROVIDE (__ram_exceptions_end, ABSOLUTE (.))
                0x00800000                PROVIDE (__flash_exceptions_start, LOADADDR (.exceptions))

.text           0x008001a0     0xec50
                0x008001a0                PROVIDE (stext, ABSOLUTE (.))
 *(.interp)
 *(.hash)
 *(.dynsym)
 *(.dynstr)
 *(.gnu.version)
 *(.gnu.version_d)
 *(.gnu.version_r)
 *(.rel.init)
 *(.rela.init)
 *(.rel.text .rel.text.* .rel.gnu.linkonce.t.*)
 *(.rela.text .rela.text.* .rela.gnu.linkonce.t.*)
 *(.rel.fini)
 *(.rela.fini)
 *(.rel.rodata .rel.rodata.* .rel.gnu.linkonce.r.*)
 *(.rela.rodata .rela.rodata.* .rela.gnu.linkonce.r.*)
 *(.rel.data .rel.data.* .rel.gnu.linkonce.d.*)
 *(.rela.data .rela.data.* .rela.gnu.linkonce.d.*)
 *(.rel.tdata .rel.tdata.* .rel.gnu.linkonce.td.*)
 *(.rela.tdata .rela.tdata.* .rela.gnu.linkonce.td.*)
 *(.rel.tbss .rel.tbss.* .rel.gnu.linkonce.tb.*)
 *(.rela.tbss .rela.tbss.* .rela.gnu.linkonce.tb.*)
 *(.rel.ctors)
 *(.rela.ctors)
 *(.rel.dtors)
 *(.rela.dtors)
 *(.rel.got)
 *(.rela.got)
 *(.rel.sdata .rel.sdata.* .rel.gnu.linkonce.s.*)
 *(.rela.sdata .rela.sdata.* .rela.gnu.linkonce.s.*)
 *(.rel.sbss .rel.sbss.* .rel.gnu.linkonce.sb.*)
 *(.rela.sbss .rela.sbss.* .rela.gnu.linkonce.sb.*)
 *(.rel.sdata2 .rel.sdata2.* .rel.gnu.linkonce.s2.*)
 *(.rela.sdata2 .rela.sdata2.* .rela.gnu.linkonce.s2.*)
 *(.rel.sbss2 .rel.sbss2.* .rel.gnu.linkonce.sb2.*)
 *(.rela.sbss2 .rela.sbss2.* .rela.gnu.linkonce.sb2.*)
 *(.rel.bss .rel.bss.* .rel.gnu.linkonce.b.*)
 *(.rela.bss .rela.bss.* .rela.gnu.linkonce.b.*)
 *(.rel.plt)
 *(.rela.plt)
 *(.rel.dyn)
 *(.init)
 *(.plt)
 *(.text .stub .text.* .gnu.linkonce.t.*)
 .text          0x008001a0       0x3c ../HardwareTest_bsp//obj/HAL/src/crt0.o
                0x008001a0                _start
 .text          0x008001dc      0x170 obj/default/test.o
                0x008001dc                task1
                0x008002b8                main
 .text          0x0080034c       0xb4 /OPT/altera/12.1/nios2eds/bin/gnu/H-i686-pc-linux-gnu/bin/../lib/gcc/nios2-elf/4.1.2/../../../../nios2-elf/lib/mno-hw-mul/libc.a(lib_a-puts.o)
                0x0080034c                _puts_r
                0x008003ec                puts
 .text          0x00800400       0x74 /OPT/altera/12.1/nios2eds/bin/gnu/H-i686-pc-linux-gnu/bin/../lib/gcc/nios2-elf/4.1.2/../../../../nios2-elf/lib/mno-hw-mul/libc.a(lib_a-strlen.o)
                0x00800400                strlen
 .text          0x00800474      0x49c /OPT/altera/12.1/nios2eds/bin/gnu/H-i686-pc-linux-gnu/bin/../lib/gcc/nios2-elf/4.1.2/../../../../nios2-elf/lib/mno-hw-mul/libc.a(lib_a-fvwrite.o)
                0x00800474                __sfvwrite_r
 .text          0x00800910        0x0 /OPT/altera/12.1/nios2eds/bin/gnu/H-i686-pc-linux-gnu/bin/../lib/gcc/nios2-elf/4.1.2/../../../../nios2-elf/lib/mno-hw-mul/libc.a(lib_a-impure.o)
 .text          0x00800910      0x740 /OPT/altera/12.1/nios2eds/bin/gnu/H-i686-pc-linux-gnu/bin/../lib/gcc/nios2-elf/4.1.2/../../../../nios2-elf/lib/mno-hw-mul/libc.a(lib_a-mallocr.o)
                0x00800910                _malloc_r
 .text          0x00801050       0xe4 /OPT/altera/12.1/nios2eds/bin/gnu/H-i686-pc-linux-gnu/bin/../lib/gcc/nios2-elf/4.1.2/../../../../nios2-elf/lib/mno-hw-mul/libc.a(lib_a-memchr.o)
                0x00801050                memchr
 .text          0x00801134       0xa0 /OPT/altera/12.1/nios2eds/bin/gnu/H-i686-pc-linux-gnu/bin/../lib/gcc/nios2-elf/4.1.2/../../../../nios2-elf/lib/mno-hw-mul/libc.a(lib_a-memcpy.o)
                0x00801134                memcpy
 .text          0x008011d4       0xe0 /OPT/altera/12.1/nios2eds/bin/gnu/H-i686-pc-linux-gnu/bin/../lib/gcc/nios2-elf/4.1.2/../../../../nios2-elf/lib/mno-hw-mul/libc.a(lib_a-memmove.o)
                0x008011d4                memmove
 .text          0x008012b4      0x5f4 /OPT/altera/12.1/nios2eds/bin/gnu/H-i686-pc-linux-gnu/bin/../lib/gcc/nios2-elf/4.1.2/../../../../nios2-elf/lib/mno-hw-mul/libc.a(lib_a-reallocr.o)
                0x008012b4                _realloc_r
 .text          0x008018a8       0x70 /OPT/altera/12.1/nios2eds/bin/gnu/H-i686-pc-linux-gnu/bin/../lib/gcc/nios2-elf/4.1.2/../../../../nios2-elf/lib/mno-hw-mul/libc.a(lib_a-sbrkr.o)
                0x008018a8                _sbrk_r
 .text          0x00801918      0x13c /OPT/altera/12.1/nios2eds/bin/gnu/H-i686-pc-linux-gnu/bin/../lib/gcc/nios2-elf/4.1.2/../../../../nios2-elf/lib/mno-hw-mul/libc.a(lib_a-wsetup.o)
                0x00801918                __swsetup_r
 .text          0x00801a54      0x230 /OPT/altera/12.1/nios2eds/bin/gnu/H-i686-pc-linux-gnu/bin/../lib/gcc/nios2-elf/4.1.2/../../../../nios2-elf/lib/mno-hw-mul/libc.a(lib_a-fflush.o)
                0x00801a54                _fflush_r
                0x00801c50                fflush
 .text          0x00801c84      0x2f4 /OPT/altera/12.1/nios2eds/bin/gnu/H-i686-pc-linux-gnu/bin/../lib/gcc/nios2-elf/4.1.2/../../../../nios2-elf/lib/mno-hw-mul/libc.a(lib_a-findfp.o)
                0x00801cdc                __sfp_lock_acquire
                0x00801ce0                __sfp_lock_release
                0x00801ce4                __sinit_lock_acquire
                0x00801ce8                __sinit_lock_release
                0x00801cec                __sinit
                0x00801da0                __fp_unlock_all
                0x00801db8                __fp_lock_all
                0x00801dd0                _cleanup_r
                0x00801ddc                _cleanup
                0x00801dec                __sfmoreglue
                0x00801e88                __sfp
 .text          0x00801f78      0x440 /OPT/altera/12.1/nios2eds/bin/gnu/H-i686-pc-linux-gnu/bin/../lib/gcc/nios2-elf/4.1.2/../../../../nios2-elf/lib/mno-hw-mul/libc.a(lib_a-freer.o)
                0x00801f78                _malloc_trim_r
                0x008020a4                _free_r
 .text          0x008023b8      0x180 /OPT/altera/12.1/nios2eds/bin/gnu/H-i686-pc-linux-gnu/bin/../lib/gcc/nios2-elf/4.1.2/../../../../nios2-elf/lib/mno-hw-mul/libc.a(lib_a-fwalk.o)
                0x008023b8                _fwalk_reent
                0x00802480                _fwalk
 .text          0x00802538        0x0 /OPT/altera/12.1/nios2eds/bin/gnu/H-i686-pc-linux-gnu/bin/../lib/gcc/nios2-elf/4.1.2/../../../../nios2-elf/lib/mno-hw-mul/libc.a(lib_a-int_errno.o)
 .text          0x00802538      0x194 /OPT/altera/12.1/nios2eds/bin/gnu/H-i686-pc-linux-gnu/bin/../lib/gcc/nios2-elf/4.1.2/../../../../nios2-elf/lib/mno-hw-mul/libc.a(lib_a-makebuf.o)
                0x00802538                __smakebuf_r
 .text          0x008026cc       0x98 /OPT/altera/12.1/nios2eds/bin/gnu/H-i686-pc-linux-gnu/bin/../lib/gcc/nios2-elf/4.1.2/../../../../nios2-elf/lib/mno-hw-mul/libc.a(lib_a-memset.o)
                0x008026cc                memset
 .text          0x00802764      0x14c /OPT/altera/12.1/nios2eds/bin/gnu/H-i686-pc-linux-gnu/bin/../lib/gcc/nios2-elf/4.1.2/../../../../nios2-elf/lib/mno-hw-mul/libc.a(lib_a-stdio.o)
                0x00802764                __sclose
                0x0080276c                __sseek
                0x008027d4                __swrite
                0x00802850                __sread
 .text          0x008028b0       0x78 /OPT/altera/12.1/nios2eds/bin/gnu/H-i686-pc-linux-gnu/bin/../lib/gcc/nios2-elf/4.1.2/../../../../nios2-elf/lib/mno-hw-mul/libc.a(lib_a-writer.o)
                0x008028b0                _write_r
 .text          0x00802928       0x70 /OPT/altera/12.1/nios2eds/bin/gnu/H-i686-pc-linux-gnu/bin/../lib/gcc/nios2-elf/4.1.2/../../../../nios2-elf/lib/mno-hw-mul/libc.a(lib_a-closer.o)
                0x00802928                _close_r
 .text          0x00802998      0x124 /OPT/altera/12.1/nios2eds/bin/gnu/H-i686-pc-linux-gnu/bin/../lib/gcc/nios2-elf/4.1.2/../../../../nios2-elf/lib/mno-hw-mul/libc.a(lib_a-fclose.o)
                0x00802998                _fclose_r
                0x00802aa8                fclose
 .text          0x00802abc       0x74 /OPT/altera/12.1/nios2eds/bin/gnu/H-i686-pc-linux-gnu/bin/../lib/gcc/nios2-elf/4.1.2/../../../../nios2-elf/lib/mno-hw-mul/libc.a(lib_a-fstatr.o)
                0x00802abc                _fstat_r
 .text          0x00802b30       0x70 /OPT/altera/12.1/nios2eds/bin/gnu/H-i686-pc-linux-gnu/bin/../lib/gcc/nios2-elf/4.1.2/../../../../nios2-elf/lib/mno-hw-mul/libc.a(lib_a-isattyr.o)
                0x00802b30                _isatty_r
 .text          0x00802ba0       0x78 /OPT/altera/12.1/nios2eds/bin/gnu/H-i686-pc-linux-gnu/bin/../lib/gcc/nios2-elf/4.1.2/../../../../nios2-elf/lib/mno-hw-mul/libc.a(lib_a-lseekr.o)
                0x00802ba0                _lseek_r
 .text          0x00802c18       0x78 /OPT/altera/12.1/nios2eds/bin/gnu/H-i686-pc-linux-gnu/bin/../lib/gcc/nios2-elf/4.1.2/../../../../nios2-elf/lib/mno-hw-mul/libc.a(lib_a-readr.o)
                0x00802c18                _read_r
 .text          0x00802c90       0x38 /OPT/altera/12.1/nios2eds/bin/gnu/H-i686-pc-linux-gnu/bin/../lib/gcc/nios2-elf/4.1.2/mno-hw-mul/libgcc.a(lib2-mul.o)
                0x00802c90                __mulsi3
 .text          0x00802cc8      0x160 ../HardwareTest_bsp//libucosii_bsp.a(alt_close.o)
                0x00802cc8                close
 .text          0x00802e28       0x2c ../HardwareTest_bsp//libucosii_bsp.a(alt_dev.o)
 .text          0x00802e54        0x0 ../HardwareTest_bsp//libucosii_bsp.a(alt_errno.o)
 .text          0x00802e54      0x138 ../HardwareTest_bsp//libucosii_bsp.a(alt_fstat.o)
                0x00802e54                fstat
 .text          0x00802f8c      0x124 ../HardwareTest_bsp//libucosii_bsp.a(alt_isatty.o)
                0x00802f8c                isatty
 .text          0x008030b0       0xec ../HardwareTest_bsp//libucosii_bsp.a(alt_load.o)
                0x008030b0                alt_load
 .text          0x0080319c      0x154 ../HardwareTest_bsp//libucosii_bsp.a(alt_lseek.o)
                0x0080319c                lseek
 .text          0x008032f0       0xc8 ../HardwareTest_bsp//libucosii_bsp.a(alt_main.o)
                0x008032f0                alt_main
 .text          0x008033b8      0x184 ../HardwareTest_bsp//libucosii_bsp.a(alt_read.o)
                0x008033b8                read
 .text          0x0080353c       0x78 ../HardwareTest_bsp//libucosii_bsp.a(alt_release_fd.o)
                0x0080353c                alt_release_fd
 .text          0x008035b4       0xbc ../HardwareTest_bsp//libucosii_bsp.a(alt_sbrk.o)
                0x008035b4                sbrk
 .text          0x00803670      0x184 ../HardwareTest_bsp//libucosii_bsp.a(alt_write.o)
                0x00803670                write
 .text          0x008037f4      0x108 ../HardwareTest_bsp//libucosii_bsp.a(alt_env_lock.o)
                0x008037f4                __env_lock
                0x008038a0                __env_unlock
 .text          0x008038fc      0x1d8 ../HardwareTest_bsp//libucosii_bsp.a(alt_malloc_lock.o)
                0x008038fc                __malloc_lock
                0x00803a04                __malloc_unlock
 .text          0x00803ad4     0x2128 ../HardwareTest_bsp//libucosii_bsp.a(os_core.o)
                0x00803ad4                OSEventNameGet
                0x00803c04                OSEventNameSet
                0x00803d48                OSEventPendMulti
                0x008043fc                OSInit
                0x00804450                OSIntEnter
                0x008044cc                OSIntExit
                0x008045cc                OSSchedLock
                0x00804658                OSSchedUnlock
                0x0080473c                OSStart
                0x008047ac                OSStatInit
                0x00804858                OSTimeTick
                0x00804a98                OSVersion
                0x00804ab8                OS_Dummy
                0x00804ad4                OS_EventTaskRdy
                0x00804c68                OS_EventTaskWait
                0x00804d78                OS_EventTaskWaitMulti
                0x00804ecc                OS_EventTaskRemove
                0x00804f84                OS_EventTaskRemoveMulti
                0x00805088                OS_EventWaitListInit
                0x00805454                OS_MemClr
                0x008054a8                OS_MemCopy
                0x00805514                OS_Sched
                0x00805658                OS_StrCopy
                0x008056d8                OS_StrLen
                0x00805730                OS_TaskIdle
                0x0080578c                OS_TaskStat
                0x00805854                OS_TaskStatStkChk
                0x0080591c                OS_TCBInit
 .text          0x00805bfc      0x18c ../HardwareTest_bsp//libucosii_bsp.a(os_dbg.o)
                0x00805bfc                OSDebugInit
 .text          0x00805d88     0x193c ../HardwareTest_bsp//libucosii_bsp.a(os_flag.o)
                0x00805d88                OSFlagAccept
                0x008060bc                OSFlagCreate
                0x008061f8                OSFlagDel
                0x008064a0                OSFlagNameGet
                0x008065e4                OSFlagNameSet
                0x00806738                OSFlagPend
                0x00806d7c                OSFlagPendGetFlagsRdy
                0x00806de4                OSFlagPost
                0x0080718c                OSFlagQuery
                0x00807424                OS_FlagInit
                0x00807618                OS_FlagUnlink
 .text          0x008076c4      0x80c ../HardwareTest_bsp//libucosii_bsp.a(os_mem.o)
                0x008076c4                OSMemCreate
                0x008078e0                OSMemGet
                0x008079e4                OSMemNameGet
                0x00807af0                OSMemNameSet
                0x00807c10                OSMemPut
                0x00807d00                OSMemQuery
                0x00807dfc                OS_MemInit
 .text          0x00807ed0     0x1334 ../HardwareTest_bsp//libucosii_bsp.a(os_q.o)
                0x00807ed0                OSQAccept
                0x00808024                OSQCreate
                0x00808238                OSQDel
                0x00808538                OSQFlush
                0x00808600                OSQPend
                0x00808920                OSQPendAbort
                0x00808a9c                OSQPost
                0x00808c1c                OSQPostFront
                0x00808da4                OSQPostOpt
                0x00808fd8                OSQQuery
                0x00809158                OS_QInit
 .text          0x00809204      0xbc8 ../HardwareTest_bsp//libucosii_bsp.a(os_sem.o)
                0x00809204                OSSemAccept
                0x008092c4                OSSemCreate
                0x008093d8                OSSemDel
                0x00809678                OSSemPend
                0x008098f4                OSSemPendAbort
                0x00809a70                OSSemPost
                0x00809b98                OSSemQuery
                0x00809cc8                OSSemSet
 .text          0x00809dcc     0x1a40 ../HardwareTest_bsp//libucosii_bsp.a(os_task.o)
                0x00809dcc                OSTaskChangePrio
                0x0080a340                OSTaskCreate
                0x0080a514                OSTaskCreateExt
                0x0080a714                OSTaskDel
                0x0080ab20                OSTaskDelReq
                0x0080ac90                OSTaskNameGet
                0x0080ae48                OSTaskNameSet
                0x0080b00c                OSTaskResume
                0x0080b224                OSTaskStkChk
                0x0080b420                OSTaskSuspend
                0x0080b64c                OSTaskQuery
                0x0080b790                OS_TaskStkClr
 .text          0x0080b80c      0x5b4 ../HardwareTest_bsp//libucosii_bsp.a(os_time.o)
                0x0080b80c                OSTimeDly
                0x0080b958                OSTimeDlyHMSM
                0x0080bae8                OSTimeDlyResume
                0x0080bcf8                OSTimeGet
                0x0080bd5c                OSTimeSet
 .text          0x0080bdc0       0xec ../HardwareTest_bsp//libucosii_bsp.a(alt_sys_init.o)
                0x0080bdc0                alt_irq_init
                0x0080bdf4                alt_sys_init
 .text          0x0080beac      0x148 ../HardwareTest_bsp//libucosii_bsp.a(altera_avalon_jtag_uart_fd.o)
                0x0080beac                altera_avalon_jtag_uart_read_fd
                0x0080bf04                altera_avalon_jtag_uart_write_fd
                0x0080bf5c                altera_avalon_jtag_uart_close_fd
                0x0080bfa4                altera_avalon_jtag_uart_ioctl_fd
 .text          0x0080bff4      0x580 ../HardwareTest_bsp//libucosii_bsp.a(altera_avalon_jtag_uart_init.o)
                0x0080bff4                altera_avalon_jtag_uart_init
                0x0080c500                altera_avalon_jtag_uart_close
 .text          0x0080c574       0xf4 ../HardwareTest_bsp//libucosii_bsp.a(altera_avalon_jtag_uart_ioctl.o)
                0x0080c574                altera_avalon_jtag_uart_ioctl
 .text          0x0080c668      0x2c0 ../HardwareTest_bsp//libucosii_bsp.a(altera_avalon_jtag_uart_read.o)
                0x0080c668                altera_avalon_jtag_uart_read
 .text          0x0080c928      0x2dc ../HardwareTest_bsp//libucosii_bsp.a(altera_avalon_jtag_uart_write.o)
                0x0080c928                altera_avalon_jtag_uart_write
 .text          0x0080cc04       0xfc ../HardwareTest_bsp//libucosii_bsp.a(altera_avalon_timer_sc.o)
                0x0080cc78                alt_avalon_timer_sc_init
 .text          0x0080cd00      0x530 ../HardwareTest_bsp//libucosii_bsp.a(altera_up_avalon_character_lcd.o)
                0x0080cd00                get_DDRAM_addr
                0x0080cd7c                alt_up_character_lcd_send_cmd
                0x0080cdb0                alt_up_character_lcd_init
                0x0080cde4                alt_up_character_lcd_open_dev
                0x0080ce24                alt_up_character_lcd_write
                0x0080ce9c                alt_up_character_lcd_string
                0x0080cf14                alt_up_character_lcd_write_fd
                0x0080cf60                alt_up_character_lcd_set_cursor_pos
                0x0080cfd8                alt_up_character_lcd_shift_cursor
                0x0080d088                alt_up_character_lcd_shift_display
                0x0080d138                alt_up_character_lcd_erase_pos
                0x0080d1c8                alt_up_character_lcd_cursor_off
                0x0080d1fc                alt_up_character_lcd_cursor_blink_on
 .text          0x0080d230      0x398 ../HardwareTest_bsp//libucosii_bsp.a(altera_up_avalon_rs232.o)
                0x0080d230                alt_up_rs232_enable_read_interrupt
                0x0080d284                alt_up_rs232_disable_read_interrupt
                0x0080d2dc                alt_up_rs232_get_used_space_in_read_FIFO
                0x0080d318                alt_up_rs232_get_available_space_in_write_FIFO
                0x0080d358                alt_up_rs232_check_parity
                0x0080d3a8                alt_up_rs232_write_data
                0x0080d3f0                alt_up_rs232_read_data
                0x0080d464                alt_up_rs232_read_fd
                0x0080d4f4                alt_up_rs232_write_fd
                0x0080d588                alt_up_rs232_open_dev
 .text          0x0080d5c8      0x154 ../HardwareTest_bsp//libucosii_bsp.a(alt_alarm_start.o)
                0x0080d5c8                alt_alarm_start
 .text          0x0080d71c       0x1c ../HardwareTest_bsp//libucosii_bsp.a(alt_dcache_flush_all.o)
                0x0080d71c                alt_dcache_flush_all
 .text          0x0080d738      0x114 ../HardwareTest_bsp//libucosii_bsp.a(alt_dev_llist_insert.o)
                0x0080d738                alt_dev_llist_insert
 .text          0x0080d84c       0x64 ../HardwareTest_bsp//libucosii_bsp.a(alt_do_ctors.o)
                0x0080d84c                _do_ctors
 .text          0x0080d8b0       0x64 ../HardwareTest_bsp//libucosii_bsp.a(alt_do_dtors.o)
                0x0080d8b0                _do_dtors
 .text          0x0080d914       0x94 ../HardwareTest_bsp//libucosii_bsp.a(alt_find_dev.o)
                0x0080d914                alt_find_dev
 .text          0x0080d9a8       0x1c ../HardwareTest_bsp//libucosii_bsp.a(alt_icache_flush_all.o)
                0x0080d9a8                alt_icache_flush_all
 .text          0x0080d9c4      0x150 ../HardwareTest_bsp//libucosii_bsp.a(alt_io_redirect.o)
                0x0080da9c                alt_io_redirect
 .text          0x0080db14      0x1c0 ../HardwareTest_bsp//libucosii_bsp.a(alt_irq_register.o)
                0x0080db14                alt_irq_register
 .text          0x0080dcd4        0x0 ../HardwareTest_bsp//libucosii_bsp.a(alt_irq_vars.o)
 .text          0x0080dcd4      0x2e4 ../HardwareTest_bsp//libucosii_bsp.a(alt_open.o)
                0x0080ddcc                open
 .text          0x0080dfb8      0x1a8 ../HardwareTest_bsp//libucosii_bsp.a(alt_tick.o)
                0x0080dfb8                alt_alarm_stop
                0x0080e050                alt_tick
 .text          0x0080e160       0x20 ../HardwareTest_bsp//libucosii_bsp.a(altera_nios2_qsys_irq.o)
                0x0080e160                altera_nios2_qsys_irq_init
 .text          0x0080e180       0xd0 ../HardwareTest_bsp//libucosii_bsp.a(os_cpu_a.o)
                0x0080e180                OSCtxSw
                0x0080e180                OSIntCtxSw
                0x0080e20c                OSStartHighRdy
                0x0080e22c                OSStartTsk
 .text          0x0080e250      0x418 ../HardwareTest_bsp//libucosii_bsp.a(os_cpu_c.o)
                0x0080e250                OSTaskStkInit
                0x0080e560                OSTaskCreateHook
                0x0080e580                OSTaskDelHook
                0x0080e5a0                OSTaskSwHook
                0x0080e5bc                OSTaskStatHook
                0x0080e5d8                OSTimeTickHook
                0x0080e5f4                OSInitHookBegin
                0x0080e610                OSInitHookEnd
                0x0080e62c                OSTaskIdleHook
                0x0080e648                OSTCBInitHook
 .text          0x0080e668      0x120 ../HardwareTest_bsp//libucosii_bsp.a(alt_find_file.o)
                0x0080e668                alt_find_file
 .text          0x0080e788      0x104 ../HardwareTest_bsp//libucosii_bsp.a(alt_get_fd.o)
                0x0080e788                alt_get_fd
 .text          0x0080e88c        0x0 ../HardwareTest_bsp//libucosii_bsp.a(alt_irq_entry.o)
 .text          0x0080e88c        0x0 ../HardwareTest_bsp//libucosii_bsp.a(alt_irq_handler.o)
 .text          0x0080e88c        0x0 ../HardwareTest_bsp//libucosii_bsp.a(alt_exception_entry.o)
 .text          0x0080e88c       0x14 /OPT/altera/12.1/nios2eds/bin/gnu/H-i686-pc-linux-gnu/bin/../lib/gcc/nios2-elf/4.1.2/../../../../nios2-elf/lib/mno-hw-mul/libc.a(lib_a-atexit.o)
                0x0080e88c                atexit
 .text          0x0080e8a0       0x38 /OPT/altera/12.1/nios2eds/bin/gnu/H-i686-pc-linux-gnu/bin/../lib/gcc/nios2-elf/4.1.2/../../../../nios2-elf/lib/mno-hw-mul/libc.a(lib_a-exit.o)
                0x0080e8a0                exit
 .text          0x0080e8d8       0x74 /OPT/altera/12.1/nios2eds/bin/gnu/H-i686-pc-linux-gnu/bin/../lib/gcc/nios2-elf/4.1.2/../../../../nios2-elf/lib/mno-hw-mul/libc.a(lib_a-memcmp.o)
                0x0080e8d8                memcmp
 .text          0x0080e94c      0x134 /OPT/altera/12.1/nios2eds/bin/gnu/H-i686-pc-linux-gnu/bin/../lib/gcc/nios2-elf/4.1.2/../../../../nios2-elf/lib/mno-hw-mul/libc.a(lib_a-__atexit.o)
                0x0080e94c                __register_exitproc
 .text          0x0080ea80      0x1b4 /OPT/altera/12.1/nios2eds/bin/gnu/H-i686-pc-linux-gnu/bin/../lib/gcc/nios2-elf/4.1.2/../../../../nios2-elf/lib/mno-hw-mul/libc.a(lib_a-__call_atexit.o)
                0x0080ea84                __call_exitprocs
 .text          0x0080ec34      0x14c /OPT/altera/12.1/nios2eds/bin/gnu/H-i686-pc-linux-gnu/bin/../lib/gcc/nios2-elf/4.1.2/mno-hw-mul/libgcc.a(lib2-divmod.o)
                0x0080ecb0                __divsi3
                0x0080ed10                __modsi3
                0x0080ed70                __udivsi3
                0x0080ed78                __umodsi3
 .text          0x0080ed80       0x6c ../HardwareTest_bsp//libucosii_bsp.a(alt_exit.o)
                0x0080edc0                _exit
 *(.gnu.warning.*)
 *(.fini)
                0x0080edec                PROVIDE (__etext, ABSOLUTE (.))
                0x0080edec                PROVIDE (_etext, ABSOLUTE (.))
                0x0080edec                PROVIDE (etext, ABSOLUTE (.))
 *(.eh_frame_hdr)
                0x0080edec                . = ALIGN (0x4)
                0x0080edec                PROVIDE (__preinit_array_start, ABSOLUTE (.))
 *(.preinit_array)
                0x0080edec                PROVIDE (__preinit_array_end, ABSOLUTE (.))
                0x0080edec                PROVIDE (__init_array_start, ABSOLUTE (.))
 *(.init_array)
                0x0080edec                PROVIDE (__init_array_end, ABSOLUTE (.))
                0x0080edec                PROVIDE (__fini_array_start, ABSOLUTE (.))
 *(.fini_array)
                0x0080edec                PROVIDE (__fini_array_end, ABSOLUTE (.))
 *(.eh_frame)
 *(.gcc_except_table)
 *(.dynamic)
                0x0080edec                PROVIDE (__CTOR_LIST__, ABSOLUTE (.))
 *(.ctors)
 *(SORT(.ctors.*))
 .ctors.65535   0x0080edec        0x4 /OPT/altera/12.1/nios2eds/bin/gnu/H-i686-pc-linux-gnu/bin/../lib/gcc/nios2-elf/4.1.2/../../../../nios2-elf/lib/mno-hw-mul/libc.a(lib_a-__call_atexit.o)
                0x0080edf0                PROVIDE (__CTOR_END__, ABSOLUTE (.))
                0x0080edf0                PROVIDE (__DTOR_LIST__, ABSOLUTE (.))
 *(.dtors)
 *(SORT(.dtors.*))
                0x0080edf0                PROVIDE (__DTOR_END__, ABSOLUTE (.))
 *(.jcr)
                0x0080edf0                . = ALIGN (0x4)

.rodata         0x0080edf0      0x1c8
                0x0080edf0                PROVIDE (__ram_rodata_start, ABSOLUTE (.))
                0x0080edf0                . = ALIGN (0x4)
 *(.rodata .rodata.* .gnu.linkonce.r.*)
 .rodata        0x0080edf0       0x40 obj/default/test.o
 .rodata.str1.4
                0x0080ee30        0x2 /OPT/altera/12.1/nios2eds/bin/gnu/H-i686-pc-linux-gnu/bin/../lib/gcc/nios2-elf/4.1.2/../../../../nios2-elf/lib/mno-hw-mul/libc.a(lib_a-puts.o)
                                  0x4 (size before relaxing)
 *fill*         0x0080ee32        0x2 00
 .rodata.str1.4
                0x0080ee34        0x4 /OPT/altera/12.1/nios2eds/bin/gnu/H-i686-pc-linux-gnu/bin/../lib/gcc/nios2-elf/4.1.2/../../../../nios2-elf/lib/mno-hw-mul/libc.a(lib_a-impure.o)
 .rodata        0x0080ee38        0xc ../HardwareTest_bsp//libucosii_bsp.a(alt_dev.o)
 .rodata        0x0080ee44       0x14 ../HardwareTest_bsp//libucosii_bsp.a(alt_main.o)
 .rodata        0x0080ee58      0x120 ../HardwareTest_bsp//libucosii_bsp.a(os_core.o)
                0x0080ee58                OSUnMapTbl
 .rodata        0x0080ef78       0x3c ../HardwareTest_bsp//libucosii_bsp.a(alt_sys_init.o)
 .rodata        0x0080efb4        0x4 ../HardwareTest_bsp//libucosii_bsp.a(os_cpu_c.o)
 *(.rodata1)
                0x0080efb8                . = ALIGN (0x4)
                0x0080efb8                PROVIDE (__ram_rodata_end, ABSOLUTE (.))
                0x0080edf0                PROVIDE (__flash_rodata_start, LOADADDR (.rodata))

.rwdata         0x0080efb8     0x1b28 load address 0x00810ae0
                0x0080efb8                PROVIDE (__ram_rwdata_start, ABSOLUTE (.))
                0x0080efb8                . = ALIGN (0x4)
 *(.got.plt)
 *(.got)
 *(.data1)
 *(.data .data.* .gnu.linkonce.d.*)
 .data          0x0080efb8        0x0 ../HardwareTest_bsp//obj/HAL/src/crt0.o
 .data          0x0080efb8        0x0 obj/default/test.o
 .data          0x0080efb8        0x0 /OPT/altera/12.1/nios2eds/bin/gnu/H-i686-pc-linux-gnu/bin/../lib/gcc/nios2-elf/4.1.2/../../../../nios2-elf/lib/mno-hw-mul/libc.a(lib_a-puts.o)
 .data          0x0080efb8        0x0 /OPT/altera/12.1/nios2eds/bin/gnu/H-i686-pc-linux-gnu/bin/../lib/gcc/nios2-elf/4.1.2/../../../../nios2-elf/lib/mno-hw-mul/libc.a(lib_a-strlen.o)
 .data          0x0080efb8        0x0 /OPT/altera/12.1/nios2eds/bin/gnu/H-i686-pc-linux-gnu/bin/../lib/gcc/nios2-elf/4.1.2/../../../../nios2-elf/lib/mno-hw-mul/libc.a(lib_a-fvwrite.o)
 .data          0x0080efb8      0x400 /OPT/altera/12.1/nios2eds/bin/gnu/H-i686-pc-linux-gnu/bin/../lib/gcc/nios2-elf/4.1.2/../../../../nios2-elf/lib/mno-hw-mul/libc.a(lib_a-impure.o)
 .data          0x0080f3b8      0x408 /OPT/altera/12.1/nios2eds/bin/gnu/H-i686-pc-linux-gnu/bin/../lib/gcc/nios2-elf/4.1.2/../../../../nios2-elf/lib/mno-hw-mul/libc.a(lib_a-mallocr.o)
                0x0080f3b8                __malloc_av_
 .data          0x0080f7c0        0x0 /OPT/altera/12.1/nios2eds/bin/gnu/H-i686-pc-linux-gnu/bin/../lib/gcc/nios2-elf/4.1.2/../../../../nios2-elf/lib/mno-hw-mul/libc.a(lib_a-memchr.o)
 .data          0x0080f7c0        0x0 /OPT/altera/12.1/nios2eds/bin/gnu/H-i686-pc-linux-gnu/bin/../lib/gcc/nios2-elf/4.1.2/../../../../nios2-elf/lib/mno-hw-mul/libc.a(lib_a-memcpy.o)
 .data          0x0080f7c0        0x0 /OPT/altera/12.1/nios2eds/bin/gnu/H-i686-pc-linux-gnu/bin/../lib/gcc/nios2-elf/4.1.2/../../../../nios2-elf/lib/mno-hw-mul/libc.a(lib_a-memmove.o)
 .data          0x0080f7c0        0x0 /OPT/altera/12.1/nios2eds/bin/gnu/H-i686-pc-linux-gnu/bin/../lib/gcc/nios2-elf/4.1.2/../../../../nios2-elf/lib/mno-hw-mul/libc.a(lib_a-reallocr.o)
 .data          0x0080f7c0        0x0 /OPT/altera/12.1/nios2eds/bin/gnu/H-i686-pc-linux-gnu/bin/../lib/gcc/nios2-elf/4.1.2/../../../../nios2-elf/lib/mno-hw-mul/libc.a(lib_a-sbrkr.o)
 .data          0x0080f7c0        0x0 /OPT/altera/12.1/nios2eds/bin/gnu/H-i686-pc-linux-gnu/bin/../lib/gcc/nios2-elf/4.1.2/../../../../nios2-elf/lib/mno-hw-mul/libc.a(lib_a-wsetup.o)
 .data          0x0080f7c0        0x0 /OPT/altera/12.1/nios2eds/bin/gnu/H-i686-pc-linux-gnu/bin/../lib/gcc/nios2-elf/4.1.2/../../../../nios2-elf/lib/mno-hw-mul/libc.a(lib_a-fflush.o)
 .data          0x0080f7c0        0x0 /OPT/altera/12.1/nios2eds/bin/gnu/H-i686-pc-linux-gnu/bin/../lib/gcc/nios2-elf/4.1.2/../../../../nios2-elf/lib/mno-hw-mul/libc.a(lib_a-findfp.o)
 .data          0x0080f7c0        0x0 /OPT/altera/12.1/nios2eds/bin/gnu/H-i686-pc-linux-gnu/bin/../lib/gcc/nios2-elf/4.1.2/../../../../nios2-elf/lib/mno-hw-mul/libc.a(lib_a-freer.o)
 .data          0x0080f7c0        0x0 /OPT/altera/12.1/nios2eds/bin/gnu/H-i686-pc-linux-gnu/bin/../lib/gcc/nios2-elf/4.1.2/../../../../nios2-elf/lib/mno-hw-mul/libc.a(lib_a-fwalk.o)
 .data          0x0080f7c0        0x0 /OPT/altera/12.1/nios2eds/bin/gnu/H-i686-pc-linux-gnu/bin/../lib/gcc/nios2-elf/4.1.2/../../../../nios2-elf/lib/mno-hw-mul/libc.a(lib_a-int_errno.o)
 .data          0x0080f7c0        0x0 /OPT/altera/12.1/nios2eds/bin/gnu/H-i686-pc-linux-gnu/bin/../lib/gcc/nios2-elf/4.1.2/../../../../nios2-elf/lib/mno-hw-mul/libc.a(lib_a-makebuf.o)
 .data          0x0080f7c0        0x0 /OPT/altera/12.1/nios2eds/bin/gnu/H-i686-pc-linux-gnu/bin/../lib/gcc/nios2-elf/4.1.2/../../../../nios2-elf/lib/mno-hw-mul/libc.a(lib_a-memset.o)
 .data          0x0080f7c0        0x0 /OPT/altera/12.1/nios2eds/bin/gnu/H-i686-pc-linux-gnu/bin/../lib/gcc/nios2-elf/4.1.2/../../../../nios2-elf/lib/mno-hw-mul/libc.a(lib_a-stdio.o)
 .data          0x0080f7c0        0x0 /OPT/altera/12.1/nios2eds/bin/gnu/H-i686-pc-linux-gnu/bin/../lib/gcc/nios2-elf/4.1.2/../../../../nios2-elf/lib/mno-hw-mul/libc.a(lib_a-writer.o)
 .data          0x0080f7c0        0x0 /OPT/altera/12.1/nios2eds/bin/gnu/H-i686-pc-linux-gnu/bin/../lib/gcc/nios2-elf/4.1.2/../../../../nios2-elf/lib/mno-hw-mul/libc.a(lib_a-closer.o)
 .data          0x0080f7c0        0x0 /OPT/altera/12.1/nios2eds/bin/gnu/H-i686-pc-linux-gnu/bin/../lib/gcc/nios2-elf/4.1.2/../../../../nios2-elf/lib/mno-hw-mul/libc.a(lib_a-fclose.o)
 .data          0x0080f7c0        0x0 /OPT/altera/12.1/nios2eds/bin/gnu/H-i686-pc-linux-gnu/bin/../lib/gcc/nios2-elf/4.1.2/../../../../nios2-elf/lib/mno-hw-mul/libc.a(lib_a-fstatr.o)
 .data          0x0080f7c0        0x0 /OPT/altera/12.1/nios2eds/bin/gnu/H-i686-pc-linux-gnu/bin/../lib/gcc/nios2-elf/4.1.2/../../../../nios2-elf/lib/mno-hw-mul/libc.a(lib_a-isattyr.o)
 .data          0x0080f7c0        0x0 /OPT/altera/12.1/nios2eds/bin/gnu/H-i686-pc-linux-gnu/bin/../lib/gcc/nios2-elf/4.1.2/../../../../nios2-elf/lib/mno-hw-mul/libc.a(lib_a-lseekr.o)
 .data          0x0080f7c0        0x0 /OPT/altera/12.1/nios2eds/bin/gnu/H-i686-pc-linux-gnu/bin/../lib/gcc/nios2-elf/4.1.2/../../../../nios2-elf/lib/mno-hw-mul/libc.a(lib_a-readr.o)
 .data          0x0080f7c0        0x0 /OPT/altera/12.1/nios2eds/bin/gnu/H-i686-pc-linux-gnu/bin/../lib/gcc/nios2-elf/4.1.2/mno-hw-mul/libgcc.a(lib2-mul.o)
 .data          0x0080f7c0        0x0 ../HardwareTest_bsp//libucosii_bsp.a(alt_close.o)
 .data          0x0080f7c0      0x1a8 ../HardwareTest_bsp//libucosii_bsp.a(alt_dev.o)
                0x0080f7c0                alt_dev_null
                0x0080f7e8                alt_fd_list
 .data          0x0080f968        0x0 ../HardwareTest_bsp//libucosii_bsp.a(alt_errno.o)
 .data          0x0080f968        0x0 ../HardwareTest_bsp//libucosii_bsp.a(alt_fstat.o)
 .data          0x0080f968        0x0 ../HardwareTest_bsp//libucosii_bsp.a(alt_isatty.o)
 .data          0x0080f968        0x0 ../HardwareTest_bsp//libucosii_bsp.a(alt_load.o)
 .data          0x0080f968        0x0 ../HardwareTest_bsp//libucosii_bsp.a(alt_lseek.o)
 .data          0x0080f968        0x0 ../HardwareTest_bsp//libucosii_bsp.a(alt_main.o)
 .data          0x0080f968        0x0 ../HardwareTest_bsp//libucosii_bsp.a(alt_read.o)
 .data          0x0080f968        0x0 ../HardwareTest_bsp//libucosii_bsp.a(alt_release_fd.o)
 .data          0x0080f968        0x0 ../HardwareTest_bsp//libucosii_bsp.a(alt_sbrk.o)
 .data          0x0080f968        0x0 ../HardwareTest_bsp//libucosii_bsp.a(alt_write.o)
 .data          0x0080f968        0x0 ../HardwareTest_bsp//libucosii_bsp.a(alt_env_lock.o)
 .data          0x0080f968        0x0 ../HardwareTest_bsp//libucosii_bsp.a(alt_malloc_lock.o)
 .data          0x0080f968        0x0 ../HardwareTest_bsp//libucosii_bsp.a(os_core.o)
 .data          0x0080f968        0x0 ../HardwareTest_bsp//libucosii_bsp.a(os_dbg.o)
 .data          0x0080f968        0x0 ../HardwareTest_bsp//libucosii_bsp.a(os_flag.o)
 .data          0x0080f968        0x0 ../HardwareTest_bsp//libucosii_bsp.a(os_mem.o)
 .data          0x0080f968        0x0 ../HardwareTest_bsp//libucosii_bsp.a(os_q.o)
 .data          0x0080f968        0x0 ../HardwareTest_bsp//libucosii_bsp.a(os_sem.o)
 .data          0x0080f968        0x0 ../HardwareTest_bsp//libucosii_bsp.a(os_task.o)
 .data          0x0080f968        0x0 ../HardwareTest_bsp//libucosii_bsp.a(os_time.o)
 .data          0x0080f968     0x10c4 ../HardwareTest_bsp//libucosii_bsp.a(alt_sys_init.o)
 .data          0x00810a2c        0x0 ../HardwareTest_bsp//libucosii_bsp.a(altera_avalon_jtag_uart_fd.o)
 .data          0x00810a2c        0x0 ../HardwareTest_bsp//libucosii_bsp.a(altera_avalon_jtag_uart_init.o)
 .data          0x00810a2c        0x0 ../HardwareTest_bsp//libucosii_bsp.a(altera_avalon_jtag_uart_ioctl.o)
 .data          0x00810a2c        0x0 ../HardwareTest_bsp//libucosii_bsp.a(altera_avalon_jtag_uart_read.o)
 .data          0x00810a2c        0x0 ../HardwareTest_bsp//libucosii_bsp.a(altera_avalon_jtag_uart_write.o)
 .data          0x00810a2c        0x0 ../HardwareTest_bsp//libucosii_bsp.a(altera_avalon_timer_sc.o)
 .data          0x00810a2c        0x0 ../HardwareTest_bsp//libucosii_bsp.a(altera_up_avalon_character_lcd.o)
 .data          0x00810a2c        0x0 ../HardwareTest_bsp//libucosii_bsp.a(altera_up_avalon_rs232.o)
 .data          0x00810a2c        0x0 ../HardwareTest_bsp//libucosii_bsp.a(alt_alarm_start.o)
 .data          0x00810a2c        0x0 ../HardwareTest_bsp//libucosii_bsp.a(alt_dcache_flush_all.o)
 .data          0x00810a2c        0x0 ../HardwareTest_bsp//libucosii_bsp.a(alt_dev_llist_insert.o)
 .data          0x00810a2c        0x0 ../HardwareTest_bsp//libucosii_bsp.a(alt_do_ctors.o)
 .data          0x00810a2c        0x0 ../HardwareTest_bsp//libucosii_bsp.a(alt_do_dtors.o)
 .data          0x00810a2c        0x0 ../HardwareTest_bsp//libucosii_bsp.a(alt_find_dev.o)
 .data          0x00810a2c        0x0 ../HardwareTest_bsp//libucosii_bsp.a(alt_icache_flush_all.o)
 .data          0x00810a2c        0x0 ../HardwareTest_bsp//libucosii_bsp.a(alt_io_redirect.o)
 .data          0x00810a2c        0x0 ../HardwareTest_bsp//libucosii_bsp.a(alt_irq_register.o)
 .data          0x00810a2c        0x0 ../HardwareTest_bsp//libucosii_bsp.a(alt_irq_vars.o)
 .data          0x00810a2c        0x0 ../HardwareTest_bsp//libucosii_bsp.a(alt_open.o)
 .data          0x00810a2c        0x0 ../HardwareTest_bsp//libucosii_bsp.a(alt_tick.o)
 .data          0x00810a2c        0x0 ../HardwareTest_bsp//libucosii_bsp.a(altera_nios2_qsys_irq.o)
 .data          0x00810a2c        0x0 ../HardwareTest_bsp//libucosii_bsp.a(os_cpu_a.o)
 .data          0x00810a2c        0x0 ../HardwareTest_bsp//libucosii_bsp.a(os_cpu_c.o)
 .data          0x00810a2c        0x0 ../HardwareTest_bsp//libucosii_bsp.a(alt_find_file.o)
 .data          0x00810a2c        0x0 ../HardwareTest_bsp//libucosii_bsp.a(alt_get_fd.o)
 .data          0x00810a2c        0x0 ../HardwareTest_bsp//libucosii_bsp.a(alt_irq_entry.o)
 .data          0x00810a2c        0x0 ../HardwareTest_bsp//libucosii_bsp.a(alt_irq_handler.o)
 .data          0x00810a2c        0x0 ../HardwareTest_bsp//libucosii_bsp.a(alt_exception_entry.o)
 .data          0x00810a2c        0x0 /OPT/altera/12.1/nios2eds/bin/gnu/H-i686-pc-linux-gnu/bin/../lib/gcc/nios2-elf/4.1.2/../../../../nios2-elf/lib/mno-hw-mul/libc.a(lib_a-atexit.o)
 .data          0x00810a2c        0x0 /OPT/altera/12.1/nios2eds/bin/gnu/H-i686-pc-linux-gnu/bin/../lib/gcc/nios2-elf/4.1.2/../../../../nios2-elf/lib/mno-hw-mul/libc.a(lib_a-exit.o)
 .data          0x00810a2c        0x0 /OPT/altera/12.1/nios2eds/bin/gnu/H-i686-pc-linux-gnu/bin/../lib/gcc/nios2-elf/4.1.2/../../../../nios2-elf/lib/mno-hw-mul/libc.a(lib_a-memcmp.o)
 .data          0x00810a2c        0x0 /OPT/altera/12.1/nios2eds/bin/gnu/H-i686-pc-linux-gnu/bin/../lib/gcc/nios2-elf/4.1.2/../../../../nios2-elf/lib/mno-hw-mul/libc.a(lib_a-__atexit.o)
 .data          0x00810a2c        0x0 /OPT/altera/12.1/nios2eds/bin/gnu/H-i686-pc-linux-gnu/bin/../lib/gcc/nios2-elf/4.1.2/../../../../nios2-elf/lib/mno-hw-mul/libc.a(lib_a-__call_atexit.o)
 .data          0x00810a2c        0x0 /OPT/altera/12.1/nios2eds/bin/gnu/H-i686-pc-linux-gnu/bin/../lib/gcc/nios2-elf/4.1.2/mno-hw-mul/libgcc.a(lib2-divmod.o)
 .data          0x00810a2c        0x0 ../HardwareTest_bsp//libucosii_bsp.a(alt_exit.o)
                0x00818a2c                _gp = ABSOLUTE ((. + 0x8000))
                0x00818a2c                PROVIDE (gp, _gp)
 *(.rwdata .rwdata.*)
 *(.sdata .sdata.* .gnu.linkonce.s.*)
 .sdata         0x00810a2c        0x8 /OPT/altera/12.1/nios2eds/bin/gnu/H-i686-pc-linux-gnu/bin/../lib/gcc/nios2-elf/4.1.2/../../../../nios2-elf/lib/mno-hw-mul/libc.a(lib_a-impure.o)
                0x00810a2c                _impure_ptr
                0x00810a30                _global_impure_ptr
 .sdata         0x00810a34        0x8 /OPT/altera/12.1/nios2eds/bin/gnu/H-i686-pc-linux-gnu/bin/../lib/gcc/nios2-elf/4.1.2/../../../../nios2-elf/lib/mno-hw-mul/libc.a(lib_a-mallocr.o)
                0x00810a34                __malloc_trim_threshold
                0x00810a38                __malloc_sbrk_base
 .sdata         0x00810a3c       0x14 ../HardwareTest_bsp//libucosii_bsp.a(alt_dev.o)
                0x00810a3c                alt_fs_list
                0x00810a44                alt_dev_list
                0x00810a4c                alt_max_fd
 .sdata         0x00810a50        0x4 ../HardwareTest_bsp//libucosii_bsp.a(alt_errno.o)
                0x00810a50                alt_errno
 .sdata         0x00810a54        0x4 ../HardwareTest_bsp//libucosii_bsp.a(alt_sbrk.o)
 .sdata         0x00810a58        0x4 ../HardwareTest_bsp//libucosii_bsp.a(alt_env_lock.o)
 .sdata         0x00810a5c        0x4 ../HardwareTest_bsp//libucosii_bsp.a(alt_malloc_lock.o)
 .sdata         0x00810a60       0x74 ../HardwareTest_bsp//libucosii_bsp.a(os_dbg.o)
                0x00810a60                OSDebugEn
                0x00810a64                OSEndiannessTest
                0x00810a68                OSEventEn
                0x00810a6a                OSEventMax
                0x00810a6c                OSEventNameSize
                0x00810a6e                OSEventSize
                0x00810a70                OSEventTblSize
                0x00810a72                OSEventMultiEn
                0x00810a74                OSFlagEn
                0x00810a76                OSFlagGrpSize
                0x00810a78                OSFlagNodeSize
                0x00810a7a                OSFlagWidth
                0x00810a7c                OSFlagMax
                0x00810a7e                OSFlagNameSize
                0x00810a80                OSLowestPrio
                0x00810a82                OSMboxEn
                0x00810a84                OSMemEn
                0x00810a86                OSMemMax
                0x00810a88                OSMemNameSize
                0x00810a8a                OSMemSize
                0x00810a8c                OSMemTblSize
                0x00810a8e                OSMutexEn
                0x00810a90                OSPtrSize
                0x00810a92                OSQEn
                0x00810a94                OSQMax
                0x00810a96                OSQSize
                0x00810a98                OSRdyTblSize
                0x00810a9a                OSSemEn
                0x00810a9c                OSStkWidth
                0x00810a9e                OSTaskCreateEn
                0x00810aa0                OSTaskCreateExtEn
                0x00810aa2                OSTaskDelEn
                0x00810aa4                OSTaskIdleStkSize
                0x00810aa6                OSTaskProfileEn
                0x00810aa8                OSTaskMax
                0x00810aaa                OSTaskNameSize
                0x00810aac                OSTaskStatEn
                0x00810aae                OSTaskStatStkSize
                0x00810ab0                OSTaskStatStkChkEn
                0x00810ab2                OSTaskSwHookEn
                0x00810ab4                OSTCBPrioTblMax
                0x00810ab6                OSTCBSize
                0x00810ab8                OSTicksPerSec
                0x00810aba                OSTimeTickHookEn
                0x00810abc                OSVersionNbr
                0x00810abe                OSTmrEn
                0x00810ac0                OSTmrCfgMax
                0x00810ac2                OSTmrCfgNameSize
                0x00810ac4                OSTmrCfgWheelSize
                0x00810ac6                OSTmrCfgTicksPerSec
                0x00810ac8                OSTmrSize
                0x00810aca                OSTmrTblSize
                0x00810acc                OSTmrWheelSize
                0x00810ace                OSTmrWheelTblSize
                0x00810ad0                OSDataSize
 .sdata         0x00810ad4        0x4 ../HardwareTest_bsp//libucosii_bsp.a(alt_irq_vars.o)
                0x00810ad4                alt_priority_mask
 .sdata         0x00810ad8        0x8 ../HardwareTest_bsp//libucosii_bsp.a(alt_tick.o)
                0x00810ad8                alt_alarm_list
 *(.sdata2 .sdata2.* .gnu.linkonce.s2.*)
                0x00810ae0                . = ALIGN (0x4)
                0x00810ae0                _edata = ABSOLUTE (.)
                0x00810ae0                PROVIDE (edata, ABSOLUTE (.))
                0x00810ae0                PROVIDE (__ram_rwdata_end, ABSOLUTE (.))
                0x00810ae0                PROVIDE (__flash_rwdata_start, LOADADDR (.rwdata))

.bss            0x00812608     0x556c
                0x00812608                __bss_start = ABSOLUTE (.)
                0x00812608                PROVIDE (__sbss_start, ABSOLUTE (.))
                0x00812608                PROVIDE (___sbss_start, ABSOLUTE (.))
 *(.dynsbss)
 *(.sbss .sbss.* .gnu.linkonce.sb.*)
 .sbss          0x00812608        0x4 obj/default/test.o
                0x00812608                char_lcd
 .sbss          0x0081260c        0xc /OPT/altera/12.1/nios2eds/bin/gnu/H-i686-pc-linux-gnu/bin/../lib/gcc/nios2-elf/4.1.2/../../../../nios2-elf/lib/mno-hw-mul/libc.a(lib_a-mallocr.o)
                0x0081260c                __malloc_top_pad
                0x00812610                __malloc_max_sbrked_mem
                0x00812614                __malloc_max_total_mem
 .sbss          0x00812618        0x4 /OPT/altera/12.1/nios2eds/bin/gnu/H-i686-pc-linux-gnu/bin/../lib/gcc/nios2-elf/4.1.2/../../../../nios2-elf/lib/mno-hw-mul/libc.a(lib_a-int_errno.o)
                0x00812618                errno
 .sbss          0x0081261c        0x4 ../HardwareTest_bsp//libucosii_bsp.a(alt_dev.o)
                0x0081261c                alt_fd_list_lock
 .sbss          0x00812620        0xc ../HardwareTest_bsp//libucosii_bsp.a(alt_main.o)
                0x00812620                alt_argc
                0x00812624                alt_argv
                0x00812628                alt_envp
 .sbss          0x0081262c        0x8 ../HardwareTest_bsp//libucosii_bsp.a(alt_env_lock.o)
                0x00812630                alt_envsem
 .sbss          0x00812634        0x8 ../HardwareTest_bsp//libucosii_bsp.a(alt_malloc_lock.o)
                0x00812638                alt_heapsem
 .sbss          0x0081263c       0x50 ../HardwareTest_bsp//libucosii_bsp.a(os_core.o)
                0x0081263c                OSLockNesting
                0x0081263d                OSRunning
                0x00812640                OSIdleCtr
                0x00812644                OSPrioHighRdy
                0x00812645                OSPrioCur
                0x00812648                OSTCBList
                0x0081264c                OSTickStepState
                0x00812650                OSCtxSwCtr
                0x00812654                OSIdleCtrMax
                0x00812658                OSTCBFreeList
                0x0081265c                OSCPUUsage
                0x0081265d                OSTaskCtr
                0x00812660                OSMemFreeList
                0x00812664                OSTCBHighRdy
                0x00812668                OSQFreeList
                0x0081266c                OSRdyGrp
                0x0081266d                OSRdyTbl
                0x00812670                OSEventFreeList
                0x00812674                OSIntNesting
                0x00812678                OSTCBCur
                0x0081267c                OSTime
                0x00812680                OSFlagFreeList
                0x00812684                OSStatRdy
                0x00812688                OSIdleCtrRun
 .sbss          0x0081268c        0x4 ../HardwareTest_bsp//libucosii_bsp.a(alt_irq_vars.o)
                0x0081268c                alt_irq_active
 .sbss          0x00812690        0x8 ../HardwareTest_bsp//libucosii_bsp.a(alt_tick.o)
                0x00812690                _alt_tick_rate
                0x00812694                _alt_nticks
 *(.sbss2 .sbss2.* .gnu.linkonce.sb2.*)
 *(.scommon)
                0x00812698                PROVIDE (__sbss_end, ABSOLUTE (.))
                0x00812698                PROVIDE (___sbss_end, ABSOLUTE (.))
 *(.dynbss)
 *(.bss .bss.* .gnu.linkonce.b.*)
 .bss           0x00812698        0x0 ../HardwareTest_bsp//obj/HAL/src/crt0.o
 .bss           0x00812698        0x0 obj/default/test.o
 .bss           0x00812698        0x0 /OPT/altera/12.1/nios2eds/bin/gnu/H-i686-pc-linux-gnu/bin/../lib/gcc/nios2-elf/4.1.2/../../../../nios2-elf/lib/mno-hw-mul/libc.a(lib_a-puts.o)
 .bss           0x00812698        0x0 /OPT/altera/12.1/nios2eds/bin/gnu/H-i686-pc-linux-gnu/bin/../lib/gcc/nios2-elf/4.1.2/../../../../nios2-elf/lib/mno-hw-mul/libc.a(lib_a-strlen.o)
 .bss           0x00812698        0x0 /OPT/altera/12.1/nios2eds/bin/gnu/H-i686-pc-linux-gnu/bin/../lib/gcc/nios2-elf/4.1.2/../../../../nios2-elf/lib/mno-hw-mul/libc.a(lib_a-fvwrite.o)
 .bss           0x00812698        0x0 /OPT/altera/12.1/nios2eds/bin/gnu/H-i686-pc-linux-gnu/bin/../lib/gcc/nios2-elf/4.1.2/../../../../nios2-elf/lib/mno-hw-mul/libc.a(lib_a-impure.o)
 .bss           0x00812698       0x28 /OPT/altera/12.1/nios2eds/bin/gnu/H-i686-pc-linux-gnu/bin/../lib/gcc/nios2-elf/4.1.2/../../../../nios2-elf/lib/mno-hw-mul/libc.a(lib_a-mallocr.o)
                0x00812698                __malloc_current_mallinfo
 .bss           0x008126c0        0x0 /OPT/altera/12.1/nios2eds/bin/gnu/H-i686-pc-linux-gnu/bin/../lib/gcc/nios2-elf/4.1.2/../../../../nios2-elf/lib/mno-hw-mul/libc.a(lib_a-memchr.o)
 .bss           0x008126c0        0x0 /OPT/altera/12.1/nios2eds/bin/gnu/H-i686-pc-linux-gnu/bin/../lib/gcc/nios2-elf/4.1.2/../../../../nios2-elf/lib/mno-hw-mul/libc.a(lib_a-memcpy.o)
 .bss           0x008126c0        0x0 /OPT/altera/12.1/nios2eds/bin/gnu/H-i686-pc-linux-gnu/bin/../lib/gcc/nios2-elf/4.1.2/../../../../nios2-elf/lib/mno-hw-mul/libc.a(lib_a-memmove.o)
 .bss           0x008126c0        0x0 /OPT/altera/12.1/nios2eds/bin/gnu/H-i686-pc-linux-gnu/bin/../lib/gcc/nios2-elf/4.1.2/../../../../nios2-elf/lib/mno-hw-mul/libc.a(lib_a-reallocr.o)
 .bss           0x008126c0        0x0 /OPT/altera/12.1/nios2eds/bin/gnu/H-i686-pc-linux-gnu/bin/../lib/gcc/nios2-elf/4.1.2/../../../../nios2-elf/lib/mno-hw-mul/libc.a(lib_a-sbrkr.o)
 .bss           0x008126c0        0x0 /OPT/altera/12.1/nios2eds/bin/gnu/H-i686-pc-linux-gnu/bin/../lib/gcc/nios2-elf/4.1.2/../../../../nios2-elf/lib/mno-hw-mul/libc.a(lib_a-wsetup.o)
 .bss           0x008126c0        0x0 /OPT/altera/12.1/nios2eds/bin/gnu/H-i686-pc-linux-gnu/bin/../lib/gcc/nios2-elf/4.1.2/../../../../nios2-elf/lib/mno-hw-mul/libc.a(lib_a-fflush.o)
 .bss           0x008126c0        0x0 /OPT/altera/12.1/nios2eds/bin/gnu/H-i686-pc-linux-gnu/bin/../lib/gcc/nios2-elf/4.1.2/../../../../nios2-elf/lib/mno-hw-mul/libc.a(lib_a-findfp.o)
 .bss           0x008126c0        0x0 /OPT/altera/12.1/nios2eds/bin/gnu/H-i686-pc-linux-gnu/bin/../lib/gcc/nios2-elf/4.1.2/../../../../nios2-elf/lib/mno-hw-mul/libc.a(lib_a-freer.o)
 .bss           0x008126c0        0x0 /OPT/altera/12.1/nios2eds/bin/gnu/H-i686-pc-linux-gnu/bin/../lib/gcc/nios2-elf/4.1.2/../../../../nios2-elf/lib/mno-hw-mul/libc.a(lib_a-fwalk.o)
 .bss           0x008126c0        0x0 /OPT/altera/12.1/nios2eds/bin/gnu/H-i686-pc-linux-gnu/bin/../lib/gcc/nios2-elf/4.1.2/../../../../nios2-elf/lib/mno-hw-mul/libc.a(lib_a-int_errno.o)
 .bss           0x008126c0        0x0 /OPT/altera/12.1/nios2eds/bin/gnu/H-i686-pc-linux-gnu/bin/../lib/gcc/nios2-elf/4.1.2/../../../../nios2-elf/lib/mno-hw-mul/libc.a(lib_a-makebuf.o)
 .bss           0x008126c0        0x0 /OPT/altera/12.1/nios2eds/bin/gnu/H-i686-pc-linux-gnu/bin/../lib/gcc/nios2-elf/4.1.2/../../../../nios2-elf/lib/mno-hw-mul/libc.a(lib_a-memset.o)
 .bss           0x008126c0        0x0 /OPT/altera/12.1/nios2eds/bin/gnu/H-i686-pc-linux-gnu/bin/../lib/gcc/nios2-elf/4.1.2/../../../../nios2-elf/lib/mno-hw-mul/libc.a(lib_a-stdio.o)
 .bss           0x008126c0        0x0 /OPT/altera/12.1/nios2eds/bin/gnu/H-i686-pc-linux-gnu/bin/../lib/gcc/nios2-elf/4.1.2/../../../../nios2-elf/lib/mno-hw-mul/libc.a(lib_a-writer.o)
 .bss           0x008126c0        0x0 /OPT/altera/12.1/nios2eds/bin/gnu/H-i686-pc-linux-gnu/bin/../lib/gcc/nios2-elf/4.1.2/../../../../nios2-elf/lib/mno-hw-mul/libc.a(lib_a-closer.o)
 .bss           0x008126c0        0x0 /OPT/altera/12.1/nios2eds/bin/gnu/H-i686-pc-linux-gnu/bin/../lib/gcc/nios2-elf/4.1.2/../../../../nios2-elf/lib/mno-hw-mul/libc.a(lib_a-fclose.o)
 .bss           0x008126c0        0x0 /OPT/altera/12.1/nios2eds/bin/gnu/H-i686-pc-linux-gnu/bin/../lib/gcc/nios2-elf/4.1.2/../../../../nios2-elf/lib/mno-hw-mul/libc.a(lib_a-fstatr.o)
 .bss           0x008126c0        0x0 /OPT/altera/12.1/nios2eds/bin/gnu/H-i686-pc-linux-gnu/bin/../lib/gcc/nios2-elf/4.1.2/../../../../nios2-elf/lib/mno-hw-mul/libc.a(lib_a-isattyr.o)
 .bss           0x008126c0        0x0 /OPT/altera/12.1/nios2eds/bin/gnu/H-i686-pc-linux-gnu/bin/../lib/gcc/nios2-elf/4.1.2/../../../../nios2-elf/lib/mno-hw-mul/libc.a(lib_a-lseekr.o)
 .bss           0x008126c0        0x0 /OPT/altera/12.1/nios2eds/bin/gnu/H-i686-pc-linux-gnu/bin/../lib/gcc/nios2-elf/4.1.2/../../../../nios2-elf/lib/mno-hw-mul/libc.a(lib_a-readr.o)
 .bss           0x008126c0        0x0 /OPT/altera/12.1/nios2eds/bin/gnu/H-i686-pc-linux-gnu/bin/../lib/gcc/nios2-elf/4.1.2/mno-hw-mul/libgcc.a(lib2-mul.o)
 .bss           0x008126c0        0x0 ../HardwareTest_bsp//libucosii_bsp.a(alt_close.o)
 .bss           0x008126c0        0x0 ../HardwareTest_bsp//libucosii_bsp.a(alt_dev.o)
 .bss           0x008126c0        0x0 ../HardwareTest_bsp//libucosii_bsp.a(alt_errno.o)
 .bss           0x008126c0        0x0 ../HardwareTest_bsp//libucosii_bsp.a(alt_fstat.o)
 .bss           0x008126c0        0x0 ../HardwareTest_bsp//libucosii_bsp.a(alt_isatty.o)
 .bss           0x008126c0        0x0 ../HardwareTest_bsp//libucosii_bsp.a(alt_load.o)
 .bss           0x008126c0        0x0 ../HardwareTest_bsp//libucosii_bsp.a(alt_lseek.o)
 .bss           0x008126c0        0x0 ../HardwareTest_bsp//libucosii_bsp.a(alt_main.o)
 .bss           0x008126c0        0x0 ../HardwareTest_bsp//libucosii_bsp.a(alt_read.o)
 .bss           0x008126c0        0x0 ../HardwareTest_bsp//libucosii_bsp.a(alt_release_fd.o)
 .bss           0x008126c0        0x0 ../HardwareTest_bsp//libucosii_bsp.a(alt_sbrk.o)
 .bss           0x008126c0        0x0 ../HardwareTest_bsp//libucosii_bsp.a(alt_write.o)
 .bss           0x008126c0        0x0 ../HardwareTest_bsp//libucosii_bsp.a(alt_env_lock.o)
 .bss           0x008126c0        0x0 ../HardwareTest_bsp//libucosii_bsp.a(alt_malloc_lock.o)
 .bss           0x008126c0        0x0 ../HardwareTest_bsp//libucosii_bsp.a(os_core.o)
 .bss           0x008126c0        0x0 ../HardwareTest_bsp//libucosii_bsp.a(os_dbg.o)
 .bss           0x008126c0        0x0 ../HardwareTest_bsp//libucosii_bsp.a(os_flag.o)
 .bss           0x008126c0        0x0 ../HardwareTest_bsp//libucosii_bsp.a(os_mem.o)
 .bss           0x008126c0        0x0 ../HardwareTest_bsp//libucosii_bsp.a(os_q.o)
 .bss           0x008126c0        0x0 ../HardwareTest_bsp//libucosii_bsp.a(os_sem.o)
 .bss           0x008126c0        0x0 ../HardwareTest_bsp//libucosii_bsp.a(os_task.o)
 .bss           0x008126c0        0x0 ../HardwareTest_bsp//libucosii_bsp.a(os_time.o)
 .bss           0x008126c0        0x0 ../HardwareTest_bsp//libucosii_bsp.a(alt_sys_init.o)
 .bss           0x008126c0        0x0 ../HardwareTest_bsp//libucosii_bsp.a(altera_avalon_jtag_uart_fd.o)
 .bss           0x008126c0        0x0 ../HardwareTest_bsp//libucosii_bsp.a(altera_avalon_jtag_uart_init.o)
 .bss           0x008126c0        0x0 ../HardwareTest_bsp//libucosii_bsp.a(altera_avalon_jtag_uart_ioctl.o)
 .bss           0x008126c0        0x0 ../HardwareTest_bsp//libucosii_bsp.a(altera_avalon_jtag_uart_read.o)
 .bss           0x008126c0        0x0 ../HardwareTest_bsp//libucosii_bsp.a(altera_avalon_jtag_uart_write.o)
 .bss           0x008126c0        0x0 ../HardwareTest_bsp//libucosii_bsp.a(altera_avalon_timer_sc.o)
 .bss           0x008126c0        0x0 ../HardwareTest_bsp//libucosii_bsp.a(altera_up_avalon_character_lcd.o)
 .bss           0x008126c0        0x0 ../HardwareTest_bsp//libucosii_bsp.a(altera_up_avalon_rs232.o)
 .bss           0x008126c0        0x0 ../HardwareTest_bsp//libucosii_bsp.a(alt_alarm_start.o)
 .bss           0x008126c0        0x0 ../HardwareTest_bsp//libucosii_bsp.a(alt_dcache_flush_all.o)
 .bss           0x008126c0        0x0 ../HardwareTest_bsp//libucosii_bsp.a(alt_dev_llist_insert.o)
 .bss           0x008126c0        0x0 ../HardwareTest_bsp//libucosii_bsp.a(alt_do_ctors.o)
 .bss           0x008126c0        0x0 ../HardwareTest_bsp//libucosii_bsp.a(alt_do_dtors.o)
 .bss           0x008126c0        0x0 ../HardwareTest_bsp//libucosii_bsp.a(alt_find_dev.o)
 .bss           0x008126c0        0x0 ../HardwareTest_bsp//libucosii_bsp.a(alt_icache_flush_all.o)
 .bss           0x008126c0        0x0 ../HardwareTest_bsp//libucosii_bsp.a(alt_io_redirect.o)
 .bss           0x008126c0        0x0 ../HardwareTest_bsp//libucosii_bsp.a(alt_irq_register.o)
 .bss           0x008126c0        0x0 ../HardwareTest_bsp//libucosii_bsp.a(alt_irq_vars.o)
 .bss           0x008126c0        0x0 ../HardwareTest_bsp//libucosii_bsp.a(alt_open.o)
 .bss           0x008126c0        0x0 ../HardwareTest_bsp//libucosii_bsp.a(alt_tick.o)
 .bss           0x008126c0        0x0 ../HardwareTest_bsp//libucosii_bsp.a(altera_nios2_qsys_irq.o)
 .bss           0x008126c0        0x0 ../HardwareTest_bsp//libucosii_bsp.a(os_cpu_a.o)
 .bss           0x008126c0        0x0 ../HardwareTest_bsp//libucosii_bsp.a(os_cpu_c.o)
 .bss           0x008126c0        0x0 ../HardwareTest_bsp//libucosii_bsp.a(alt_find_file.o)
 .bss           0x008126c0        0x0 ../HardwareTest_bsp//libucosii_bsp.a(alt_get_fd.o)
 .bss           0x008126c0        0x0 ../HardwareTest_bsp//libucosii_bsp.a(alt_irq_entry.o)
 .bss           0x008126c0        0x0 ../HardwareTest_bsp//libucosii_bsp.a(alt_irq_handler.o)
 .bss           0x008126c0        0x0 ../HardwareTest_bsp//libucosii_bsp.a(alt_exception_entry.o)
 .bss           0x008126c0        0x0 /OPT/altera/12.1/nios2eds/bin/gnu/H-i686-pc-linux-gnu/bin/../lib/gcc/nios2-elf/4.1.2/../../../../nios2-elf/lib/mno-hw-mul/libc.a(lib_a-atexit.o)
 .bss           0x008126c0        0x0 /OPT/altera/12.1/nios2eds/bin/gnu/H-i686-pc-linux-gnu/bin/../lib/gcc/nios2-elf/4.1.2/../../../../nios2-elf/lib/mno-hw-mul/libc.a(lib_a-exit.o)
 .bss           0x008126c0        0x0 /OPT/altera/12.1/nios2eds/bin/gnu/H-i686-pc-linux-gnu/bin/../lib/gcc/nios2-elf/4.1.2/../../../../nios2-elf/lib/mno-hw-mul/libc.a(lib_a-memcmp.o)
 .bss           0x008126c0        0x0 /OPT/altera/12.1/nios2eds/bin/gnu/H-i686-pc-linux-gnu/bin/../lib/gcc/nios2-elf/4.1.2/../../../../nios2-elf/lib/mno-hw-mul/libc.a(lib_a-__atexit.o)
 .bss           0x008126c0        0x0 /OPT/altera/12.1/nios2eds/bin/gnu/H-i686-pc-linux-gnu/bin/../lib/gcc/nios2-elf/4.1.2/../../../../nios2-elf/lib/mno-hw-mul/libc.a(lib_a-__call_atexit.o)
 .bss           0x008126c0        0x0 /OPT/altera/12.1/nios2eds/bin/gnu/H-i686-pc-linux-gnu/bin/../lib/gcc/nios2-elf/4.1.2/mno-hw-mul/libgcc.a(lib2-divmod.o)
 .bss           0x008126c0        0x0 ../HardwareTest_bsp//libucosii_bsp.a(alt_exit.o)
 *(COMMON)
 COMMON         0x008126c0     0x2000 obj/default/test.o
                0x008126c0                task1_stk
 COMMON         0x008146c0     0x3224 ../HardwareTest_bsp//libucosii_bsp.a(os_core.o)
                0x008146c0                OSFlagTbl
                0x00814a30                OSMemTbl
                0x00815660                OSTaskStatStk
                0x00815e60                OSQTbl
                0x00816040                OSTaskIdleStk
                0x00816840                OSEventTbl
                0x00817380                OSTCBTbl
                0x00817890                OSTCBPrioTbl
 COMMON         0x008178e4      0x100 ../HardwareTest_bsp//libucosii_bsp.a(alt_irq_handler.o)
                0x008178e4                alt_irq
 COMMON         0x008179e4      0x190 /OPT/altera/12.1/nios2eds/bin/gnu/H-i686-pc-linux-gnu/bin/../lib/gcc/nios2-elf/4.1.2/../../../../nios2-elf/lib/mno-hw-mul/libc.a(lib_a-atexit.o)
                0x008179e4                _atexit0
                0x00817b74                . = ALIGN (0x4)
                0x00817b74                __bss_end = ABSOLUTE (.)

.sdram_0        0x00817b74        0x0
                0x00817b74                PROVIDE (_alt_partition_sdram_0_start, ABSOLUTE (.))
 *(.sdram_0. sdram_0.*)
                0x00817b74                . = ALIGN (0x4)
                0x00817b74                PROVIDE (_alt_partition_sdram_0_end, ABSOLUTE (.))
                0x00817b74                _end = ABSOLUTE (.)
                0x00817b74                end = ABSOLUTE (.)
                0x00817b74                __alt_stack_base = ABSOLUTE (.)
                0x00817b74                PROVIDE (_alt_partition_sdram_0_load_addr, LOADADDR (.sdram_0))

.sram_0         0x01080000        0x0 load address 0x00817b74
                0x01080000                PROVIDE (_alt_partition_sram_0_start, ABSOLUTE (.))
 *(.sram_0. sram_0.*)
                0x01080000                . = ALIGN (0x4)
                0x01080000                PROVIDE (_alt_partition_sram_0_end, ABSOLUTE (.))
                0x00817b74                PROVIDE (_alt_partition_sram_0_load_addr, LOADADDR (.sram_0))

.onchip_memory2_0
                0x011041c0        0x0 load address 0x00817b74
                0x011041c0                PROVIDE (_alt_partition_onchip_memory2_0_start, ABSOLUTE (.))
 *(.onchip_memory2_0. onchip_memory2_0.*)
                0x011041c0                . = ALIGN (0x4)
                0x011041c0                PROVIDE (_alt_partition_onchip_memory2_0_end, ABSOLUTE (.))
                0x00817b74                PROVIDE (_alt_partition_onchip_memory2_0_load_addr, LOADADDR (.onchip_memory2_0))

.descriptor_memory
                0x01108000        0x0 load address 0x00817b74
                0x01108000                PROVIDE (_alt_partition_descriptor_memory_start, ABSOLUTE (.))
 *(.descriptor_memory. descriptor_memory.*)
                0x01108000                . = ALIGN (0x4)
                0x01108000                PROVIDE (_alt_partition_descriptor_memory_end, ABSOLUTE (.))
                0x00817b74                PROVIDE (_alt_partition_descriptor_memory_load_addr, LOADADDR (.descriptor_memory))

.stab
 *(.stab)

.stabstr
 *(.stabstr)

.stab.excl
 *(.stab.excl)

.stab.exclstr
 *(.stab.exclstr)

.stab.index
 *(.stab.index)

.stab.indexstr
 *(.stab.indexstr)

.comment        0x00000000       0x26
 *(.comment)
 .comment       0x00000000       0x26 obj/default/test.o
                                 0x27 (size before relaxing)
 .comment       0x00000000       0x27 /OPT/altera/12.1/nios2eds/bin/gnu/H-i686-pc-linux-gnu/bin/../lib/gcc/nios2-elf/4.1.2/../../../../nios2-elf/lib/mno-hw-mul/libc.a(lib_a-puts.o)
 .comment       0x00000000       0x27 /OPT/altera/12.1/nios2eds/bin/gnu/H-i686-pc-linux-gnu/bin/../lib/gcc/nios2-elf/4.1.2/../../../../nios2-elf/lib/mno-hw-mul/libc.a(lib_a-strlen.o)
 .comment       0x00000000       0x27 /OPT/altera/12.1/nios2eds/bin/gnu/H-i686-pc-linux-gnu/bin/../lib/gcc/nios2-elf/4.1.2/../../../../nios2-elf/lib/mno-hw-mul/libc.a(lib_a-fvwrite.o)
 .comment       0x00000000       0x27 /OPT/altera/12.1/nios2eds/bin/gnu/H-i686-pc-linux-gnu/bin/../lib/gcc/nios2-elf/4.1.2/../../../../nios2-elf/lib/mno-hw-mul/libc.a(lib_a-impure.o)
 .comment       0x00000000       0x27 /OPT/altera/12.1/nios2eds/bin/gnu/H-i686-pc-linux-gnu/bin/../lib/gcc/nios2-elf/4.1.2/../../../../nios2-elf/lib/mno-hw-mul/libc.a(lib_a-mallocr.o)
 .comment       0x00000000       0x27 /OPT/altera/12.1/nios2eds/bin/gnu/H-i686-pc-linux-gnu/bin/../lib/gcc/nios2-elf/4.1.2/../../../../nios2-elf/lib/mno-hw-mul/libc.a(lib_a-memchr.o)
 .comment       0x00000000       0x27 /OPT/altera/12.1/nios2eds/bin/gnu/H-i686-pc-linux-gnu/bin/../lib/gcc/nios2-elf/4.1.2/../../../../nios2-elf/lib/mno-hw-mul/libc.a(lib_a-memcpy.o)
 .comment       0x00000000       0x27 /OPT/altera/12.1/nios2eds/bin/gnu/H-i686-pc-linux-gnu/bin/../lib/gcc/nios2-elf/4.1.2/../../../../nios2-elf/lib/mno-hw-mul/libc.a(lib_a-memmove.o)
 .comment       0x00000000       0x27 /OPT/altera/12.1/nios2eds/bin/gnu/H-i686-pc-linux-gnu/bin/../lib/gcc/nios2-elf/4.1.2/../../../../nios2-elf/lib/mno-hw-mul/libc.a(lib_a-reallocr.o)
 .comment       0x00000000       0x27 /OPT/altera/12.1/nios2eds/bin/gnu/H-i686-pc-linux-gnu/bin/../lib/gcc/nios2-elf/4.1.2/../../../../nios2-elf/lib/mno-hw-mul/libc.a(lib_a-sbrkr.o)
 .comment       0x00000000       0x27 /OPT/altera/12.1/nios2eds/bin/gnu/H-i686-pc-linux-gnu/bin/../lib/gcc/nios2-elf/4.1.2/../../../../nios2-elf/lib/mno-hw-mul/libc.a(lib_a-wsetup.o)
 .comment       0x00000000       0x27 /OPT/altera/12.1/nios2eds/bin/gnu/H-i686-pc-linux-gnu/bin/../lib/gcc/nios2-elf/4.1.2/../../../../nios2-elf/lib/mno-hw-mul/libc.a(lib_a-fflush.o)
 .comment       0x00000000       0x27 /OPT/altera/12.1/nios2eds/bin/gnu/H-i686-pc-linux-gnu/bin/../lib/gcc/nios2-elf/4.1.2/../../../../nios2-elf/lib/mno-hw-mul/libc.a(lib_a-findfp.o)
 .comment       0x00000000       0x27 /OPT/altera/12.1/nios2eds/bin/gnu/H-i686-pc-linux-gnu/bin/../lib/gcc/nios2-elf/4.1.2/../../../../nios2-elf/lib/mno-hw-mul/libc.a(lib_a-freer.o)
 .comment       0x00000000       0x27 /OPT/altera/12.1/nios2eds/bin/gnu/H-i686-pc-linux-gnu/bin/../lib/gcc/nios2-elf/4.1.2/../../../../nios2-elf/lib/mno-hw-mul/libc.a(lib_a-fwalk.o)
 .comment       0x00000000       0x27 /OPT/altera/12.1/nios2eds/bin/gnu/H-i686-pc-linux-gnu/bin/../lib/gcc/nios2-elf/4.1.2/../../../../nios2-elf/lib/mno-hw-mul/libc.a(lib_a-int_errno.o)
 .comment       0x00000000       0x27 /OPT/altera/12.1/nios2eds/bin/gnu/H-i686-pc-linux-gnu/bin/../lib/gcc/nios2-elf/4.1.2/../../../../nios2-elf/lib/mno-hw-mul/libc.a(lib_a-makebuf.o)
 .comment       0x00000000       0x27 /OPT/altera/12.1/nios2eds/bin/gnu/H-i686-pc-linux-gnu/bin/../lib/gcc/nios2-elf/4.1.2/../../../../nios2-elf/lib/mno-hw-mul/libc.a(lib_a-memset.o)
 .comment       0x00000000       0x27 /OPT/altera/12.1/nios2eds/bin/gnu/H-i686-pc-linux-gnu/bin/../lib/gcc/nios2-elf/4.1.2/../../../../nios2-elf/lib/mno-hw-mul/libc.a(lib_a-stdio.o)
 .comment       0x00000000       0x27 /OPT/altera/12.1/nios2eds/bin/gnu/H-i686-pc-linux-gnu/bin/../lib/gcc/nios2-elf/4.1.2/../../../../nios2-elf/lib/mno-hw-mul/libc.a(lib_a-writer.o)
 .comment       0x00000000       0x27 /OPT/altera/12.1/nios2eds/bin/gnu/H-i686-pc-linux-gnu/bin/../lib/gcc/nios2-elf/4.1.2/../../../../nios2-elf/lib/mno-hw-mul/libc.a(lib_a-closer.o)
 .comment       0x00000000       0x27 /OPT/altera/12.1/nios2eds/bin/gnu/H-i686-pc-linux-gnu/bin/../lib/gcc/nios2-elf/4.1.2/../../../../nios2-elf/lib/mno-hw-mul/libc.a(lib_a-fclose.o)
 .comment       0x00000000       0x27 /OPT/altera/12.1/nios2eds/bin/gnu/H-i686-pc-linux-gnu/bin/../lib/gcc/nios2-elf/4.1.2/../../../../nios2-elf/lib/mno-hw-mul/libc.a(lib_a-fstatr.o)
 .comment       0x00000000       0x27 /OPT/altera/12.1/nios2eds/bin/gnu/H-i686-pc-linux-gnu/bin/../lib/gcc/nios2-elf/4.1.2/../../../../nios2-elf/lib/mno-hw-mul/libc.a(lib_a-isattyr.o)
 .comment       0x00000000       0x27 /OPT/altera/12.1/nios2eds/bin/gnu/H-i686-pc-linux-gnu/bin/../lib/gcc/nios2-elf/4.1.2/../../../../nios2-elf/lib/mno-hw-mul/libc.a(lib_a-lseekr.o)
 .comment       0x00000000       0x27 /OPT/altera/12.1/nios2eds/bin/gnu/H-i686-pc-linux-gnu/bin/../lib/gcc/nios2-elf/4.1.2/../../../../nios2-elf/lib/mno-hw-mul/libc.a(lib_a-readr.o)
 .comment       0x00000000       0x27 /OPT/altera/12.1/nios2eds/bin/gnu/H-i686-pc-linux-gnu/bin/../lib/gcc/nios2-elf/4.1.2/mno-hw-mul/libgcc.a(lib2-mul.o)
 .comment       0x00000000       0x27 ../HardwareTest_bsp//libucosii_bsp.a(alt_close.o)
 .comment       0x00000000       0x27 ../HardwareTest_bsp//libucosii_bsp.a(alt_dev.o)
 .comment       0x00000000       0x27 ../HardwareTest_bsp//libucosii_bsp.a(alt_errno.o)
 .comment       0x00000000       0x27 ../HardwareTest_bsp//libucosii_bsp.a(alt_fstat.o)
 .comment       0x00000000       0x27 ../HardwareTest_bsp//libucosii_bsp.a(alt_isatty.o)
 .comment       0x00000000       0x27 ../HardwareTest_bsp//libucosii_bsp.a(alt_load.o)
 .comment       0x00000000       0x27 ../HardwareTest_bsp//libucosii_bsp.a(alt_lseek.o)
 .comment       0x00000000       0x27 ../HardwareTest_bsp//libucosii_bsp.a(alt_main.o)
 .comment       0x00000000       0x27 ../HardwareTest_bsp//libucosii_bsp.a(alt_read.o)
 .comment       0x00000000       0x27 ../HardwareTest_bsp//libucosii_bsp.a(alt_release_fd.o)
 .comment       0x00000000       0x27 ../HardwareTest_bsp//libucosii_bsp.a(alt_sbrk.o)
 .comment       0x00000000       0x27 ../HardwareTest_bsp//libucosii_bsp.a(alt_write.o)
 .comment       0x00000000       0x27 ../HardwareTest_bsp//libucosii_bsp.a(alt_env_lock.o)
 .comment       0x00000000       0x27 ../HardwareTest_bsp//libucosii_bsp.a(alt_malloc_lock.o)
 .comment       0x00000000       0x27 ../HardwareTest_bsp//libucosii_bsp.a(os_core.o)
 .comment       0x00000000       0x27 ../HardwareTest_bsp//libucosii_bsp.a(os_dbg.o)
 .comment       0x00000000       0x27 ../HardwareTest_bsp//libucosii_bsp.a(os_flag.o)
 .comment       0x00000000       0x27 ../HardwareTest_bsp//libucosii_bsp.a(os_mem.o)
 .comment       0x00000000       0x27 ../HardwareTest_bsp//libucosii_bsp.a(os_q.o)
 .comment       0x00000000       0x27 ../HardwareTest_bsp//libucosii_bsp.a(os_sem.o)
 .comment       0x00000000       0x27 ../HardwareTest_bsp//libucosii_bsp.a(os_task.o)
 .comment       0x00000000       0x27 ../HardwareTest_bsp//libucosii_bsp.a(os_time.o)
 .comment       0x00000000       0x27 ../HardwareTest_bsp//libucosii_bsp.a(alt_sys_init.o)
 .comment       0x00000000       0x27 ../HardwareTest_bsp//libucosii_bsp.a(altera_avalon_jtag_uart_fd.o)
 .comment       0x00000000       0x27 ../HardwareTest_bsp//libucosii_bsp.a(altera_avalon_jtag_uart_init.o)
 .comment       0x00000000       0x27 ../HardwareTest_bsp//libucosii_bsp.a(altera_avalon_jtag_uart_ioctl.o)
 .comment       0x00000000       0x27 ../HardwareTest_bsp//libucosii_bsp.a(altera_avalon_jtag_uart_read.o)
 .comment       0x00000000       0x27 ../HardwareTest_bsp//libucosii_bsp.a(altera_avalon_jtag_uart_write.o)
 .comment       0x00000000       0x27 ../HardwareTest_bsp//libucosii_bsp.a(altera_avalon_timer_sc.o)
 .comment       0x00000000       0x27 ../HardwareTest_bsp//libucosii_bsp.a(altera_up_avalon_character_lcd.o)
 .comment       0x00000000       0x27 ../HardwareTest_bsp//libucosii_bsp.a(altera_up_avalon_rs232.o)
 .comment       0x00000000       0x27 ../HardwareTest_bsp//libucosii_bsp.a(alt_alarm_start.o)
 .comment       0x00000000       0x27 ../HardwareTest_bsp//libucosii_bsp.a(alt_dcache_flush_all.o)
 .comment       0x00000000       0x27 ../HardwareTest_bsp//libucosii_bsp.a(alt_dev_llist_insert.o)
 .comment       0x00000000       0x27 ../HardwareTest_bsp//libucosii_bsp.a(alt_do_ctors.o)
 .comment       0x00000000       0x27 ../HardwareTest_bsp//libucosii_bsp.a(alt_do_dtors.o)
 .comment       0x00000000       0x27 ../HardwareTest_bsp//libucosii_bsp.a(alt_find_dev.o)
 .comment       0x00000000       0x27 ../HardwareTest_bsp//libucosii_bsp.a(alt_icache_flush_all.o)
 .comment       0x00000000       0x27 ../HardwareTest_bsp//libucosii_bsp.a(alt_io_redirect.o)
 .comment       0x00000000       0x27 ../HardwareTest_bsp//libucosii_bsp.a(alt_irq_register.o)
 .comment       0x00000000       0x27 ../HardwareTest_bsp//libucosii_bsp.a(alt_irq_vars.o)
 .comment       0x00000000       0x27 ../HardwareTest_bsp//libucosii_bsp.a(alt_open.o)
 .comment       0x00000000       0x27 ../HardwareTest_bsp//libucosii_bsp.a(alt_tick.o)
 .comment       0x00000000       0x27 ../HardwareTest_bsp//libucosii_bsp.a(altera_nios2_qsys_irq.o)
 .comment       0x00000000       0x27 ../HardwareTest_bsp//libucosii_bsp.a(os_cpu_c.o)
 .comment       0x00000000       0x27 ../HardwareTest_bsp//libucosii_bsp.a(alt_find_file.o)
 .comment       0x00000000       0x27 ../HardwareTest_bsp//libucosii_bsp.a(alt_get_fd.o)
 .comment       0x00000000       0x27 ../HardwareTest_bsp//libucosii_bsp.a(alt_irq_handler.o)
 .comment       0x00000000       0x27 /OPT/altera/12.1/nios2eds/bin/gnu/H-i686-pc-linux-gnu/bin/../lib/gcc/nios2-elf/4.1.2/../../../../nios2-elf/lib/mno-hw-mul/libc.a(lib_a-atexit.o)
 .comment       0x00000000       0x27 /OPT/altera/12.1/nios2eds/bin/gnu/H-i686-pc-linux-gnu/bin/../lib/gcc/nios2-elf/4.1.2/../../../../nios2-elf/lib/mno-hw-mul/libc.a(lib_a-exit.o)
 .comment       0x00000000       0x27 /OPT/altera/12.1/nios2eds/bin/gnu/H-i686-pc-linux-gnu/bin/../lib/gcc/nios2-elf/4.1.2/../../../../nios2-elf/lib/mno-hw-mul/libc.a(lib_a-memcmp.o)
 .comment       0x00000000       0x27 /OPT/altera/12.1/nios2eds/bin/gnu/H-i686-pc-linux-gnu/bin/../lib/gcc/nios2-elf/4.1.2/../../../../nios2-elf/lib/mno-hw-mul/libc.a(lib_a-__atexit.o)
 .comment       0x00000000       0x27 /OPT/altera/12.1/nios2eds/bin/gnu/H-i686-pc-linux-gnu/bin/../lib/gcc/nios2-elf/4.1.2/../../../../nios2-elf/lib/mno-hw-mul/libc.a(lib_a-__call_atexit.o)
 .comment       0x00000000       0x27 /OPT/altera/12.1/nios2eds/bin/gnu/H-i686-pc-linux-gnu/bin/../lib/gcc/nios2-elf/4.1.2/mno-hw-mul/libgcc.a(lib2-divmod.o)
 .comment       0x00000000       0x27 ../HardwareTest_bsp//libucosii_bsp.a(alt_exit.o)

.debug
 *(.debug)

.line
 *(.line)

.debug_srcinfo
 *(.debug_srcinfo)

.debug_sfnames
 *(.debug_sfnames)

.debug_aranges  0x00000000      0xa98
 *(.debug_aranges)
 .debug_aranges
                0x00000000       0x28 ../HardwareTest_bsp//obj/HAL/src/crt0.o
 .debug_aranges
                0x00000028       0x20 obj/default/test.o
 .debug_aranges
                0x00000048       0x20 /OPT/altera/12.1/nios2eds/bin/gnu/H-i686-pc-linux-gnu/bin/../lib/gcc/nios2-elf/4.1.2/../../../../nios2-elf/lib/mno-hw-mul/libc.a(lib_a-puts.o)
 .debug_aranges
                0x00000068       0x20 /OPT/altera/12.1/nios2eds/bin/gnu/H-i686-pc-linux-gnu/bin/../lib/gcc/nios2-elf/4.1.2/../../../../nios2-elf/lib/mno-hw-mul/libc.a(lib_a-strlen.o)
 .debug_aranges
                0x00000088       0x20 /OPT/altera/12.1/nios2eds/bin/gnu/H-i686-pc-linux-gnu/bin/../lib/gcc/nios2-elf/4.1.2/../../../../nios2-elf/lib/mno-hw-mul/libc.a(lib_a-fvwrite.o)
 .debug_aranges
                0x000000a8       0x20 /OPT/altera/12.1/nios2eds/bin/gnu/H-i686-pc-linux-gnu/bin/../lib/gcc/nios2-elf/4.1.2/../../../../nios2-elf/lib/mno-hw-mul/libc.a(lib_a-mallocr.o)
 .debug_aranges
                0x000000c8       0x20 /OPT/altera/12.1/nios2eds/bin/gnu/H-i686-pc-linux-gnu/bin/../lib/gcc/nios2-elf/4.1.2/../../../../nios2-elf/lib/mno-hw-mul/libc.a(lib_a-memchr.o)
 .debug_aranges
                0x000000e8       0x20 /OPT/altera/12.1/nios2eds/bin/gnu/H-i686-pc-linux-gnu/bin/../lib/gcc/nios2-elf/4.1.2/../../../../nios2-elf/lib/mno-hw-mul/libc.a(lib_a-memcpy.o)
 .debug_aranges
                0x00000108       0x20 /OPT/altera/12.1/nios2eds/bin/gnu/H-i686-pc-linux-gnu/bin/../lib/gcc/nios2-elf/4.1.2/../../../../nios2-elf/lib/mno-hw-mul/libc.a(lib_a-memmove.o)
 .debug_aranges
                0x00000128       0x20 /OPT/altera/12.1/nios2eds/bin/gnu/H-i686-pc-linux-gnu/bin/../lib/gcc/nios2-elf/4.1.2/../../../../nios2-elf/lib/mno-hw-mul/libc.a(lib_a-reallocr.o)
 .debug_aranges
                0x00000148       0x20 /OPT/altera/12.1/nios2eds/bin/gnu/H-i686-pc-linux-gnu/bin/../lib/gcc/nios2-elf/4.1.2/../../../../nios2-elf/lib/mno-hw-mul/libc.a(lib_a-sbrkr.o)
 .debug_aranges
                0x00000168       0x20 /OPT/altera/12.1/nios2eds/bin/gnu/H-i686-pc-linux-gnu/bin/../lib/gcc/nios2-elf/4.1.2/../../../../nios2-elf/lib/mno-hw-mul/libc.a(lib_a-wsetup.o)
 .debug_aranges
                0x00000188       0x20 /OPT/altera/12.1/nios2eds/bin/gnu/H-i686-pc-linux-gnu/bin/../lib/gcc/nios2-elf/4.1.2/../../../../nios2-elf/lib/mno-hw-mul/libc.a(lib_a-fflush.o)
 .debug_aranges
                0x000001a8       0x20 /OPT/altera/12.1/nios2eds/bin/gnu/H-i686-pc-linux-gnu/bin/../lib/gcc/nios2-elf/4.1.2/../../../../nios2-elf/lib/mno-hw-mul/libc.a(lib_a-findfp.o)
 .debug_aranges
                0x000001c8       0x20 /OPT/altera/12.1/nios2eds/bin/gnu/H-i686-pc-linux-gnu/bin/../lib/gcc/nios2-elf/4.1.2/../../../../nios2-elf/lib/mno-hw-mul/libc.a(lib_a-freer.o)
 .debug_aranges
                0x000001e8       0x20 /OPT/altera/12.1/nios2eds/bin/gnu/H-i686-pc-linux-gnu/bin/../lib/gcc/nios2-elf/4.1.2/../../../../nios2-elf/lib/mno-hw-mul/libc.a(lib_a-fwalk.o)
 .debug_aranges
                0x00000208       0x20 /OPT/altera/12.1/nios2eds/bin/gnu/H-i686-pc-linux-gnu/bin/../lib/gcc/nios2-elf/4.1.2/../../../../nios2-elf/lib/mno-hw-mul/libc.a(lib_a-makebuf.o)
 .debug_aranges
                0x00000228       0x20 /OPT/altera/12.1/nios2eds/bin/gnu/H-i686-pc-linux-gnu/bin/../lib/gcc/nios2-elf/4.1.2/../../../../nios2-elf/lib/mno-hw-mul/libc.a(lib_a-memset.o)
 .debug_aranges
                0x00000248       0x20 /OPT/altera/12.1/nios2eds/bin/gnu/H-i686-pc-linux-gnu/bin/../lib/gcc/nios2-elf/4.1.2/../../../../nios2-elf/lib/mno-hw-mul/libc.a(lib_a-stdio.o)
 .debug_aranges
                0x00000268       0x20 /OPT/altera/12.1/nios2eds/bin/gnu/H-i686-pc-linux-gnu/bin/../lib/gcc/nios2-elf/4.1.2/../../../../nios2-elf/lib/mno-hw-mul/libc.a(lib_a-writer.o)
 .debug_aranges
                0x00000288       0x20 /OPT/altera/12.1/nios2eds/bin/gnu/H-i686-pc-linux-gnu/bin/../lib/gcc/nios2-elf/4.1.2/../../../../nios2-elf/lib/mno-hw-mul/libc.a(lib_a-closer.o)
 .debug_aranges
                0x000002a8       0x20 /OPT/altera/12.1/nios2eds/bin/gnu/H-i686-pc-linux-gnu/bin/../lib/gcc/nios2-elf/4.1.2/../../../../nios2-elf/lib/mno-hw-mul/libc.a(lib_a-fclose.o)
 .debug_aranges
                0x000002c8       0x20 /OPT/altera/12.1/nios2eds/bin/gnu/H-i686-pc-linux-gnu/bin/../lib/gcc/nios2-elf/4.1.2/../../../../nios2-elf/lib/mno-hw-mul/libc.a(lib_a-fstatr.o)
 .debug_aranges
                0x000002e8       0x20 /OPT/altera/12.1/nios2eds/bin/gnu/H-i686-pc-linux-gnu/bin/../lib/gcc/nios2-elf/4.1.2/../../../../nios2-elf/lib/mno-hw-mul/libc.a(lib_a-isattyr.o)
 .debug_aranges
                0x00000308       0x20 /OPT/altera/12.1/nios2eds/bin/gnu/H-i686-pc-linux-gnu/bin/../lib/gcc/nios2-elf/4.1.2/../../../../nios2-elf/lib/mno-hw-mul/libc.a(lib_a-lseekr.o)
 .debug_aranges
                0x00000328       0x20 /OPT/altera/12.1/nios2eds/bin/gnu/H-i686-pc-linux-gnu/bin/../lib/gcc/nios2-elf/4.1.2/../../../../nios2-elf/lib/mno-hw-mul/libc.a(lib_a-readr.o)
 .debug_aranges
                0x00000348       0x20 /OPT/altera/12.1/nios2eds/bin/gnu/H-i686-pc-linux-gnu/bin/../lib/gcc/nios2-elf/4.1.2/mno-hw-mul/libgcc.a(lib2-mul.o)
 .debug_aranges
                0x00000368       0x20 ../HardwareTest_bsp//libucosii_bsp.a(alt_close.o)
 .debug_aranges
                0x00000388       0x20 ../HardwareTest_bsp//libucosii_bsp.a(alt_dev.o)
 .debug_aranges
                0x000003a8       0x20 ../HardwareTest_bsp//libucosii_bsp.a(alt_fstat.o)
 .debug_aranges
                0x000003c8       0x20 ../HardwareTest_bsp//libucosii_bsp.a(alt_isatty.o)
 .debug_aranges
                0x000003e8       0x20 ../HardwareTest_bsp//libucosii_bsp.a(alt_load.o)
 .debug_aranges
                0x00000408       0x20 ../HardwareTest_bsp//libucosii_bsp.a(alt_lseek.o)
 .debug_aranges
                0x00000428       0x20 ../HardwareTest_bsp//libucosii_bsp.a(alt_main.o)
 .debug_aranges
                0x00000448       0x20 ../HardwareTest_bsp//libucosii_bsp.a(alt_read.o)
 .debug_aranges
                0x00000468       0x20 ../HardwareTest_bsp//libucosii_bsp.a(alt_release_fd.o)
 .debug_aranges
                0x00000488       0x20 ../HardwareTest_bsp//libucosii_bsp.a(alt_sbrk.o)
 .debug_aranges
                0x000004a8       0x20 ../HardwareTest_bsp//libucosii_bsp.a(alt_write.o)
 .debug_aranges
                0x000004c8       0x20 ../HardwareTest_bsp//libucosii_bsp.a(alt_env_lock.o)
 .debug_aranges
                0x000004e8       0x20 ../HardwareTest_bsp//libucosii_bsp.a(alt_malloc_lock.o)
 .debug_aranges
                0x00000508       0x20 ../HardwareTest_bsp//libucosii_bsp.a(os_core.o)
 .debug_aranges
                0x00000528       0x20 ../HardwareTest_bsp//libucosii_bsp.a(os_dbg.o)
 .debug_aranges
                0x00000548       0x20 ../HardwareTest_bsp//libucosii_bsp.a(os_flag.o)
 .debug_aranges
                0x00000568       0x20 ../HardwareTest_bsp//libucosii_bsp.a(os_mem.o)
 .debug_aranges
                0x00000588       0x20 ../HardwareTest_bsp//libucosii_bsp.a(os_q.o)
 .debug_aranges
                0x000005a8       0x20 ../HardwareTest_bsp//libucosii_bsp.a(os_sem.o)
 .debug_aranges
                0x000005c8       0x20 ../HardwareTest_bsp//libucosii_bsp.a(os_task.o)
 .debug_aranges
                0x000005e8       0x20 ../HardwareTest_bsp//libucosii_bsp.a(os_time.o)
 .debug_aranges
                0x00000608       0x20 ../HardwareTest_bsp//libucosii_bsp.a(alt_sys_init.o)
 .debug_aranges
                0x00000628       0x20 ../HardwareTest_bsp//libucosii_bsp.a(altera_avalon_jtag_uart_fd.o)
 .debug_aranges
                0x00000648       0x20 ../HardwareTest_bsp//libucosii_bsp.a(altera_avalon_jtag_uart_init.o)
 .debug_aranges
                0x00000668       0x20 ../HardwareTest_bsp//libucosii_bsp.a(altera_avalon_jtag_uart_ioctl.o)
 .debug_aranges
                0x00000688       0x20 ../HardwareTest_bsp//libucosii_bsp.a(altera_avalon_jtag_uart_read.o)
 .debug_aranges
                0x000006a8       0x20 ../HardwareTest_bsp//libucosii_bsp.a(altera_avalon_jtag_uart_write.o)
 .debug_aranges
                0x000006c8       0x20 ../HardwareTest_bsp//libucosii_bsp.a(altera_avalon_timer_sc.o)
 .debug_aranges
                0x000006e8       0x20 ../HardwareTest_bsp//libucosii_bsp.a(altera_up_avalon_character_lcd.o)
 .debug_aranges
                0x00000708       0x20 ../HardwareTest_bsp//libucosii_bsp.a(altera_up_avalon_rs232.o)
 .debug_aranges
                0x00000728       0x20 ../HardwareTest_bsp//libucosii_bsp.a(alt_alarm_start.o)
 .debug_aranges
                0x00000748       0x20 ../HardwareTest_bsp//libucosii_bsp.a(alt_dcache_flush_all.o)
 .debug_aranges
                0x00000768       0x20 ../HardwareTest_bsp//libucosii_bsp.a(alt_dev_llist_insert.o)
 .debug_aranges
                0x00000788       0x20 ../HardwareTest_bsp//libucosii_bsp.a(alt_do_ctors.o)
 .debug_aranges
                0x000007a8       0x20 ../HardwareTest_bsp//libucosii_bsp.a(alt_do_dtors.o)
 .debug_aranges
                0x000007c8       0x20 ../HardwareTest_bsp//libucosii_bsp.a(alt_find_dev.o)
 .debug_aranges
                0x000007e8       0x20 ../HardwareTest_bsp//libucosii_bsp.a(alt_icache_flush_all.o)
 .debug_aranges
                0x00000808       0x20 ../HardwareTest_bsp//libucosii_bsp.a(alt_io_redirect.o)
 .debug_aranges
                0x00000828       0x20 ../HardwareTest_bsp//libucosii_bsp.a(alt_irq_register.o)
 .debug_aranges
                0x00000848       0x20 ../HardwareTest_bsp//libucosii_bsp.a(alt_open.o)
 .debug_aranges
                0x00000868       0x20 ../HardwareTest_bsp//libucosii_bsp.a(alt_tick.o)
 .debug_aranges
                0x00000888       0x20 ../HardwareTest_bsp//libucosii_bsp.a(altera_nios2_qsys_irq.o)
 .debug_aranges
                0x000008a8       0x20 ../HardwareTest_bsp//libucosii_bsp.a(os_cpu_a.o)
 .debug_aranges
                0x000008c8       0x20 ../HardwareTest_bsp//libucosii_bsp.a(os_cpu_c.o)
 .debug_aranges
                0x000008e8       0x20 ../HardwareTest_bsp//libucosii_bsp.a(alt_find_file.o)
 .debug_aranges
                0x00000908       0x20 ../HardwareTest_bsp//libucosii_bsp.a(alt_get_fd.o)
 .debug_aranges
                0x00000928       0x30 ../HardwareTest_bsp//libucosii_bsp.a(alt_irq_entry.o)
 .debug_aranges
                0x00000958       0x28 ../HardwareTest_bsp//libucosii_bsp.a(alt_irq_handler.o)
 .debug_aranges
                0x00000980       0x38 ../HardwareTest_bsp//libucosii_bsp.a(alt_exception_entry.o)
 .debug_aranges
                0x000009b8       0x20 /OPT/altera/12.1/nios2eds/bin/gnu/H-i686-pc-linux-gnu/bin/../lib/gcc/nios2-elf/4.1.2/../../../../nios2-elf/lib/mno-hw-mul/libc.a(lib_a-atexit.o)
 .debug_aranges
                0x000009d8       0x20 /OPT/altera/12.1/nios2eds/bin/gnu/H-i686-pc-linux-gnu/bin/../lib/gcc/nios2-elf/4.1.2/../../../../nios2-elf/lib/mno-hw-mul/libc.a(lib_a-exit.o)
 .debug_aranges
                0x000009f8       0x20 /OPT/altera/12.1/nios2eds/bin/gnu/H-i686-pc-linux-gnu/bin/../lib/gcc/nios2-elf/4.1.2/../../../../nios2-elf/lib/mno-hw-mul/libc.a(lib_a-memcmp.o)
 .debug_aranges
                0x00000a18       0x20 /OPT/altera/12.1/nios2eds/bin/gnu/H-i686-pc-linux-gnu/bin/../lib/gcc/nios2-elf/4.1.2/../../../../nios2-elf/lib/mno-hw-mul/libc.a(lib_a-__atexit.o)
 .debug_aranges
                0x00000a38       0x20 /OPT/altera/12.1/nios2eds/bin/gnu/H-i686-pc-linux-gnu/bin/../lib/gcc/nios2-elf/4.1.2/../../../../nios2-elf/lib/mno-hw-mul/libc.a(lib_a-__call_atexit.o)
 .debug_aranges
                0x00000a58       0x20 /OPT/altera/12.1/nios2eds/bin/gnu/H-i686-pc-linux-gnu/bin/../lib/gcc/nios2-elf/4.1.2/mno-hw-mul/libgcc.a(lib2-divmod.o)
 .debug_aranges
                0x00000a78       0x20 ../HardwareTest_bsp//libucosii_bsp.a(alt_exit.o)

.debug_pubnames
                0x00000000     0x1d2a
 *(.debug_pubnames)
 .debug_pubnames
                0x00000000       0x40 obj/default/test.o
 .debug_pubnames
                0x00000040       0x27 /OPT/altera/12.1/nios2eds/bin/gnu/H-i686-pc-linux-gnu/bin/../lib/gcc/nios2-elf/4.1.2/../../../../nios2-elf/lib/mno-hw-mul/libc.a(lib_a-puts.o)
 .debug_pubnames
                0x00000067       0x1d /OPT/altera/12.1/nios2eds/bin/gnu/H-i686-pc-linux-gnu/bin/../lib/gcc/nios2-elf/4.1.2/../../../../nios2-elf/lib/mno-hw-mul/libc.a(lib_a-strlen.o)
 .debug_pubnames
                0x00000084       0x23 /OPT/altera/12.1/nios2eds/bin/gnu/H-i686-pc-linux-gnu/bin/../lib/gcc/nios2-elf/4.1.2/../../../../nios2-elf/lib/mno-hw-mul/libc.a(lib_a-fvwrite.o)
 .debug_pubnames
                0x000000a7       0x39 /OPT/altera/12.1/nios2eds/bin/gnu/H-i686-pc-linux-gnu/bin/../lib/gcc/nios2-elf/4.1.2/../../../../nios2-elf/lib/mno-hw-mul/libc.a(lib_a-impure.o)
 .debug_pubnames
                0x000000e0       0xce /OPT/altera/12.1/nios2eds/bin/gnu/H-i686-pc-linux-gnu/bin/../lib/gcc/nios2-elf/4.1.2/../../../../nios2-elf/lib/mno-hw-mul/libc.a(lib_a-mallocr.o)
 .debug_pubnames
                0x000001ae       0x1d /OPT/altera/12.1/nios2eds/bin/gnu/H-i686-pc-linux-gnu/bin/../lib/gcc/nios2-elf/4.1.2/../../../../nios2-elf/lib/mno-hw-mul/libc.a(lib_a-memchr.o)
 .debug_pubnames
                0x000001cb       0x1d /OPT/altera/12.1/nios2eds/bin/gnu/H-i686-pc-linux-gnu/bin/../lib/gcc/nios2-elf/4.1.2/../../../../nios2-elf/lib/mno-hw-mul/libc.a(lib_a-memcpy.o)
 .debug_pubnames
                0x000001e8       0x1e /OPT/altera/12.1/nios2eds/bin/gnu/H-i686-pc-linux-gnu/bin/../lib/gcc/nios2-elf/4.1.2/../../../../nios2-elf/lib/mno-hw-mul/libc.a(lib_a-memmove.o)
 .debug_pubnames
                0x00000206       0x21 /OPT/altera/12.1/nios2eds/bin/gnu/H-i686-pc-linux-gnu/bin/../lib/gcc/nios2-elf/4.1.2/../../../../nios2-elf/lib/mno-hw-mul/libc.a(lib_a-reallocr.o)
 .debug_pubnames
                0x00000227       0x1e /OPT/altera/12.1/nios2eds/bin/gnu/H-i686-pc-linux-gnu/bin/../lib/gcc/nios2-elf/4.1.2/../../../../nios2-elf/lib/mno-hw-mul/libc.a(lib_a-sbrkr.o)
 .debug_pubnames
                0x00000245       0x22 /OPT/altera/12.1/nios2eds/bin/gnu/H-i686-pc-linux-gnu/bin/../lib/gcc/nios2-elf/4.1.2/../../../../nios2-elf/lib/mno-hw-mul/libc.a(lib_a-wsetup.o)
 .debug_pubnames
                0x00000267       0x2b /OPT/altera/12.1/nios2eds/bin/gnu/H-i686-pc-linux-gnu/bin/../lib/gcc/nios2-elf/4.1.2/../../../../nios2-elf/lib/mno-hw-mul/libc.a(lib_a-fflush.o)
 .debug_pubnames
                0x00000292       0xdb /OPT/altera/12.1/nios2eds/bin/gnu/H-i686-pc-linux-gnu/bin/../lib/gcc/nios2-elf/4.1.2/../../../../nios2-elf/lib/mno-hw-mul/libc.a(lib_a-findfp.o)
 .debug_pubnames
                0x0000036d       0x31 /OPT/altera/12.1/nios2eds/bin/gnu/H-i686-pc-linux-gnu/bin/../lib/gcc/nios2-elf/4.1.2/../../../../nios2-elf/lib/mno-hw-mul/libc.a(lib_a-freer.o)
 .debug_pubnames
                0x0000039e       0x2e /OPT/altera/12.1/nios2eds/bin/gnu/H-i686-pc-linux-gnu/bin/../lib/gcc/nios2-elf/4.1.2/../../../../nios2-elf/lib/mno-hw-mul/libc.a(lib_a-fwalk.o)
 .debug_pubnames
                0x000003cc       0x1c /OPT/altera/12.1/nios2eds/bin/gnu/H-i686-pc-linux-gnu/bin/../lib/gcc/nios2-elf/4.1.2/../../../../nios2-elf/lib/mno-hw-mul/libc.a(lib_a-int_errno.o)
 .debug_pubnames
                0x000003e8       0x23 /OPT/altera/12.1/nios2eds/bin/gnu/H-i686-pc-linux-gnu/bin/../lib/gcc/nios2-elf/4.1.2/../../../../nios2-elf/lib/mno-hw-mul/libc.a(lib_a-makebuf.o)
 .debug_pubnames
                0x0000040b       0x1d /OPT/altera/12.1/nios2eds/bin/gnu/H-i686-pc-linux-gnu/bin/../lib/gcc/nios2-elf/4.1.2/../../../../nios2-elf/lib/mno-hw-mul/libc.a(lib_a-memset.o)
 .debug_pubnames
                0x00000428       0x44 /OPT/altera/12.1/nios2eds/bin/gnu/H-i686-pc-linux-gnu/bin/../lib/gcc/nios2-elf/4.1.2/../../../../nios2-elf/lib/mno-hw-mul/libc.a(lib_a-stdio.o)
 .debug_pubnames
                0x0000046c       0x1f /OPT/altera/12.1/nios2eds/bin/gnu/H-i686-pc-linux-gnu/bin/../lib/gcc/nios2-elf/4.1.2/../../../../nios2-elf/lib/mno-hw-mul/libc.a(lib_a-writer.o)
 .debug_pubnames
                0x0000048b       0x1f /OPT/altera/12.1/nios2eds/bin/gnu/H-i686-pc-linux-gnu/bin/../lib/gcc/nios2-elf/4.1.2/../../../../nios2-elf/lib/mno-hw-mul/libc.a(lib_a-closer.o)
 .debug_pubnames
                0x000004aa       0x2b /OPT/altera/12.1/nios2eds/bin/gnu/H-i686-pc-linux-gnu/bin/../lib/gcc/nios2-elf/4.1.2/../../../../nios2-elf/lib/mno-hw-mul/libc.a(lib_a-fclose.o)
 .debug_pubnames
                0x000004d5       0x1f /OPT/altera/12.1/nios2eds/bin/gnu/H-i686-pc-linux-gnu/bin/../lib/gcc/nios2-elf/4.1.2/../../../../nios2-elf/lib/mno-hw-mul/libc.a(lib_a-fstatr.o)
 .debug_pubnames
                0x000004f4       0x20 /OPT/altera/12.1/nios2eds/bin/gnu/H-i686-pc-linux-gnu/bin/../lib/gcc/nios2-elf/4.1.2/../../../../nios2-elf/lib/mno-hw-mul/libc.a(lib_a-isattyr.o)
 .debug_pubnames
                0x00000514       0x1f /OPT/altera/12.1/nios2eds/bin/gnu/H-i686-pc-linux-gnu/bin/../lib/gcc/nios2-elf/4.1.2/../../../../nios2-elf/lib/mno-hw-mul/libc.a(lib_a-lseekr.o)
 .debug_pubnames
                0x00000533       0x1e /OPT/altera/12.1/nios2eds/bin/gnu/H-i686-pc-linux-gnu/bin/../lib/gcc/nios2-elf/4.1.2/../../../../nios2-elf/lib/mno-hw-mul/libc.a(lib_a-readr.o)
 .debug_pubnames
                0x00000551       0x1f /OPT/altera/12.1/nios2eds/bin/gnu/H-i686-pc-linux-gnu/bin/../lib/gcc/nios2-elf/4.1.2/mno-hw-mul/libgcc.a(lib2-mul.o)
 .debug_pubnames